
As-needed library included to satisfy reference by file (symbol)

libarsal.so                   /home/dima/ROS_Projects/miniardrone_ws/devel/arsdk/out/arsdk-native/build/libARDataTransfer/obj/Sources/ARDATATRANSFER_MediasDownloader.c.o (ARSAL_Mutex_Destroy)
libardiscovery.so             /home/dima/ROS_Projects/miniardrone_ws/devel/arsdk/out/arsdk-native/build/libARDataTransfer/obj/Sources/ARDATATRANSFER_DataDownloader.c.o (ARDISCOVERY_getProductPathName)
libarutils.so                 /home/dima/ROS_Projects/miniardrone_ws/devel/arsdk/out/arsdk-native/build/libARDataTransfer/obj/Sources/ARDATATRANSFER_DataDownloader.c.o (ARUTILS_Manager_Ftp_Rename)
libpthread.so.0               /home/dima/ROS_Projects/miniardrone_ws/devel/arsdk/out/arsdk-native/build/libARDataTransfer/obj/Sources/ARDATATRANSFER_DataDownloader.c.o (__errno_location@@GLIBC_2.2.5)
libc.so.6                     /home/dima/ROS_Projects/miniardrone_ws/devel/arsdk/out/arsdk-native/build/libARDataTransfer/obj/Sources/ARDATATRANSFER_DataDownloader.c.o (readdir@@GLIBC_2.2.5)

Discarded input sections

 .text          0x0000000000000000        0x0 /usr/lib/gcc/x86_64-linux-gnu/5/../../../x86_64-linux-gnu/crti.o
 .data          0x0000000000000000        0x0 /usr/lib/gcc/x86_64-linux-gnu/5/../../../x86_64-linux-gnu/crti.o
 .bss           0x0000000000000000        0x0 /usr/lib/gcc/x86_64-linux-gnu/5/../../../x86_64-linux-gnu/crti.o
 .note.GNU-stack
                0x0000000000000000        0x0 /usr/lib/gcc/x86_64-linux-gnu/5/../../../x86_64-linux-gnu/crti.o
 .data          0x0000000000000000        0x0 /usr/lib/gcc/x86_64-linux-gnu/5/crtbeginS.o
 .text.unlikely
                0x0000000000000000        0x0 /usr/lib/gcc/x86_64-linux-gnu/5/crtbeginS.o
 .note.GNU-stack
                0x0000000000000000        0x0 /usr/lib/gcc/x86_64-linux-gnu/5/crtbeginS.o
 .text          0x0000000000000000        0x0 /home/dima/ROS_Projects/miniardrone_ws/devel/arsdk/out/arsdk-native/build/libARDataTransfer/obj/Sources/ARDATATRANSFER_DataDownloader.c.o
 .data          0x0000000000000000        0x0 /home/dima/ROS_Projects/miniardrone_ws/devel/arsdk/out/arsdk-native/build/libARDataTransfer/obj/Sources/ARDATATRANSFER_DataDownloader.c.o
 .text.unlikely.ARDATATRANSFER_DataDownloader_UsedMemoryCallback
                0x0000000000000000        0x0 /home/dima/ROS_Projects/miniardrone_ws/devel/arsdk/out/arsdk-native/build/libARDataTransfer/obj/Sources/ARDATATRANSFER_DataDownloader.c.o
 .text.unlikely.ARDATATRANSFER_DataDownloader_RemoveDataCallback
                0x0000000000000000        0x0 /home/dima/ROS_Projects/miniardrone_ws/devel/arsdk/out/arsdk-native/build/libARDataTransfer/obj/Sources/ARDATATRANSFER_DataDownloader.c.o
 .text.unlikely.ARDATATRANSFER_DataDownloader_CancelAvailableFiles
                0x0000000000000000        0x0 /home/dima/ROS_Projects/miniardrone_ws/devel/arsdk/out/arsdk-native/build/libARDataTransfer/obj/Sources/ARDATATRANSFER_DataDownloader.c.o
 .text.unlikely.ARDATATRANSFER_DataDownloader_CancelThread
                0x0000000000000000        0x0 /home/dima/ROS_Projects/miniardrone_ws/devel/arsdk/out/arsdk-native/build/libARDataTransfer/obj/Sources/ARDATATRANSFER_DataDownloader.c.o
 .text.unlikely.ARDATATRANSFER_DataDownloader_Initialize
                0x0000000000000000        0x0 /home/dima/ROS_Projects/miniardrone_ws/devel/arsdk/out/arsdk-native/build/libARDataTransfer/obj/Sources/ARDATATRANSFER_DataDownloader.c.o
 .text.unlikely.ARDATATRANSFER_DataDownloader_Clear
                0x0000000000000000        0x0 /home/dima/ROS_Projects/miniardrone_ws/devel/arsdk/out/arsdk-native/build/libARDataTransfer/obj/Sources/ARDATATRANSFER_DataDownloader.c.o
 .text.unlikely.ARDATATRANSFER_DataDownloader_Delete
                0x0000000000000000        0x0 /home/dima/ROS_Projects/miniardrone_ws/devel/arsdk/out/arsdk-native/build/libARDataTransfer/obj/Sources/ARDATATRANSFER_DataDownloader.c.o
 .text.unlikely.ARDATATRANSFER_DataDownloader_New
                0x0000000000000000        0x0 /home/dima/ROS_Projects/miniardrone_ws/devel/arsdk/out/arsdk-native/build/libARDataTransfer/obj/Sources/ARDATATRANSFER_DataDownloader.c.o
 .text.unlikely.ARDATATRANSFER_DataDownloader_CompareFileExtension
                0x0000000000000000        0x0 /home/dima/ROS_Projects/miniardrone_ws/devel/arsdk/out/arsdk-native/build/libARDataTransfer/obj/Sources/ARDATATRANSFER_DataDownloader.c.o
 .text.unlikely.ARDATATRANSFER_DataDownloader_GetAvailableFiles
                0x0000000000000000        0x0 /home/dima/ROS_Projects/miniardrone_ws/devel/arsdk/out/arsdk-native/build/libARDataTransfer/obj/Sources/ARDATATRANSFER_DataDownloader.c.o
 .text.unlikely.ARDATATRANSFER_DataDownloader_DownloadPudFiles
                0x0000000000000000        0x0 /home/dima/ROS_Projects/miniardrone_ws/devel/arsdk/out/arsdk-native/build/libARDataTransfer/obj/Sources/ARDATATRANSFER_DataDownloader.c.o
 .text.unlikely.ARDATATRANSFER_DataDownloader_CheckUsedMemory
                0x0000000000000000        0x0 /home/dima/ROS_Projects/miniardrone_ws/devel/arsdk/out/arsdk-native/build/libARDataTransfer/obj/Sources/ARDATATRANSFER_DataDownloader.c.o
 .text.unlikely.ARDATATRANSFER_DataDownloader_GetCrashReportIndex
                0x0000000000000000        0x0 /home/dima/ROS_Projects/miniardrone_ws/devel/arsdk/out/arsdk-native/build/libARDataTransfer/obj/Sources/ARDATATRANSFER_DataDownloader.c.o
 .text.unlikely.ARDATATRANSFER_DataDownloader_RemoveRemoteDir
                0x0000000000000000        0x0 /home/dima/ROS_Projects/miniardrone_ws/devel/arsdk/out/arsdk-native/build/libARDataTransfer/obj/Sources/ARDATATRANSFER_DataDownloader.c.o
 .text.unlikely.ARDATATRANSFER_DataDownloader_DownloadCrashReports
                0x0000000000000000        0x0 /home/dima/ROS_Projects/miniardrone_ws/devel/arsdk/out/arsdk-native/build/libARDataTransfer/obj/Sources/ARDATATRANSFER_DataDownloader.c.o
 .text.unlikely.ARDATATRANSFER_DataDownloader_ThreadRun
                0x0000000000000000        0x0 /home/dima/ROS_Projects/miniardrone_ws/devel/arsdk/out/arsdk-native/build/libARDataTransfer/obj/Sources/ARDATATRANSFER_DataDownloader.c.o
 .note.GNU-stack
                0x0000000000000000        0x0 /home/dima/ROS_Projects/miniardrone_ws/devel/arsdk/out/arsdk-native/build/libARDataTransfer/obj/Sources/ARDATATRANSFER_DataDownloader.c.o
 .text          0x0000000000000000        0x0 /home/dima/ROS_Projects/miniardrone_ws/devel/arsdk/out/arsdk-native/build/libARDataTransfer/obj/Sources/ARDATATRANSFER_Downloader.c.o
 .data          0x0000000000000000        0x0 /home/dima/ROS_Projects/miniardrone_ws/devel/arsdk/out/arsdk-native/build/libARDataTransfer/obj/Sources/ARDATATRANSFER_Downloader.c.o
 .bss           0x0000000000000000        0x0 /home/dima/ROS_Projects/miniardrone_ws/devel/arsdk/out/arsdk-native/build/libARDataTransfer/obj/Sources/ARDATATRANSFER_Downloader.c.o
 .text.unlikely.ARDATATRANSFER_Downloader_Ftp_ProgressCallback
                0x0000000000000000        0x0 /home/dima/ROS_Projects/miniardrone_ws/devel/arsdk/out/arsdk-native/build/libARDataTransfer/obj/Sources/ARDATATRANSFER_Downloader.c.o
 .text.unlikely.ARDATATRANSFER_Downloader_New
                0x0000000000000000        0x0 /home/dima/ROS_Projects/miniardrone_ws/devel/arsdk/out/arsdk-native/build/libARDataTransfer/obj/Sources/ARDATATRANSFER_Downloader.c.o
 .text.unlikely.ARDATATRANSFER_Downloader_Delete
                0x0000000000000000        0x0 /home/dima/ROS_Projects/miniardrone_ws/devel/arsdk/out/arsdk-native/build/libARDataTransfer/obj/Sources/ARDATATRANSFER_Downloader.c.o
 .text.unlikely.ARDATATRANSFER_Downloader_GetSize
                0x0000000000000000        0x0 /home/dima/ROS_Projects/miniardrone_ws/devel/arsdk/out/arsdk-native/build/libARDataTransfer/obj/Sources/ARDATATRANSFER_Downloader.c.o
 .text.unlikely.ARDATATRANSFER_Downloader_ThreadRun
                0x0000000000000000        0x0 /home/dima/ROS_Projects/miniardrone_ws/devel/arsdk/out/arsdk-native/build/libARDataTransfer/obj/Sources/ARDATATRANSFER_Downloader.c.o
 .text.unlikely.ARDATATRANSFER_Downloader_CancelThread
                0x0000000000000000        0x0 /home/dima/ROS_Projects/miniardrone_ws/devel/arsdk/out/arsdk-native/build/libARDataTransfer/obj/Sources/ARDATATRANSFER_Downloader.c.o
 .note.GNU-stack
                0x0000000000000000        0x0 /home/dima/ROS_Projects/miniardrone_ws/devel/arsdk/out/arsdk-native/build/libARDataTransfer/obj/Sources/ARDATATRANSFER_Downloader.c.o
 .text          0x0000000000000000        0x0 /home/dima/ROS_Projects/miniardrone_ws/devel/arsdk/out/arsdk-native/build/libARDataTransfer/obj/Sources/ARDATATRANSFER_Manager.c.o
 .data          0x0000000000000000        0x0 /home/dima/ROS_Projects/miniardrone_ws/devel/arsdk/out/arsdk-native/build/libARDataTransfer/obj/Sources/ARDATATRANSFER_Manager.c.o
 .bss           0x0000000000000000        0x0 /home/dima/ROS_Projects/miniardrone_ws/devel/arsdk/out/arsdk-native/build/libARDataTransfer/obj/Sources/ARDATATRANSFER_Manager.c.o
 .text.unlikely.ARDATATRANSFER_Manager_Delete
                0x0000000000000000        0x0 /home/dima/ROS_Projects/miniardrone_ws/devel/arsdk/out/arsdk-native/build/libARDataTransfer/obj/Sources/ARDATATRANSFER_Manager.c.o
 .text.unlikely.ARDATATRANSFER_Manager_New
                0x0000000000000000        0x0 /home/dima/ROS_Projects/miniardrone_ws/devel/arsdk/out/arsdk-native/build/libARDataTransfer/obj/Sources/ARDATATRANSFER_Manager.c.o
 .note.GNU-stack
                0x0000000000000000        0x0 /home/dima/ROS_Projects/miniardrone_ws/devel/arsdk/out/arsdk-native/build/libARDataTransfer/obj/Sources/ARDATATRANSFER_Manager.c.o
 .text          0x0000000000000000        0x0 /home/dima/ROS_Projects/miniardrone_ws/devel/arsdk/out/arsdk-native/build/libARDataTransfer/obj/Sources/ARDATATRANSFER_MediasDownloader.c.o
 .data          0x0000000000000000        0x0 /home/dima/ROS_Projects/miniardrone_ws/devel/arsdk/out/arsdk-native/build/libARDataTransfer/obj/Sources/ARDATATRANSFER_MediasDownloader.c.o
 .bss           0x0000000000000000        0x0 /home/dima/ROS_Projects/miniardrone_ws/devel/arsdk/out/arsdk-native/build/libARDataTransfer/obj/Sources/ARDATATRANSFER_MediasDownloader.c.o
 .text.unlikely.ARDATATRANSFER_MediasDownloader_FtpProgressCallback
                0x0000000000000000        0x0 /home/dima/ROS_Projects/miniardrone_ws/devel/arsdk/out/arsdk-native/build/libARDataTransfer/obj/Sources/ARDATATRANSFER_MediasDownloader.c.o
 .text.unlikely.ARDATATRANSFER_MediasDownloader_GetAvailableMediaAtIndex
                0x0000000000000000        0x0 /home/dima/ROS_Projects/miniardrone_ws/devel/arsdk/out/arsdk-native/build/libARDataTransfer/obj/Sources/ARDATATRANSFER_MediasDownloader.c.o
 .text.unlikely.ARDATATRANSFER_MediasDownloader_AddMediaToQueue
                0x0000000000000000        0x0 /home/dima/ROS_Projects/miniardrone_ws/devel/arsdk/out/arsdk-native/build/libARDataTransfer/obj/Sources/ARDATATRANSFER_MediasDownloader.c.o
 .text.unlikely.ARDATATRANSFER_MediasDownloader_ResetQueueThread
                0x0000000000000000        0x0 /home/dima/ROS_Projects/miniardrone_ws/devel/arsdk/out/arsdk-native/build/libARDataTransfer/obj/Sources/ARDATATRANSFER_MediasDownloader.c.o
 .text.unlikely.ARDATATRANSFER_MediasDownloader_CancelQueueThread
                0x0000000000000000        0x0 /home/dima/ROS_Projects/miniardrone_ws/devel/arsdk/out/arsdk-native/build/libARDataTransfer/obj/Sources/ARDATATRANSFER_MediasDownloader.c.o
 .text.unlikely.ARDATATRANSFER_MediasDownloader_ResetGetAvailableMedias
                0x0000000000000000        0x0 /home/dima/ROS_Projects/miniardrone_ws/devel/arsdk/out/arsdk-native/build/libARDataTransfer/obj/Sources/ARDATATRANSFER_MediasDownloader.c.o
 .text.unlikely.ARDATATRANSFER_MediasDownloader_CancelGetAvailableMedias
                0x0000000000000000        0x0 /home/dima/ROS_Projects/miniardrone_ws/devel/arsdk/out/arsdk-native/build/libARDataTransfer/obj/Sources/ARDATATRANSFER_MediasDownloader.c.o
 .text.unlikely.ARDATATRANSFER_MediasDownloader_Initialize
                0x0000000000000000        0x0 /home/dima/ROS_Projects/miniardrone_ws/devel/arsdk/out/arsdk-native/build/libARDataTransfer/obj/Sources/ARDATATRANSFER_MediasDownloader.c.o
 .text.unlikely.ARDATATRANSFER_MediasDownloader_Clear
                0x0000000000000000        0x0 /home/dima/ROS_Projects/miniardrone_ws/devel/arsdk/out/arsdk-native/build/libARDataTransfer/obj/Sources/ARDATATRANSFER_MediasDownloader.c.o
 .text.unlikely.ARDATATRANSFER_MediasDownloader_GetThumbnail
                0x0000000000000000        0x0 /home/dima/ROS_Projects/miniardrone_ws/devel/arsdk/out/arsdk-native/build/libARDataTransfer/obj/Sources/ARDATATRANSFER_MediasDownloader.c.o
 .text.unlikely.ARDATATRANSFER_MediasDownloader_DownloadMedia
                0x0000000000000000        0x0 /home/dima/ROS_Projects/miniardrone_ws/devel/arsdk/out/arsdk-native/build/libARDataTransfer/obj/Sources/ARDATATRANSFER_MediasDownloader.c.o
 .text.unlikely.ARDATATRANSFER_MediasDownloader_QueueThreadRun
                0x0000000000000000        0x0 /home/dima/ROS_Projects/miniardrone_ws/devel/arsdk/out/arsdk-native/build/libARDataTransfer/obj/Sources/ARDATATRANSFER_MediasDownloader.c.o
 .text.unlikely.ARDATATRANSFER_MediasDownloader_RemoveMediaFromMediaList
                0x0000000000000000        0x0 /home/dima/ROS_Projects/miniardrone_ws/devel/arsdk/out/arsdk-native/build/libARDataTransfer/obj/Sources/ARDATATRANSFER_MediasDownloader.c.o
 .text.unlikely.ARDATATRANSFER_MediasDownloader_DeleteMedia
                0x0000000000000000        0x0 /home/dima/ROS_Projects/miniardrone_ws/devel/arsdk/out/arsdk-native/build/libARDataTransfer/obj/Sources/ARDATATRANSFER_MediasDownloader.c.o
 .text.unlikely.ARDATATRANSFER_MediasDownloader_FreeMediaList
                0x0000000000000000        0x0 /home/dima/ROS_Projects/miniardrone_ws/devel/arsdk/out/arsdk-native/build/libARDataTransfer/obj/Sources/ARDATATRANSFER_MediasDownloader.c.o
 .text.unlikely.ARDATATRANSFER_MediasDownloader_Delete
                0x0000000000000000        0x0 /home/dima/ROS_Projects/miniardrone_ws/devel/arsdk/out/arsdk-native/build/libARDataTransfer/obj/Sources/ARDATATRANSFER_MediasDownloader.c.o
 .text.unlikely.ARDATATRANSFER_MediasDownloader_New
                0x0000000000000000        0x0 /home/dima/ROS_Projects/miniardrone_ws/devel/arsdk/out/arsdk-native/build/libARDataTransfer/obj/Sources/ARDATATRANSFER_MediasDownloader.c.o
 .text.unlikely.ARDATATRANSFER_MediasDownloader_GetAvailableMediasSync
                0x0000000000000000        0x0 /home/dima/ROS_Projects/miniardrone_ws/devel/arsdk/out/arsdk-native/build/libARDataTransfer/obj/Sources/ARDATATRANSFER_MediasDownloader.c.o
 .text.unlikely.ARDATATRANSFER_MediasDownloader_GetAvailableMediasAsync
                0x0000000000000000        0x0 /home/dima/ROS_Projects/miniardrone_ws/devel/arsdk/out/arsdk-native/build/libARDataTransfer/obj/Sources/ARDATATRANSFER_MediasDownloader.c.o
 .note.GNU-stack
                0x0000000000000000        0x0 /home/dima/ROS_Projects/miniardrone_ws/devel/arsdk/out/arsdk-native/build/libARDataTransfer/obj/Sources/ARDATATRANSFER_MediasDownloader.c.o
 .text          0x0000000000000000        0x0 /home/dima/ROS_Projects/miniardrone_ws/devel/arsdk/out/arsdk-native/build/libARDataTransfer/obj/Sources/ARDATATRANSFER_MediasQueue.c.o
 .data          0x0000000000000000        0x0 /home/dima/ROS_Projects/miniardrone_ws/devel/arsdk/out/arsdk-native/build/libARDataTransfer/obj/Sources/ARDATATRANSFER_MediasQueue.c.o
 .bss           0x0000000000000000        0x0 /home/dima/ROS_Projects/miniardrone_ws/devel/arsdk/out/arsdk-native/build/libARDataTransfer/obj/Sources/ARDATATRANSFER_MediasQueue.c.o
 .text.unlikely.ARDATATRANSFER_MediasQueue_Delete
                0x0000000000000000        0x0 /home/dima/ROS_Projects/miniardrone_ws/devel/arsdk/out/arsdk-native/build/libARDataTransfer/obj/Sources/ARDATATRANSFER_MediasQueue.c.o
 .text.unlikely.ARDATATRANSFER_MediasQueue_New
                0x0000000000000000        0x0 /home/dima/ROS_Projects/miniardrone_ws/devel/arsdk/out/arsdk-native/build/libARDataTransfer/obj/Sources/ARDATATRANSFER_MediasQueue.c.o
 .text.unlikely.ARDATATRANSFER_MediasQueue_RemoveAll
                0x0000000000000000        0x0 /home/dima/ROS_Projects/miniardrone_ws/devel/arsdk/out/arsdk-native/build/libARDataTransfer/obj/Sources/ARDATATRANSFER_MediasQueue.c.o
 .text.unlikely.ARDATATRANSFER_MediasQueue_Pop
                0x0000000000000000        0x0 /home/dima/ROS_Projects/miniardrone_ws/devel/arsdk/out/arsdk-native/build/libARDataTransfer/obj/Sources/ARDATATRANSFER_MediasQueue.c.o
 .text.unlikely.ARDATATRANSFER_MediasQueue_GetFreeIndex
                0x0000000000000000        0x0 /home/dima/ROS_Projects/miniardrone_ws/devel/arsdk/out/arsdk-native/build/libARDataTransfer/obj/Sources/ARDATATRANSFER_MediasQueue.c.o
 .text.unlikely.ARDATATRANSFER_MediasQueue_Add
                0x0000000000000000        0x0 /home/dima/ROS_Projects/miniardrone_ws/devel/arsdk/out/arsdk-native/build/libARDataTransfer/obj/Sources/ARDATATRANSFER_MediasQueue.c.o
 .note.GNU-stack
                0x0000000000000000        0x0 /home/dima/ROS_Projects/miniardrone_ws/devel/arsdk/out/arsdk-native/build/libARDataTransfer/obj/Sources/ARDATATRANSFER_MediasQueue.c.o
 .text          0x0000000000000000        0x0 /home/dima/ROS_Projects/miniardrone_ws/devel/arsdk/out/arsdk-native/build/libARDataTransfer/obj/Sources/ARDATATRANSFER_Uploader.c.o
 .data          0x0000000000000000        0x0 /home/dima/ROS_Projects/miniardrone_ws/devel/arsdk/out/arsdk-native/build/libARDataTransfer/obj/Sources/ARDATATRANSFER_Uploader.c.o
 .bss           0x0000000000000000        0x0 /home/dima/ROS_Projects/miniardrone_ws/devel/arsdk/out/arsdk-native/build/libARDataTransfer/obj/Sources/ARDATATRANSFER_Uploader.c.o
 .text.unlikely.ARDATATRANSFER_Uploader_Ftp_ProgressCallback
                0x0000000000000000        0x0 /home/dima/ROS_Projects/miniardrone_ws/devel/arsdk/out/arsdk-native/build/libARDataTransfer/obj/Sources/ARDATATRANSFER_Uploader.c.o
 .text.unlikely.ARDATATRANSFER_Uploader_New
                0x0000000000000000        0x0 /home/dima/ROS_Projects/miniardrone_ws/devel/arsdk/out/arsdk-native/build/libARDataTransfer/obj/Sources/ARDATATRANSFER_Uploader.c.o
 .text.unlikely.ARDATATRANSFER_Uploader_Delete
                0x0000000000000000        0x0 /home/dima/ROS_Projects/miniardrone_ws/devel/arsdk/out/arsdk-native/build/libARDataTransfer/obj/Sources/ARDATATRANSFER_Uploader.c.o
 .text.unlikely.ARDATATRANSFER_Uploader_ThreadRun
                0x0000000000000000        0x0 /home/dima/ROS_Projects/miniardrone_ws/devel/arsdk/out/arsdk-native/build/libARDataTransfer/obj/Sources/ARDATATRANSFER_Uploader.c.o
 .text.unlikely.ARDATATRANSFER_Uploader_CancelThread
                0x0000000000000000        0x0 /home/dima/ROS_Projects/miniardrone_ws/devel/arsdk/out/arsdk-native/build/libARDataTransfer/obj/Sources/ARDATATRANSFER_Uploader.c.o
 .text.unlikely.ARDATATRANSFER_Uploader_Rename
                0x0000000000000000        0x0 /home/dima/ROS_Projects/miniardrone_ws/devel/arsdk/out/arsdk-native/build/libARDataTransfer/obj/Sources/ARDATATRANSFER_Uploader.c.o
 .note.GNU-stack
                0x0000000000000000        0x0 /home/dima/ROS_Projects/miniardrone_ws/devel/arsdk/out/arsdk-native/build/libARDataTransfer/obj/Sources/ARDATATRANSFER_Uploader.c.o
 .text          0x0000000000000000        0x0 /home/dima/ROS_Projects/miniardrone_ws/devel/arsdk/out/arsdk-native/build/libARDataTransfer/obj/gen/Sources/ARDATATRANSFER_Error.c.o
 .data          0x0000000000000000        0x0 /home/dima/ROS_Projects/miniardrone_ws/devel/arsdk/out/arsdk-native/build/libARDataTransfer/obj/gen/Sources/ARDATATRANSFER_Error.c.o
 .bss           0x0000000000000000        0x0 /home/dima/ROS_Projects/miniardrone_ws/devel/arsdk/out/arsdk-native/build/libARDataTransfer/obj/gen/Sources/ARDATATRANSFER_Error.c.o
 .text.unlikely.ARDATATRANSFER_Error_ToString
                0x0000000000000000        0x0 /home/dima/ROS_Projects/miniardrone_ws/devel/arsdk/out/arsdk-native/build/libARDataTransfer/obj/gen/Sources/ARDATATRANSFER_Error.c.o
 .note.GNU-stack
                0x0000000000000000        0x0 /home/dima/ROS_Projects/miniardrone_ws/devel/arsdk/out/arsdk-native/build/libARDataTransfer/obj/gen/Sources/ARDATATRANSFER_Error.c.o
 .text          0x0000000000000000        0x0 /usr/lib/gcc/x86_64-linux-gnu/5/crtendS.o
 .data          0x0000000000000000        0x0 /usr/lib/gcc/x86_64-linux-gnu/5/crtendS.o
 .bss           0x0000000000000000        0x0 /usr/lib/gcc/x86_64-linux-gnu/5/crtendS.o
 .note.GNU-stack
                0x0000000000000000        0x0 /usr/lib/gcc/x86_64-linux-gnu/5/crtendS.o
 .text          0x0000000000000000        0x0 /usr/lib/gcc/x86_64-linux-gnu/5/../../../x86_64-linux-gnu/crtn.o
 .data          0x0000000000000000        0x0 /usr/lib/gcc/x86_64-linux-gnu/5/../../../x86_64-linux-gnu/crtn.o
 .bss           0x0000000000000000        0x0 /usr/lib/gcc/x86_64-linux-gnu/5/../../../x86_64-linux-gnu/crtn.o
 .note.GNU-stack
                0x0000000000000000        0x0 /usr/lib/gcc/x86_64-linux-gnu/5/../../../x86_64-linux-gnu/crtn.o

Memory Configuration

Name             Origin             Length             Attributes
*default*        0x0000000000000000 0xffffffffffffffff

Linker script and memory map

LOAD /usr/lib/gcc/x86_64-linux-gnu/5/../../../x86_64-linux-gnu/crti.o
LOAD /usr/lib/gcc/x86_64-linux-gnu/5/crtbeginS.o
LOAD /home/dima/ROS_Projects/miniardrone_ws/devel/arsdk/out/arsdk-native/build/libARDataTransfer/obj/Sources/ARDATATRANSFER_DataDownloader.c.o
LOAD /home/dima/ROS_Projects/miniardrone_ws/devel/arsdk/out/arsdk-native/build/libARDataTransfer/obj/Sources/ARDATATRANSFER_Downloader.c.o
LOAD /home/dima/ROS_Projects/miniardrone_ws/devel/arsdk/out/arsdk-native/build/libARDataTransfer/obj/Sources/ARDATATRANSFER_Manager.c.o
LOAD /home/dima/ROS_Projects/miniardrone_ws/devel/arsdk/out/arsdk-native/build/libARDataTransfer/obj/Sources/ARDATATRANSFER_MediasDownloader.c.o
LOAD /home/dima/ROS_Projects/miniardrone_ws/devel/arsdk/out/arsdk-native/build/libARDataTransfer/obj/Sources/ARDATATRANSFER_MediasQueue.c.o
LOAD /home/dima/ROS_Projects/miniardrone_ws/devel/arsdk/out/arsdk-native/build/libARDataTransfer/obj/Sources/ARDATATRANSFER_Uploader.c.o
LOAD /home/dima/ROS_Projects/miniardrone_ws/devel/arsdk/out/arsdk-native/build/libARDataTransfer/obj/gen/Sources/ARDATATRANSFER_Error.c.o
LOAD /home/dima/ROS_Projects/miniardrone_ws/devel/arsdk/out/arsdk-native/staging/usr/lib/libarsal.so
LOAD /home/dima/ROS_Projects/miniardrone_ws/devel/arsdk/out/arsdk-native/staging/usr/lib/libardiscovery.so
LOAD /home/dima/ROS_Projects/miniardrone_ws/devel/arsdk/out/arsdk-native/staging/usr/lib/libarcommands.so
LOAD /home/dima/ROS_Projects/miniardrone_ws/devel/arsdk/out/arsdk-native/staging/usr/lib/libarutils.so
LOAD /usr/lib/gcc/x86_64-linux-gnu/5/../../../x86_64-linux-gnu/librt.so
LOAD /usr/lib/gcc/x86_64-linux-gnu/5/libstdc++.so
LOAD /usr/lib/gcc/x86_64-linux-gnu/5/../../../x86_64-linux-gnu/libm.so
START GROUP
LOAD /lib/x86_64-linux-gnu/libm.so.6
LOAD /usr/lib/x86_64-linux-gnu/libmvec_nonshared.a
LOAD /lib/x86_64-linux-gnu/libmvec.so.1
END GROUP
LOAD /usr/lib/gcc/x86_64-linux-gnu/5/libgcc_s.so
LOAD /usr/lib/gcc/x86_64-linux-gnu/5/../../../x86_64-linux-gnu/libpthread.so
START GROUP
LOAD /lib/x86_64-linux-gnu/libpthread.so.0
LOAD /usr/lib/x86_64-linux-gnu/libpthread_nonshared.a
END GROUP
LOAD /usr/lib/gcc/x86_64-linux-gnu/5/../../../x86_64-linux-gnu/libc.so
START GROUP
LOAD /lib/x86_64-linux-gnu/libc.so.6
LOAD /usr/lib/x86_64-linux-gnu/libc_nonshared.a
LOAD /lib/x86_64-linux-gnu/ld-linux-x86-64.so.2
END GROUP
LOAD /usr/lib/gcc/x86_64-linux-gnu/5/libgcc_s.so
LOAD /usr/lib/gcc/x86_64-linux-gnu/5/crtendS.o
LOAD /usr/lib/gcc/x86_64-linux-gnu/5/../../../x86_64-linux-gnu/crtn.o
                0x00000000000001c8                . = (0x0 + SIZEOF_HEADERS)

.note.gnu.build-id
                0x00000000000001c8       0x24
 *(.note.gnu.build-id)
 .note.gnu.build-id
                0x00000000000001c8       0x24 /usr/lib/gcc/x86_64-linux-gnu/5/../../../x86_64-linux-gnu/crti.o

.hash
 *(.hash)

.gnu.hash       0x00000000000001f0      0x1c4
 *(.gnu.hash)
 .gnu.hash      0x00000000000001f0      0x1c4 /usr/lib/gcc/x86_64-linux-gnu/5/../../../x86_64-linux-gnu/crti.o

.dynsym         0x00000000000003b8      0xb70
 *(.dynsym)
 .dynsym        0x00000000000003b8      0xb70 /usr/lib/gcc/x86_64-linux-gnu/5/../../../x86_64-linux-gnu/crti.o

.dynstr         0x0000000000000f28      0xe49
 *(.dynstr)
 .dynstr        0x0000000000000f28      0xe49 /usr/lib/gcc/x86_64-linux-gnu/5/../../../x86_64-linux-gnu/crti.o

.gnu.version    0x0000000000001d72       0xf4
 *(.gnu.version)
 .gnu.version   0x0000000000001d72       0xf4 /usr/lib/gcc/x86_64-linux-gnu/5/../../../x86_64-linux-gnu/crti.o

.gnu.version_d  0x0000000000001e68        0x0
 *(.gnu.version_d)
 .gnu.version_d
                0x0000000000001e68        0x0 /usr/lib/gcc/x86_64-linux-gnu/5/../../../x86_64-linux-gnu/crti.o

.gnu.version_r  0x0000000000001e68       0x70
 *(.gnu.version_r)
 .gnu.version_r
                0x0000000000001e68       0x70 /usr/lib/gcc/x86_64-linux-gnu/5/../../../x86_64-linux-gnu/crti.o

.rela.dyn       0x0000000000001ed8      0x108
 *(.rela.init)
 *(.rela.text .rela.text.* .rela.gnu.linkonce.t.*)
 .rela.text     0x0000000000001ed8        0x0 /usr/lib/gcc/x86_64-linux-gnu/5/../../../x86_64-linux-gnu/crti.o
 *(.rela.fini)
 *(.rela.rodata .rela.rodata.* .rela.gnu.linkonce.r.*)
 *(.rela.data .rela.data.* .rela.gnu.linkonce.d.*)
 .rela.data.rel.local
                0x0000000000001ed8       0x18 /usr/lib/gcc/x86_64-linux-gnu/5/../../../x86_64-linux-gnu/crti.o
 *(.rela.tdata .rela.tdata.* .rela.gnu.linkonce.td.*)
 *(.rela.tbss .rela.tbss.* .rela.gnu.linkonce.tb.*)
 *(.rela.ctors)
 *(.rela.dtors)
 *(.rela.got)
 .rela.got      0x0000000000001ef0       0xc0 /usr/lib/gcc/x86_64-linux-gnu/5/../../../x86_64-linux-gnu/crti.o
 *(.rela.bss .rela.bss.* .rela.gnu.linkonce.b.*)
 *(.rela.ldata .rela.ldata.* .rela.gnu.linkonce.l.*)
 *(.rela.lbss .rela.lbss.* .rela.gnu.linkonce.lb.*)
 *(.rela.lrodata .rela.lrodata.* .rela.gnu.linkonce.lr.*)
 *(.rela.ifunc)
 .rela.ifunc    0x0000000000001fb0        0x0 /usr/lib/gcc/x86_64-linux-gnu/5/../../../x86_64-linux-gnu/crti.o
 .rela.fini_array
                0x0000000000001fb0       0x18 /usr/lib/gcc/x86_64-linux-gnu/5/../../../x86_64-linux-gnu/crti.o
 .rela.init_array
                0x0000000000001fc8       0x18 /usr/lib/gcc/x86_64-linux-gnu/5/../../../x86_64-linux-gnu/crti.o

.rela.plt       0x0000000000001fe0      0x798
 *(.rela.plt)
 .rela.plt      0x0000000000001fe0      0x798 /usr/lib/gcc/x86_64-linux-gnu/5/../../../x86_64-linux-gnu/crti.o
 *(.rela.iplt)

.init           0x0000000000002778       0x1a
 *(SORT(.init))
 .init          0x0000000000002778       0x15 /usr/lib/gcc/x86_64-linux-gnu/5/../../../x86_64-linux-gnu/crti.o
                0x0000000000002778                _init
 .init          0x000000000000278d        0x5 /usr/lib/gcc/x86_64-linux-gnu/5/../../../x86_64-linux-gnu/crtn.o

.plt            0x00000000000027a0      0x520
 *(.plt)
 .plt           0x00000000000027a0      0x520 /usr/lib/gcc/x86_64-linux-gnu/5/../../../x86_64-linux-gnu/crti.o
 *(.iplt)

.plt.got        0x0000000000002cc0       0x10
 *(.plt.got)
 .plt.got       0x0000000000002cc0       0x10 /usr/lib/gcc/x86_64-linux-gnu/5/../../../x86_64-linux-gnu/crti.o

.plt.bnd
 *(.plt.bnd)

.text           0x0000000000002cd0     0x7af8
 *(.text.unlikely .text.*_unlikely .text.unlikely.*)
 *(.text.exit .text.exit.*)
 *(.text.startup .text.startup.*)
 *(.text.hot .text.hot.*)
 *(.text .stub .text.* .gnu.linkonce.t.*)
 .text          0x0000000000002cd0      0x100 /usr/lib/gcc/x86_64-linux-gnu/5/crtbeginS.o
 .text.ARDATATRANSFER_DataDownloader_UsedMemoryCallback
                0x0000000000002dd0       0x21 /home/dima/ROS_Projects/miniardrone_ws/devel/arsdk/out/arsdk-native/build/libARDataTransfer/obj/Sources/ARDATATRANSFER_DataDownloader.c.o
 *fill*         0x0000000000002df1        0xf 
 .text.ARDATATRANSFER_DataDownloader_RemoveDataCallback
                0x0000000000002e00       0x6f /home/dima/ROS_Projects/miniardrone_ws/devel/arsdk/out/arsdk-native/build/libARDataTransfer/obj/Sources/ARDATATRANSFER_DataDownloader.c.o
 *fill*         0x0000000000002e6f        0x1 
 .text.ARDATATRANSFER_DataDownloader_CancelAvailableFiles
                0x0000000000002e70       0xe4 /home/dima/ROS_Projects/miniardrone_ws/devel/arsdk/out/arsdk-native/build/libARDataTransfer/obj/Sources/ARDATATRANSFER_DataDownloader.c.o
                0x0000000000002e70                ARDATATRANSFER_DataDownloader_CancelAvailableFiles
 *fill*         0x0000000000002f54        0xc 
 .text.ARDATATRANSFER_DataDownloader_CancelThread
                0x0000000000002f60      0x110 /home/dima/ROS_Projects/miniardrone_ws/devel/arsdk/out/arsdk-native/build/libARDataTransfer/obj/Sources/ARDATATRANSFER_DataDownloader.c.o
                0x0000000000002f60                ARDATATRANSFER_DataDownloader_CancelThread
 .text.ARDATATRANSFER_DataDownloader_Initialize
                0x0000000000003070      0x300 /home/dima/ROS_Projects/miniardrone_ws/devel/arsdk/out/arsdk-native/build/libARDataTransfer/obj/Sources/ARDATATRANSFER_DataDownloader.c.o
                0x0000000000003070                ARDATATRANSFER_DataDownloader_Initialize
 .text.ARDATATRANSFER_DataDownloader_Clear
                0x0000000000003370       0xdf /home/dima/ROS_Projects/miniardrone_ws/devel/arsdk/out/arsdk-native/build/libARDataTransfer/obj/Sources/ARDATATRANSFER_DataDownloader.c.o
                0x0000000000003370                ARDATATRANSFER_DataDownloader_Clear
 *fill*         0x000000000000344f        0x1 
 .text.ARDATATRANSFER_DataDownloader_Delete
                0x0000000000003450      0x10a /home/dima/ROS_Projects/miniardrone_ws/devel/arsdk/out/arsdk-native/build/libARDataTransfer/obj/Sources/ARDATATRANSFER_DataDownloader.c.o
                0x0000000000003450                ARDATATRANSFER_DataDownloader_Delete
 *fill*         0x000000000000355a        0x6 
 .text.ARDATATRANSFER_DataDownloader_New
                0x0000000000003560      0x1bc /home/dima/ROS_Projects/miniardrone_ws/devel/arsdk/out/arsdk-native/build/libARDataTransfer/obj/Sources/ARDATATRANSFER_DataDownloader.c.o
                0x0000000000003560                ARDATATRANSFER_DataDownloader_New
 *fill*         0x000000000000371c        0x4 
 .text.ARDATATRANSFER_DataDownloader_CompareFileExtension
                0x0000000000003720       0x6a /home/dima/ROS_Projects/miniardrone_ws/devel/arsdk/out/arsdk-native/build/libARDataTransfer/obj/Sources/ARDATATRANSFER_DataDownloader.c.o
                0x0000000000003720                ARDATATRANSFER_DataDownloader_CompareFileExtension
 *fill*         0x000000000000378a        0x6 
 .text.ARDATATRANSFER_DataDownloader_GetAvailableFiles
                0x0000000000003790      0x450 /home/dima/ROS_Projects/miniardrone_ws/devel/arsdk/out/arsdk-native/build/libARDataTransfer/obj/Sources/ARDATATRANSFER_DataDownloader.c.o
                0x0000000000003790                ARDATATRANSFER_DataDownloader_GetAvailableFiles
 .text.ARDATATRANSFER_DataDownloader_DownloadPudFiles
                0x0000000000003be0      0xde3 /home/dima/ROS_Projects/miniardrone_ws/devel/arsdk/out/arsdk-native/build/libARDataTransfer/obj/Sources/ARDATATRANSFER_DataDownloader.c.o
                0x0000000000003be0                ARDATATRANSFER_DataDownloader_DownloadPudFiles
 *fill*         0x00000000000049c3        0xd 
 .text.ARDATATRANSFER_DataDownloader_CheckUsedMemory
                0x00000000000049d0      0x24c /home/dima/ROS_Projects/miniardrone_ws/devel/arsdk/out/arsdk-native/build/libARDataTransfer/obj/Sources/ARDATATRANSFER_DataDownloader.c.o
                0x00000000000049d0                ARDATATRANSFER_DataDownloader_CheckUsedMemory
 *fill*         0x0000000000004c1c        0x4 
 .text.ARDATATRANSFER_DataDownloader_GetCrashReportIndex
                0x0000000000004c20       0xda /home/dima/ROS_Projects/miniardrone_ws/devel/arsdk/out/arsdk-native/build/libARDataTransfer/obj/Sources/ARDATATRANSFER_DataDownloader.c.o
                0x0000000000004c20                ARDATATRANSFER_DataDownloader_GetCrashReportIndex
 *fill*         0x0000000000004cfa        0x6 
 .text.ARDATATRANSFER_DataDownloader_RemoveRemoteDir
                0x0000000000004d00      0x20b /home/dima/ROS_Projects/miniardrone_ws/devel/arsdk/out/arsdk-native/build/libARDataTransfer/obj/Sources/ARDATATRANSFER_DataDownloader.c.o
                0x0000000000004d00                ARDATATRANSFER_DataDownloader_RemoveRemoteDir
 *fill*         0x0000000000004f0b        0x5 
 .text.ARDATATRANSFER_DataDownloader_DownloadCrashReports
                0x0000000000004f10      0x9e6 /home/dima/ROS_Projects/miniardrone_ws/devel/arsdk/out/arsdk-native/build/libARDataTransfer/obj/Sources/ARDATATRANSFER_DataDownloader.c.o
                0x0000000000004f10                ARDATATRANSFER_DataDownloader_DownloadCrashReports
 *fill*         0x00000000000058f6        0xa 
 .text.ARDATATRANSFER_DataDownloader_ThreadRun
                0x0000000000005900      0x287 /home/dima/ROS_Projects/miniardrone_ws/devel/arsdk/out/arsdk-native/build/libARDataTransfer/obj/Sources/ARDATATRANSFER_DataDownloader.c.o
                0x0000000000005900                ARDATATRANSFER_DataDownloader_ThreadRun
 *fill*         0x0000000000005b87        0x9 
 .text.ARDATATRANSFER_Downloader_Ftp_ProgressCallback
                0x0000000000005b90       0xde /home/dima/ROS_Projects/miniardrone_ws/devel/arsdk/out/arsdk-native/build/libARDataTransfer/obj/Sources/ARDATATRANSFER_Downloader.c.o
                0x0000000000005b90                ARDATATRANSFER_Downloader_Ftp_ProgressCallback
 *fill*         0x0000000000005c6e        0x2 
 .text.ARDATATRANSFER_Downloader_New
                0x0000000000005c70      0x1bb /home/dima/ROS_Projects/miniardrone_ws/devel/arsdk/out/arsdk-native/build/libARDataTransfer/obj/Sources/ARDATATRANSFER_Downloader.c.o
                0x0000000000005c70                ARDATATRANSFER_Downloader_New
 *fill*         0x0000000000005e2b        0x5 
 .text.ARDATATRANSFER_Downloader_Delete
                0x0000000000005e30       0xdc /home/dima/ROS_Projects/miniardrone_ws/devel/arsdk/out/arsdk-native/build/libARDataTransfer/obj/Sources/ARDATATRANSFER_Downloader.c.o
                0x0000000000005e30                ARDATATRANSFER_Downloader_Delete
 *fill*         0x0000000000005f0c        0x4 
 .text.ARDATATRANSFER_Downloader_GetSize
                0x0000000000005f10       0xe9 /home/dima/ROS_Projects/miniardrone_ws/devel/arsdk/out/arsdk-native/build/libARDataTransfer/obj/Sources/ARDATATRANSFER_Downloader.c.o
                0x0000000000005f10                ARDATATRANSFER_Downloader_GetSize
 *fill*         0x0000000000005ff9        0x7 
 .text.ARDATATRANSFER_Downloader_ThreadRun
                0x0000000000006000      0x18e /home/dima/ROS_Projects/miniardrone_ws/devel/arsdk/out/arsdk-native/build/libARDataTransfer/obj/Sources/ARDATATRANSFER_Downloader.c.o
                0x0000000000006000                ARDATATRANSFER_Downloader_ThreadRun
 *fill*         0x000000000000618e        0x2 
 .text.ARDATATRANSFER_Downloader_CancelThread
                0x0000000000006190       0xe4 /home/dima/ROS_Projects/miniardrone_ws/devel/arsdk/out/arsdk-native/build/libARDataTransfer/obj/Sources/ARDATATRANSFER_Downloader.c.o
                0x0000000000006190                ARDATATRANSFER_Downloader_CancelThread
 *fill*         0x0000000000006274        0xc 
 .text.ARDATATRANSFER_Manager_Delete
                0x0000000000006280       0xcd /home/dima/ROS_Projects/miniardrone_ws/devel/arsdk/out/arsdk-native/build/libARDataTransfer/obj/Sources/ARDATATRANSFER_Manager.c.o
                0x0000000000006280                ARDATATRANSFER_Manager_Delete
 *fill*         0x000000000000634d        0x3 
 .text.ARDATATRANSFER_Manager_New
                0x0000000000006350       0xfb /home/dima/ROS_Projects/miniardrone_ws/devel/arsdk/out/arsdk-native/build/libARDataTransfer/obj/Sources/ARDATATRANSFER_Manager.c.o
                0x0000000000006350                ARDATATRANSFER_Manager_New
 *fill*         0x000000000000644b        0x5 
 .text.ARDATATRANSFER_MediasDownloader_FtpProgressCallback
                0x0000000000006450       0x22 /home/dima/ROS_Projects/miniardrone_ws/devel/arsdk/out/arsdk-native/build/libARDataTransfer/obj/Sources/ARDATATRANSFER_MediasDownloader.c.o
                0x0000000000006450                ARDATATRANSFER_MediasDownloader_FtpProgressCallback
 *fill*         0x0000000000006472        0xe 
 .text.ARDATATRANSFER_MediasDownloader_GetAvailableMediaAtIndex
                0x0000000000006480       0x90 /home/dima/ROS_Projects/miniardrone_ws/devel/arsdk/out/arsdk-native/build/libARDataTransfer/obj/Sources/ARDATATRANSFER_MediasDownloader.c.o
                0x0000000000006480                ARDATATRANSFER_MediasDownloader_GetAvailableMediaAtIndex
 .text.ARDATATRANSFER_MediasDownloader_AddMediaToQueue
                0x0000000000006510      0x29c /home/dima/ROS_Projects/miniardrone_ws/devel/arsdk/out/arsdk-native/build/libARDataTransfer/obj/Sources/ARDATATRANSFER_MediasDownloader.c.o
                0x0000000000006510                ARDATATRANSFER_MediasDownloader_AddMediaToQueue
 *fill*         0x00000000000067ac        0x4 
 .text.ARDATATRANSFER_MediasDownloader_ResetQueueThread
                0x00000000000067b0      0x118 /home/dima/ROS_Projects/miniardrone_ws/devel/arsdk/out/arsdk-native/build/libARDataTransfer/obj/Sources/ARDATATRANSFER_MediasDownloader.c.o
                0x00000000000067b0                ARDATATRANSFER_MediasDownloader_ResetQueueThread
 *fill*         0x00000000000068c8        0x8 
 .text.ARDATATRANSFER_MediasDownloader_CancelQueueThread
                0x00000000000068d0      0x132 /home/dima/ROS_Projects/miniardrone_ws/devel/arsdk/out/arsdk-native/build/libARDataTransfer/obj/Sources/ARDATATRANSFER_MediasDownloader.c.o
                0x00000000000068d0                ARDATATRANSFER_MediasDownloader_CancelQueueThread
 *fill*         0x0000000000006a02        0xe 
 .text.ARDATATRANSFER_MediasDownloader_ResetGetAvailableMedias
                0x0000000000006a10       0xe4 /home/dima/ROS_Projects/miniardrone_ws/devel/arsdk/out/arsdk-native/build/libARDataTransfer/obj/Sources/ARDATATRANSFER_MediasDownloader.c.o
                0x0000000000006a10                ARDATATRANSFER_MediasDownloader_ResetGetAvailableMedias
 *fill*         0x0000000000006af4        0xc 
 .text.ARDATATRANSFER_MediasDownloader_CancelGetAvailableMedias
                0x0000000000006b00       0xe4 /home/dima/ROS_Projects/miniardrone_ws/devel/arsdk/out/arsdk-native/build/libARDataTransfer/obj/Sources/ARDATATRANSFER_MediasDownloader.c.o
                0x0000000000006b00                ARDATATRANSFER_MediasDownloader_CancelGetAvailableMedias
 *fill*         0x0000000000006be4        0xc 
 .text.ARDATATRANSFER_MediasDownloader_Initialize
                0x0000000000006bf0      0x24a /home/dima/ROS_Projects/miniardrone_ws/devel/arsdk/out/arsdk-native/build/libARDataTransfer/obj/Sources/ARDATATRANSFER_MediasDownloader.c.o
                0x0000000000006bf0                ARDATATRANSFER_MediasDownloader_Initialize
 *fill*         0x0000000000006e3a        0x6 
 .text.ARDATATRANSFER_MediasDownloader_Clear
                0x0000000000006e40       0xcd /home/dima/ROS_Projects/miniardrone_ws/devel/arsdk/out/arsdk-native/build/libARDataTransfer/obj/Sources/ARDATATRANSFER_MediasDownloader.c.o
                0x0000000000006e40                ARDATATRANSFER_MediasDownloader_Clear
 *fill*         0x0000000000006f0d        0x3 
 .text.ARDATATRANSFER_MediasDownloader_GetThumbnail
                0x0000000000006f10      0x10c /home/dima/ROS_Projects/miniardrone_ws/devel/arsdk/out/arsdk-native/build/libARDataTransfer/obj/Sources/ARDATATRANSFER_MediasDownloader.c.o
                0x0000000000006f10                ARDATATRANSFER_MediasDownloader_GetThumbnail
 *fill*         0x000000000000701c        0x4 
 .text.ARDATATRANSFER_MediasDownloader_DownloadMedia
                0x0000000000007020      0x22b /home/dima/ROS_Projects/miniardrone_ws/devel/arsdk/out/arsdk-native/build/libARDataTransfer/obj/Sources/ARDATATRANSFER_MediasDownloader.c.o
                0x0000000000007020                ARDATATRANSFER_MediasDownloader_DownloadMedia
 *fill*         0x000000000000724b        0x5 
 .text.ARDATATRANSFER_MediasDownloader_QueueThreadRun
                0x0000000000007250      0x259 /home/dima/ROS_Projects/miniardrone_ws/devel/arsdk/out/arsdk-native/build/libARDataTransfer/obj/Sources/ARDATATRANSFER_MediasDownloader.c.o
                0x0000000000007250                ARDATATRANSFER_MediasDownloader_QueueThreadRun
 *fill*         0x00000000000074a9        0x7 
 .text.ARDATATRANSFER_MediasDownloader_RemoveMediaFromMediaList
                0x00000000000074b0       0xf6 /home/dima/ROS_Projects/miniardrone_ws/devel/arsdk/out/arsdk-native/build/libARDataTransfer/obj/Sources/ARDATATRANSFER_MediasDownloader.c.o
                0x00000000000074b0                ARDATATRANSFER_MediasDownloader_RemoveMediaFromMediaList
 *fill*         0x00000000000075a6        0xa 
 .text.ARDATATRANSFER_MediasDownloader_DeleteMedia
                0x00000000000075b0       0xc9 /home/dima/ROS_Projects/miniardrone_ws/devel/arsdk/out/arsdk-native/build/libARDataTransfer/obj/Sources/ARDATATRANSFER_MediasDownloader.c.o
                0x00000000000075b0                ARDATATRANSFER_MediasDownloader_DeleteMedia
 *fill*         0x0000000000007679        0x7 
 .text.ARDATATRANSFER_MediasDownloader_FreeMediaList
                0x0000000000007680      0x123 /home/dima/ROS_Projects/miniardrone_ws/devel/arsdk/out/arsdk-native/build/libARDataTransfer/obj/Sources/ARDATATRANSFER_MediasDownloader.c.o
                0x0000000000007680                ARDATATRANSFER_MediasDownloader_FreeMediaList
 *fill*         0x00000000000077a3        0xd 
 .text.ARDATATRANSFER_MediasDownloader_Delete
                0x00000000000077b0      0x151 /home/dima/ROS_Projects/miniardrone_ws/devel/arsdk/out/arsdk-native/build/libARDataTransfer/obj/Sources/ARDATATRANSFER_MediasDownloader.c.o
                0x00000000000077b0                ARDATATRANSFER_MediasDownloader_Delete
 *fill*         0x0000000000007901        0xf 
 .text.ARDATATRANSFER_MediasDownloader_New
                0x0000000000007910      0x1ff /home/dima/ROS_Projects/miniardrone_ws/devel/arsdk/out/arsdk-native/build/libARDataTransfer/obj/Sources/ARDATATRANSFER_MediasDownloader.c.o
                0x0000000000007910                ARDATATRANSFER_MediasDownloader_New
 *fill*         0x0000000000007b0f        0x1 
 .text.ARDATATRANSFER_MediasDownloader_GetAvailableMediasSync
                0x0000000000007b10     0x1b5d /home/dima/ROS_Projects/miniardrone_ws/devel/arsdk/out/arsdk-native/build/libARDataTransfer/obj/Sources/ARDATATRANSFER_MediasDownloader.c.o
                0x0000000000007b10                ARDATATRANSFER_MediasDownloader_GetAvailableMediasSync
 *fill*         0x000000000000966d        0x3 
 .text.ARDATATRANSFER_MediasDownloader_GetAvailableMediasAsync
                0x0000000000009670      0x21b /home/dima/ROS_Projects/miniardrone_ws/devel/arsdk/out/arsdk-native/build/libARDataTransfer/obj/Sources/ARDATATRANSFER_MediasDownloader.c.o
                0x0000000000009670                ARDATATRANSFER_MediasDownloader_GetAvailableMediasAsync
 *fill*         0x000000000000988b        0x5 
 .text.ARDATATRANSFER_MediasQueue_Delete
                0x0000000000009890      0x137 /home/dima/ROS_Projects/miniardrone_ws/devel/arsdk/out/arsdk-native/build/libARDataTransfer/obj/Sources/ARDATATRANSFER_MediasQueue.c.o
                0x0000000000009890                ARDATATRANSFER_MediasQueue_Delete
 *fill*         0x00000000000099c7        0x9 
 .text.ARDATATRANSFER_MediasQueue_New
                0x00000000000099d0      0x12b /home/dima/ROS_Projects/miniardrone_ws/devel/arsdk/out/arsdk-native/build/libARDataTransfer/obj/Sources/ARDATATRANSFER_MediasQueue.c.o
                0x00000000000099d0                ARDATATRANSFER_MediasQueue_New
 *fill*         0x0000000000009afb        0x5 
 .text.ARDATATRANSFER_MediasQueue_RemoveAll
                0x0000000000009b00      0x115 /home/dima/ROS_Projects/miniardrone_ws/devel/arsdk/out/arsdk-native/build/libARDataTransfer/obj/Sources/ARDATATRANSFER_MediasQueue.c.o
                0x0000000000009b00                ARDATATRANSFER_MediasQueue_RemoveAll
 *fill*         0x0000000000009c15        0xb 
 .text.ARDATATRANSFER_MediasQueue_Pop
                0x0000000000009c20      0x1c1 /home/dima/ROS_Projects/miniardrone_ws/devel/arsdk/out/arsdk-native/build/libARDataTransfer/obj/Sources/ARDATATRANSFER_MediasQueue.c.o
                0x0000000000009c20                ARDATATRANSFER_MediasQueue_Pop
 *fill*         0x0000000000009de1        0xf 
 .text.ARDATATRANSFER_MediasQueue_GetFreeIndex
                0x0000000000009df0       0xc4 /home/dima/ROS_Projects/miniardrone_ws/devel/arsdk/out/arsdk-native/build/libARDataTransfer/obj/Sources/ARDATATRANSFER_MediasQueue.c.o
                0x0000000000009df0                ARDATATRANSFER_MediasQueue_GetFreeIndex
 *fill*         0x0000000000009eb4        0xc 
 .text.ARDATATRANSFER_MediasQueue_Add
                0x0000000000009ec0      0x11c /home/dima/ROS_Projects/miniardrone_ws/devel/arsdk/out/arsdk-native/build/libARDataTransfer/obj/Sources/ARDATATRANSFER_MediasQueue.c.o
                0x0000000000009ec0                ARDATATRANSFER_MediasQueue_Add
 *fill*         0x0000000000009fdc        0x4 
 .text.ARDATATRANSFER_Uploader_Ftp_ProgressCallback
                0x0000000000009fe0       0xdf /home/dima/ROS_Projects/miniardrone_ws/devel/arsdk/out/arsdk-native/build/libARDataTransfer/obj/Sources/ARDATATRANSFER_Uploader.c.o
                0x0000000000009fe0                ARDATATRANSFER_Uploader_Ftp_ProgressCallback
 *fill*         0x000000000000a0bf        0x1 
 .text.ARDATATRANSFER_Uploader_New
                0x000000000000a0c0      0x1bb /home/dima/ROS_Projects/miniardrone_ws/devel/arsdk/out/arsdk-native/build/libARDataTransfer/obj/Sources/ARDATATRANSFER_Uploader.c.o
                0x000000000000a0c0                ARDATATRANSFER_Uploader_New
 *fill*         0x000000000000a27b        0x5 
 .text.ARDATATRANSFER_Uploader_Delete
                0x000000000000a280       0xe4 /home/dima/ROS_Projects/miniardrone_ws/devel/arsdk/out/arsdk-native/build/libARDataTransfer/obj/Sources/ARDATATRANSFER_Uploader.c.o
                0x000000000000a280                ARDATATRANSFER_Uploader_Delete
 *fill*         0x000000000000a364        0xc 
 .text.ARDATATRANSFER_Uploader_ThreadRun
                0x000000000000a370      0x18e /home/dima/ROS_Projects/miniardrone_ws/devel/arsdk/out/arsdk-native/build/libARDataTransfer/obj/Sources/ARDATATRANSFER_Uploader.c.o
                0x000000000000a370                ARDATATRANSFER_Uploader_ThreadRun
 *fill*         0x000000000000a4fe        0x2 
 .text.ARDATATRANSFER_Uploader_CancelThread
                0x000000000000a500       0xe4 /home/dima/ROS_Projects/miniardrone_ws/devel/arsdk/out/arsdk-native/build/libARDataTransfer/obj/Sources/ARDATATRANSFER_Uploader.c.o
                0x000000000000a500                ARDATATRANSFER_Uploader_CancelThread
 *fill*         0x000000000000a5e4        0xc 
 .text.ARDATATRANSFER_Uploader_Rename
                0x000000000000a5f0       0xf8 /home/dima/ROS_Projects/miniardrone_ws/devel/arsdk/out/arsdk-native/build/libARDataTransfer/obj/Sources/ARDATATRANSFER_Uploader.c.o
                0x000000000000a5f0                ARDATATRANSFER_Uploader_Rename
 *fill*         0x000000000000a6e8        0x8 
 .text.ARDATATRANSFER_Error_ToString
                0x000000000000a6f0       0xd8 /home/dima/ROS_Projects/miniardrone_ws/devel/arsdk/out/arsdk-native/build/libARDataTransfer/obj/gen/Sources/ARDATATRANSFER_Error.c.o
                0x000000000000a6f0                ARDATATRANSFER_Error_ToString
 *(.gnu.warning)

.fini           0x000000000000a7c8        0x9
 *(SORT(.fini))
 .fini          0x000000000000a7c8        0x4 /usr/lib/gcc/x86_64-linux-gnu/5/../../../x86_64-linux-gnu/crti.o
                0x000000000000a7c8                _fini
 .fini          0x000000000000a7cc        0x5 /usr/lib/gcc/x86_64-linux-gnu/5/../../../x86_64-linux-gnu/crtn.o
                [!provide]                        PROVIDE (__etext, .)
                [!provide]                        PROVIDE (_etext, .)
                [!provide]                        PROVIDE (etext, .)

.rodata         0x000000000000a7e0      0xebf
 *(.rodata .rodata.* .gnu.linkonce.r.*)
 .rodata.str1.1
                0x000000000000a7e0      0x112 /home/dima/ROS_Projects/miniardrone_ws/devel/arsdk/out/arsdk-native/build/libARDataTransfer/obj/Sources/ARDATATRANSFER_DataDownloader.c.o
                                        0x128 (size before relaxing)
 *fill*         0x000000000000a8f2        0x6 
 .rodata.str1.8
                0x000000000000a8f8       0x99 /home/dima/ROS_Projects/miniardrone_ws/devel/arsdk/out/arsdk-native/build/libARDataTransfer/obj/Sources/ARDATATRANSFER_DataDownloader.c.o
 *fill*         0x000000000000a991        0xf 
 .rodata        0x000000000000a9a0      0x2a2 /home/dima/ROS_Projects/miniardrone_ws/devel/arsdk/out/arsdk-native/build/libARDataTransfer/obj/Sources/ARDATATRANSFER_DataDownloader.c.o
 *fill*         0x000000000000ac42        0x6 
 .rodata.cst8   0x000000000000ac48        0x8 /home/dima/ROS_Projects/miniardrone_ws/devel/arsdk/out/arsdk-native/build/libARDataTransfer/obj/Sources/ARDATATRANSFER_DataDownloader.c.o
 .rodata.cst4   0x000000000000ac50        0x4 /home/dima/ROS_Projects/miniardrone_ws/devel/arsdk/out/arsdk-native/build/libARDataTransfer/obj/Sources/ARDATATRANSFER_DataDownloader.c.o
 .rodata.str1.1
                0x000000000000ac54       0x31 /home/dima/ROS_Projects/miniardrone_ws/devel/arsdk/out/arsdk-native/build/libARDataTransfer/obj/Sources/ARDATATRANSFER_Downloader.c.o
                                         0x59 (size before relaxing)
 *fill*         0x000000000000ac85       0x1b 
 .rodata        0x000000000000aca0      0x14e /home/dima/ROS_Projects/miniardrone_ws/devel/arsdk/out/arsdk-native/build/libARDataTransfer/obj/Sources/ARDATATRANSFER_Downloader.c.o
 .rodata.str1.1
                0x000000000000adee        0x8 /home/dima/ROS_Projects/miniardrone_ws/devel/arsdk/out/arsdk-native/build/libARDataTransfer/obj/Sources/ARDATATRANSFER_Manager.c.o
                                         0x25 (size before relaxing)
 *fill*         0x000000000000adf6        0xa 
 .rodata        0x000000000000ae00       0x3b /home/dima/ROS_Projects/miniardrone_ws/devel/arsdk/out/arsdk-native/build/libARDataTransfer/obj/Sources/ARDATATRANSFER_Manager.c.o
 .rodata.str1.1
                0x000000000000ae3b       0x5c /home/dima/ROS_Projects/miniardrone_ws/devel/arsdk/out/arsdk-native/build/libARDataTransfer/obj/Sources/ARDATATRANSFER_MediasDownloader.c.o
                                         0xce (size before relaxing)
 *fill*         0x000000000000ae97        0x1 
 .rodata.str1.8
                0x000000000000ae98      0x16c /home/dima/ROS_Projects/miniardrone_ws/devel/arsdk/out/arsdk-native/build/libARDataTransfer/obj/Sources/ARDATATRANSFER_MediasDownloader.c.o
 *fill*         0x000000000000b004       0x1c 
 .rodata        0x000000000000b020      0x364 /home/dima/ROS_Projects/miniardrone_ws/devel/arsdk/out/arsdk-native/build/libARDataTransfer/obj/Sources/ARDATATRANSFER_MediasDownloader.c.o
 .rodata.str1.1
                0x000000000000b384        0xc /home/dima/ROS_Projects/miniardrone_ws/devel/arsdk/out/arsdk-native/build/libARDataTransfer/obj/Sources/ARDATATRANSFER_MediasQueue.c.o
                                         0x29 (size before relaxing)
 .rodata.str1.8
                0x000000000000b390       0x28 /home/dima/ROS_Projects/miniardrone_ws/devel/arsdk/out/arsdk-native/build/libARDataTransfer/obj/Sources/ARDATATRANSFER_MediasQueue.c.o
                                         0x21 (size before relaxing)
 *fill*         0x000000000000b3b8        0x8 
 .rodata        0x000000000000b3c0       0xcf /home/dima/ROS_Projects/miniardrone_ws/devel/arsdk/out/arsdk-native/build/libARDataTransfer/obj/Sources/ARDATATRANSFER_MediasQueue.c.o
 .rodata.str1.1
                0x000000000000b48f        0x9 /home/dima/ROS_Projects/miniardrone_ws/devel/arsdk/out/arsdk-native/build/libARDataTransfer/obj/Sources/ARDATATRANSFER_Uploader.c.o
                                         0x57 (size before relaxing)
 *fill*         0x000000000000b498        0x8 
 .rodata        0x000000000000b4a0      0x10c /home/dima/ROS_Projects/miniardrone_ws/devel/arsdk/out/arsdk-native/build/libARDataTransfer/obj/Sources/ARDATATRANSFER_Uploader.c.o
 .rodata.str1.1
                0x000000000000b5ac       0xf3 /home/dima/ROS_Projects/miniardrone_ws/devel/arsdk/out/arsdk-native/build/libARDataTransfer/obj/gen/Sources/ARDATATRANSFER_Error.c.o

.rodata1
 *(.rodata1)

.eh_frame_hdr   0x000000000000b6a0      0x1d4
 *(.eh_frame_hdr)
 .eh_frame_hdr  0x000000000000b6a0      0x1d4 /home/dima/ROS_Projects/miniardrone_ws/devel/arsdk/out/arsdk-native/build/libARDataTransfer/obj/Sources/ARDATATRANSFER_DataDownloader.c.o
                0x000000000000b6a0                __GNU_EH_FRAME_HDR
 *(.eh_frame_entry .eh_frame_entry.*)

.eh_frame       0x000000000000b878     0x1384
 *(.eh_frame)
 .eh_frame      0x000000000000b878       0x40 /usr/lib/gcc/x86_64-linux-gnu/5/../../../x86_64-linux-gnu/crti.o
 .eh_frame      0x000000000000b8b8      0x5f0 /home/dima/ROS_Projects/miniardrone_ws/devel/arsdk/out/arsdk-native/build/libARDataTransfer/obj/Sources/ARDATATRANSFER_DataDownloader.c.o
                                        0x5e0 (size before relaxing)
 .eh_frame      0x000000000000bea8      0x1e8 /home/dima/ROS_Projects/miniardrone_ws/devel/arsdk/out/arsdk-native/build/libARDataTransfer/obj/Sources/ARDATATRANSFER_Downloader.c.o
                                        0x1f0 (size before relaxing)
 .eh_frame      0x000000000000c090       0x90 /home/dima/ROS_Projects/miniardrone_ws/devel/arsdk/out/arsdk-native/build/libARDataTransfer/obj/Sources/ARDATATRANSFER_Manager.c.o
                                         0xa8 (size before relaxing)
 .eh_frame      0x000000000000c120      0x6e0 /home/dima/ROS_Projects/miniardrone_ws/devel/arsdk/out/arsdk-native/build/libARDataTransfer/obj/Sources/ARDATATRANSFER_MediasDownloader.c.o
                                        0x6d0 (size before relaxing)
 .eh_frame      0x000000000000c800      0x1f0 /home/dima/ROS_Projects/miniardrone_ws/devel/arsdk/out/arsdk-native/build/libARDataTransfer/obj/Sources/ARDATATRANSFER_MediasQueue.c.o
                                        0x200 (size before relaxing)
 .eh_frame      0x000000000000c9f0      0x1f0 /home/dima/ROS_Projects/miniardrone_ws/devel/arsdk/out/arsdk-native/build/libARDataTransfer/obj/Sources/ARDATATRANSFER_Uploader.c.o
                                        0x1f8 (size before relaxing)
 .eh_frame      0x000000000000cbe0       0x18 /home/dima/ROS_Projects/miniardrone_ws/devel/arsdk/out/arsdk-native/build/libARDataTransfer/obj/gen/Sources/ARDATATRANSFER_Error.c.o
                                         0x30 (size before relaxing)
 .eh_frame      0x000000000000cbf8        0x4 /usr/lib/gcc/x86_64-linux-gnu/5/crtendS.o
 *(.eh_frame.*)

.gcc_except_table
 *(.gcc_except_table .gcc_except_table.*)

.gnu_extab
 *(.gnu_extab*)

.exception_ranges
 *(.exception_ranges .exception_ranges*)
                0x000000000020cd98                . = DATA_SEGMENT_ALIGN (0x200000, 0x1000)

.eh_frame
 *(.eh_frame)
 *(.eh_frame.*)

.gnu_extab
 *(.gnu_extab)

.gcc_except_table
 *(.gcc_except_table .gcc_except_table.*)

.exception_ranges
 *(.exception_ranges .exception_ranges*)

.tdata
 *(.tdata .tdata.* .gnu.linkonce.td.*)

.tbss
 *(.tbss .tbss.* .gnu.linkonce.tb.*)
 *(.tcommon)

.preinit_array
 *(.preinit_array)

.init_array     0x000000000020cd98        0x8
 *(SORT(.init_array.*) SORT(.ctors.*))
 *(.init_array EXCLUDE_FILE(*crtend?.o *crtend.o *crtbegin?.o *crtbegin.o) .ctors)
 .init_array    0x000000000020cd98        0x8 /usr/lib/gcc/x86_64-linux-gnu/5/crtbeginS.o

.fini_array     0x000000000020cda0        0x8
 *(SORT(.fini_array.*) SORT(.dtors.*))
 *(.fini_array EXCLUDE_FILE(*crtend?.o *crtend.o *crtbegin?.o *crtbegin.o) .dtors)
 .fini_array    0x000000000020cda0        0x8 /usr/lib/gcc/x86_64-linux-gnu/5/crtbeginS.o

.ctors
 *crtbegin.o(.ctors)
 *crtbegin?.o(.ctors)
 *(EXCLUDE_FILE(*crtend?.o *crtend.o) .ctors)
 *(SORT(.ctors.*))
 *(.ctors)

.dtors
 *crtbegin.o(.dtors)
 *crtbegin?.o(.dtors)
 *(EXCLUDE_FILE(*crtend?.o *crtend.o) .dtors)
 *(SORT(.dtors.*))
 *(.dtors)

.jcr            0x000000000020cda8        0x8
 *(.jcr)
 .jcr           0x000000000020cda8        0x0 /usr/lib/gcc/x86_64-linux-gnu/5/crtbeginS.o
 .jcr           0x000000000020cda8        0x8 /usr/lib/gcc/x86_64-linux-gnu/5/crtendS.o

.data.rel.ro
 *(.data.rel.ro.local* .gnu.linkonce.d.rel.ro.local.*)
 *(.data.rel.ro .data.rel.ro.* .gnu.linkonce.d.rel.ro.*)

.dynamic        0x000000000020cdb0      0x210
 *(.dynamic)
 .dynamic       0x000000000020cdb0      0x210 /usr/lib/gcc/x86_64-linux-gnu/5/../../../x86_64-linux-gnu/crti.o
                0x000000000020cdb0                _DYNAMIC

.got            0x000000000020cfc0       0x40
 *(.got)
 .got           0x000000000020cfc0       0x40 /usr/lib/gcc/x86_64-linux-gnu/5/../../../x86_64-linux-gnu/crti.o
 *(.igot)
                0x000000000020dfe8                . = DATA_SEGMENT_RELRO_END (., (SIZEOF (.got.plt) >= 0x18)?0x18:0x0)

.got.plt        0x000000000020d000      0x2a0
 *(.got.plt)
 .got.plt       0x000000000020d000      0x2a0 /usr/lib/gcc/x86_64-linux-gnu/5/../../../x86_64-linux-gnu/crti.o
                0x000000000020d000                _GLOBAL_OFFSET_TABLE_
 *(.igot.plt)

.data           0x000000000020d2a0        0x8
 *(.data .data.* .gnu.linkonce.d.*)
 .data.rel.local
                0x000000000020d2a0        0x8 /usr/lib/gcc/x86_64-linux-gnu/5/crtbeginS.o
                0x000000000020d2a0                __dso_handle

.tm_clone_table
                0x000000000020d2a8        0x0
 .tm_clone_table
                0x000000000020d2a8        0x0 /usr/lib/gcc/x86_64-linux-gnu/5/crtbeginS.o
 .tm_clone_table
                0x000000000020d2a8        0x0 /usr/lib/gcc/x86_64-linux-gnu/5/crtendS.o

.data1
 *(.data1)
                0x000000000020d2a8                _edata = .
                [!provide]                        PROVIDE (edata, .)
                0x000000000020d2a8                . = .
                0x000000000020d2a8                __bss_start = .

.bss            0x000000000020d2c0      0x130
 *(.dynbss)
 .dynbss        0x000000000020d2c0        0x0 /usr/lib/gcc/x86_64-linux-gnu/5/../../../x86_64-linux-gnu/crti.o
 *(.bss .bss.* .gnu.linkonce.b.*)
 .bss           0x000000000020d2c0        0x1 /usr/lib/gcc/x86_64-linux-gnu/5/crtbeginS.o
 *fill*         0x000000000020d2c1       0x1f 
 .bss           0x000000000020d2e0      0x110 /home/dima/ROS_Projects/miniardrone_ws/devel/arsdk/out/arsdk-native/build/libARDataTransfer/obj/Sources/ARDATATRANSFER_DataDownloader.c.o
 *(COMMON)
                0x000000000020d3f0                . = ALIGN ((. != 0x0)?0x8:0x1)

.lbss
 *(.dynlbss)
 *(.lbss .lbss.* .gnu.linkonce.lb.*)
 *(LARGE_COMMON)
                0x000000000020d3f0                . = ALIGN (0x8)
                0x000000000020d3f0                . = SEGMENT_START ("ldata-segment", .)

.lrodata
 *(.lrodata .lrodata.* .gnu.linkonce.lr.*)

.ldata          0x000000000060d3f0        0x0
 *(.ldata .ldata.* .gnu.linkonce.l.*)
                0x000000000060d3f0                . = ALIGN ((. != 0x0)?0x8:0x1)
                0x000000000060d3f0                . = ALIGN (0x8)
                0x000000000060d3f0                _end = .
                [!provide]                        PROVIDE (end, .)
                0x000000000060d3f0                . = DATA_SEGMENT_END (.)

.stab
 *(.stab)

.stabstr
 *(.stabstr)

.stab.excl
 *(.stab.excl)

.stab.exclstr
 *(.stab.exclstr)

.stab.index
 *(.stab.index)

.stab.indexstr
 *(.stab.indexstr)

.comment        0x0000000000000000       0x34
 *(.comment)
 .comment       0x0000000000000000       0x34 /usr/lib/gcc/x86_64-linux-gnu/5/crtbeginS.o
                                         0x35 (size before relaxing)
 .comment       0x0000000000000034       0x35 /home/dima/ROS_Projects/miniardrone_ws/devel/arsdk/out/arsdk-native/build/libARDataTransfer/obj/Sources/ARDATATRANSFER_DataDownloader.c.o
 .comment       0x0000000000000034       0x35 /home/dima/ROS_Projects/miniardrone_ws/devel/arsdk/out/arsdk-native/build/libARDataTransfer/obj/Sources/ARDATATRANSFER_Downloader.c.o
 .comment       0x0000000000000034       0x35 /home/dima/ROS_Projects/miniardrone_ws/devel/arsdk/out/arsdk-native/build/libARDataTransfer/obj/Sources/ARDATATRANSFER_Manager.c.o
 .comment       0x0000000000000034       0x35 /home/dima/ROS_Projects/miniardrone_ws/devel/arsdk/out/arsdk-native/build/libARDataTransfer/obj/Sources/ARDATATRANSFER_MediasDownloader.c.o
 .comment       0x0000000000000034       0x35 /home/dima/ROS_Projects/miniardrone_ws/devel/arsdk/out/arsdk-native/build/libARDataTransfer/obj/Sources/ARDATATRANSFER_MediasQueue.c.o
 .comment       0x0000000000000034       0x35 /home/dima/ROS_Projects/miniardrone_ws/devel/arsdk/out/arsdk-native/build/libARDataTransfer/obj/Sources/ARDATATRANSFER_Uploader.c.o
 .comment       0x0000000000000034       0x35 /home/dima/ROS_Projects/miniardrone_ws/devel/arsdk/out/arsdk-native/build/libARDataTransfer/obj/gen/Sources/ARDATATRANSFER_Error.c.o
 .comment       0x0000000000000034       0x35 /usr/lib/gcc/x86_64-linux-gnu/5/crtendS.o

.debug
 *(.debug)

.line
 *(.line)

.debug_srcinfo
 *(.debug_srcinfo)

.debug_sfnames
 *(.debug_sfnames)

.debug_aranges  0x0000000000000000      0x460
 *(.debug_aranges)
 .debug_aranges
                0x0000000000000000      0x120 /home/dima/ROS_Projects/miniardrone_ws/devel/arsdk/out/arsdk-native/build/libARDataTransfer/obj/Sources/ARDATATRANSFER_DataDownloader.c.o
 .debug_aranges
                0x0000000000000120       0x80 /home/dima/ROS_Projects/miniardrone_ws/devel/arsdk/out/arsdk-native/build/libARDataTransfer/obj/Sources/ARDATATRANSFER_Downloader.c.o
 .debug_aranges
                0x00000000000001a0       0x40 /home/dima/ROS_Projects/miniardrone_ws/devel/arsdk/out/arsdk-native/build/libARDataTransfer/obj/Sources/ARDATATRANSFER_Manager.c.o
 .debug_aranges
                0x00000000000001e0      0x150 /home/dima/ROS_Projects/miniardrone_ws/devel/arsdk/out/arsdk-native/build/libARDataTransfer/obj/Sources/ARDATATRANSFER_MediasDownloader.c.o
 .debug_aranges
                0x0000000000000330       0x80 /home/dima/ROS_Projects/miniardrone_ws/devel/arsdk/out/arsdk-native/build/libARDataTransfer/obj/Sources/ARDATATRANSFER_MediasQueue.c.o
 .debug_aranges
                0x00000000000003b0       0x80 /home/dima/ROS_Projects/miniardrone_ws/devel/arsdk/out/arsdk-native/build/libARDataTransfer/obj/Sources/ARDATATRANSFER_Uploader.c.o
 .debug_aranges
                0x0000000000000430       0x30 /home/dima/ROS_Projects/miniardrone_ws/devel/arsdk/out/arsdk-native/build/libARDataTransfer/obj/gen/Sources/ARDATATRANSFER_Error.c.o

.debug_pubnames
 *(.debug_pubnames)

.debug_info     0x0000000000000000     0xf683
 *(.debug_info .gnu.linkonce.wi.*)
 .debug_info    0x0000000000000000     0x4b06 /home/dima/ROS_Projects/miniardrone_ws/devel/arsdk/out/arsdk-native/build/libARDataTransfer/obj/Sources/ARDATATRANSFER_DataDownloader.c.o
 .debug_info    0x0000000000004b06     0x1906 /home/dima/ROS_Projects/miniardrone_ws/devel/arsdk/out/arsdk-native/build/libARDataTransfer/obj/Sources/ARDATATRANSFER_Downloader.c.o
 .debug_info    0x000000000000640c     0x114d /home/dima/ROS_Projects/miniardrone_ws/devel/arsdk/out/arsdk-native/build/libARDataTransfer/obj/Sources/ARDATATRANSFER_Manager.c.o
 .debug_info    0x0000000000007559     0x561a /home/dima/ROS_Projects/miniardrone_ws/devel/arsdk/out/arsdk-native/build/libARDataTransfer/obj/Sources/ARDATATRANSFER_MediasDownloader.c.o
 .debug_info    0x000000000000cb73     0x112c /home/dima/ROS_Projects/miniardrone_ws/devel/arsdk/out/arsdk-native/build/libARDataTransfer/obj/Sources/ARDATATRANSFER_MediasQueue.c.o
 .debug_info    0x000000000000dc9f     0x190c /home/dima/ROS_Projects/miniardrone_ws/devel/arsdk/out/arsdk-native/build/libARDataTransfer/obj/Sources/ARDATATRANSFER_Uploader.c.o
 .debug_info    0x000000000000f5ab       0xd8 /home/dima/ROS_Projects/miniardrone_ws/devel/arsdk/out/arsdk-native/build/libARDataTransfer/obj/gen/Sources/ARDATATRANSFER_Error.c.o

.debug_abbrev   0x0000000000000000     0x12c0
 *(.debug_abbrev)
 .debug_abbrev  0x0000000000000000      0x407 /home/dima/ROS_Projects/miniardrone_ws/devel/arsdk/out/arsdk-native/build/libARDataTransfer/obj/Sources/ARDATATRANSFER_DataDownloader.c.o
 .debug_abbrev  0x0000000000000407      0x2d6 /home/dima/ROS_Projects/miniardrone_ws/devel/arsdk/out/arsdk-native/build/libARDataTransfer/obj/Sources/ARDATATRANSFER_Downloader.c.o
 .debug_abbrev  0x00000000000006dd      0x231 /home/dima/ROS_Projects/miniardrone_ws/devel/arsdk/out/arsdk-native/build/libARDataTransfer/obj/Sources/ARDATATRANSFER_Manager.c.o
 .debug_abbrev  0x000000000000090e      0x3f7 /home/dima/ROS_Projects/miniardrone_ws/devel/arsdk/out/arsdk-native/build/libARDataTransfer/obj/Sources/ARDATATRANSFER_MediasDownloader.c.o
 .debug_abbrev  0x0000000000000d05      0x259 /home/dima/ROS_Projects/miniardrone_ws/devel/arsdk/out/arsdk-native/build/libARDataTransfer/obj/Sources/ARDATATRANSFER_MediasQueue.c.o
 .debug_abbrev  0x0000000000000f5e      0x2d6 /home/dima/ROS_Projects/miniardrone_ws/devel/arsdk/out/arsdk-native/build/libARDataTransfer/obj/Sources/ARDATATRANSFER_Uploader.c.o
 .debug_abbrev  0x0000000000001234       0x8c /home/dima/ROS_Projects/miniardrone_ws/devel/arsdk/out/arsdk-native/build/libARDataTransfer/obj/gen/Sources/ARDATATRANSFER_Error.c.o

.debug_line     0x0000000000000000     0x3492
 *(.debug_line .debug_line.* .debug_line_end)
 .debug_line    0x0000000000000000     0x100b /home/dima/ROS_Projects/miniardrone_ws/devel/arsdk/out/arsdk-native/build/libARDataTransfer/obj/Sources/ARDATATRANSFER_DataDownloader.c.o
 .debug_line    0x000000000000100b      0x538 /home/dima/ROS_Projects/miniardrone_ws/devel/arsdk/out/arsdk-native/build/libARDataTransfer/obj/Sources/ARDATATRANSFER_Downloader.c.o
 .debug_line    0x0000000000001543      0x451 /home/dima/ROS_Projects/miniardrone_ws/devel/arsdk/out/arsdk-native/build/libARDataTransfer/obj/Sources/ARDATATRANSFER_Manager.c.o
 .debug_line    0x0000000000001994     0x10db /home/dima/ROS_Projects/miniardrone_ws/devel/arsdk/out/arsdk-native/build/libARDataTransfer/obj/Sources/ARDATATRANSFER_MediasDownloader.c.o
 .debug_line    0x0000000000002a6f      0x3d8 /home/dima/ROS_Projects/miniardrone_ws/devel/arsdk/out/arsdk-native/build/libARDataTransfer/obj/Sources/ARDATATRANSFER_MediasQueue.c.o
 .debug_line    0x0000000000002e47      0x533 /home/dima/ROS_Projects/miniardrone_ws/devel/arsdk/out/arsdk-native/build/libARDataTransfer/obj/Sources/ARDATATRANSFER_Uploader.c.o
 .debug_line    0x000000000000337a      0x118 /home/dima/ROS_Projects/miniardrone_ws/devel/arsdk/out/arsdk-native/build/libARDataTransfer/obj/gen/Sources/ARDATATRANSFER_Error.c.o

.debug_frame
 *(.debug_frame)

.debug_str      0x0000000000000000     0x2984
 *(.debug_str)
 .debug_str     0x0000000000000000     0x1d48 /home/dima/ROS_Projects/miniardrone_ws/devel/arsdk/out/arsdk-native/build/libARDataTransfer/obj/Sources/ARDATATRANSFER_DataDownloader.c.o
                                       0x1e09 (size before relaxing)
 .debug_str     0x0000000000001d48      0x14f /home/dima/ROS_Projects/miniardrone_ws/devel/arsdk/out/arsdk-native/build/libARDataTransfer/obj/Sources/ARDATATRANSFER_Downloader.c.o
                                       0x1546 (size before relaxing)
 .debug_str     0x0000000000001e97       0x8f /home/dima/ROS_Projects/miniardrone_ws/devel/arsdk/out/arsdk-native/build/libARDataTransfer/obj/Sources/ARDATATRANSFER_Manager.c.o
                                       0x1416 (size before relaxing)
 .debug_str     0x0000000000001f26      0x855 /home/dima/ROS_Projects/miniardrone_ws/devel/arsdk/out/arsdk-native/build/libARDataTransfer/obj/Sources/ARDATATRANSFER_MediasDownloader.c.o
                                       0x1e39 (size before relaxing)
 .debug_str     0x000000000000277b       0x72 /home/dima/ROS_Projects/miniardrone_ws/devel/arsdk/out/arsdk-native/build/libARDataTransfer/obj/Sources/ARDATATRANSFER_MediasQueue.c.o
                                        0xbe8 (size before relaxing)
 .debug_str     0x00000000000027ed      0x13b /home/dima/ROS_Projects/miniardrone_ws/devel/arsdk/out/arsdk-native/build/libARDataTransfer/obj/Sources/ARDATATRANSFER_Uploader.c.o
                                       0x1548 (size before relaxing)
 .debug_str     0x0000000000002928       0x5c /home/dima/ROS_Projects/miniardrone_ws/devel/arsdk/out/arsdk-native/build/libARDataTransfer/obj/gen/Sources/ARDATATRANSFER_Error.c.o
                                        0x2c7 (size before relaxing)

.debug_loc      0x0000000000000000     0xb59e
 *(.debug_loc)
 .debug_loc     0x0000000000000000     0x3e38 /home/dima/ROS_Projects/miniardrone_ws/devel/arsdk/out/arsdk-native/build/libARDataTransfer/obj/Sources/ARDATATRANSFER_DataDownloader.c.o
 .debug_loc     0x0000000000003e38      0x7ce /home/dima/ROS_Projects/miniardrone_ws/devel/arsdk/out/arsdk-native/build/libARDataTransfer/obj/Sources/ARDATATRANSFER_Downloader.c.o
 .debug_loc     0x0000000000004606      0x131 /home/dima/ROS_Projects/miniardrone_ws/devel/arsdk/out/arsdk-native/build/libARDataTransfer/obj/Sources/ARDATATRANSFER_Manager.c.o
 .debug_loc     0x0000000000004737     0x5d6b /home/dima/ROS_Projects/miniardrone_ws/devel/arsdk/out/arsdk-native/build/libARDataTransfer/obj/Sources/ARDATATRANSFER_MediasDownloader.c.o
 .debug_loc     0x000000000000a4a2      0x8cf /home/dima/ROS_Projects/miniardrone_ws/devel/arsdk/out/arsdk-native/build/libARDataTransfer/obj/Sources/ARDATATRANSFER_MediasQueue.c.o
 .debug_loc     0x000000000000ad71      0x82d /home/dima/ROS_Projects/miniardrone_ws/devel/arsdk/out/arsdk-native/build/libARDataTransfer/obj/Sources/ARDATATRANSFER_Uploader.c.o

.debug_macinfo
 *(.debug_macinfo)

.debug_weaknames
 *(.debug_weaknames)

.debug_funcnames
 *(.debug_funcnames)

.debug_typenames
 *(.debug_typenames)

.debug_varnames
 *(.debug_varnames)

.debug_pubtypes
 *(.debug_pubtypes)

.debug_ranges   0x0000000000000000     0x2990
 *(.debug_ranges)
 .debug_ranges  0x0000000000000000     0x11e0 /home/dima/ROS_Projects/miniardrone_ws/devel/arsdk/out/arsdk-native/build/libARDataTransfer/obj/Sources/ARDATATRANSFER_DataDownloader.c.o
 .debug_ranges  0x00000000000011e0      0x210 /home/dima/ROS_Projects/miniardrone_ws/devel/arsdk/out/arsdk-native/build/libARDataTransfer/obj/Sources/ARDATATRANSFER_Downloader.c.o
 .debug_ranges  0x00000000000013f0       0xa0 /home/dima/ROS_Projects/miniardrone_ws/devel/arsdk/out/arsdk-native/build/libARDataTransfer/obj/Sources/ARDATATRANSFER_Manager.c.o
 .debug_ranges  0x0000000000001490     0x1160 /home/dima/ROS_Projects/miniardrone_ws/devel/arsdk/out/arsdk-native/build/libARDataTransfer/obj/Sources/ARDATATRANSFER_MediasDownloader.c.o
 .debug_ranges  0x00000000000025f0      0x170 /home/dima/ROS_Projects/miniardrone_ws/devel/arsdk/out/arsdk-native/build/libARDataTransfer/obj/Sources/ARDATATRANSFER_MediasQueue.c.o
 .debug_ranges  0x0000000000002760      0x210 /home/dima/ROS_Projects/miniardrone_ws/devel/arsdk/out/arsdk-native/build/libARDataTransfer/obj/Sources/ARDATATRANSFER_Uploader.c.o
 .debug_ranges  0x0000000000002970       0x20 /home/dima/ROS_Projects/miniardrone_ws/devel/arsdk/out/arsdk-native/build/libARDataTransfer/obj/gen/Sources/ARDATATRANSFER_Error.c.o

.debug_macro
 *(.debug_macro)

.gnu.attributes
 *(.gnu.attributes)

/DISCARD/
 *(.note.GNU-stack)
 *(.gnu_debuglink)
 *(.gnu.lto_*)
OUTPUT(/home/dima/ROS_Projects/miniardrone_ws/devel/arsdk/out/arsdk-native/build/libARDataTransfer/libardatatransfer.so elf64-x86-64)
