
As-needed library included to satisfy reference by file (symbol)

libarsal.so                   /home/dima/ROS_Projects/miniardrone_ws/devel/arsdk/out/arsdk-native/build/libARUtils/obj/Sources/ARUTILS_FileSystem.c.o (ARSAL_Nftw)
libcurl.so                    /home/dima/ROS_Projects/miniardrone_ws/devel/arsdk/out/arsdk-native/build/libARUtils/obj/Sources/ARUTILS_Http.c.o (curl_easy_cleanup)
libpthread.so.0               /home/dima/ROS_Projects/miniardrone_ws/devel/arsdk/out/arsdk-native/build/libARUtils/obj/Sources/ARUTILS_WifiFtp.c.o (write@@GLIBC_2.2.5)
libc.so.6                     /home/dima/ROS_Projects/miniardrone_ws/devel/arsdk/out/arsdk-native/build/libARUtils/obj/Sources/ARUTILS_Http.c.o (socket@@GLIBC_2.2.5)

Discarded input sections

 .text          0x0000000000000000        0x0 /usr/lib/gcc/x86_64-linux-gnu/5/../../../x86_64-linux-gnu/crti.o
 .data          0x0000000000000000        0x0 /usr/lib/gcc/x86_64-linux-gnu/5/../../../x86_64-linux-gnu/crti.o
 .bss           0x0000000000000000        0x0 /usr/lib/gcc/x86_64-linux-gnu/5/../../../x86_64-linux-gnu/crti.o
 .note.GNU-stack
                0x0000000000000000        0x0 /usr/lib/gcc/x86_64-linux-gnu/5/../../../x86_64-linux-gnu/crti.o
 .data          0x0000000000000000        0x0 /usr/lib/gcc/x86_64-linux-gnu/5/crtbeginS.o
 .text.unlikely
                0x0000000000000000        0x0 /usr/lib/gcc/x86_64-linux-gnu/5/crtbeginS.o
 .note.GNU-stack
                0x0000000000000000        0x0 /usr/lib/gcc/x86_64-linux-gnu/5/crtbeginS.o
 .text          0x0000000000000000        0x0 /home/dima/ROS_Projects/miniardrone_ws/devel/arsdk/out/arsdk-native/build/libARUtils/obj/Sources/ARUTILS_FileSystem.c.o
 .data          0x0000000000000000        0x0 /home/dima/ROS_Projects/miniardrone_ws/devel/arsdk/out/arsdk-native/build/libARUtils/obj/Sources/ARUTILS_FileSystem.c.o
 .bss           0x0000000000000000        0x0 /home/dima/ROS_Projects/miniardrone_ws/devel/arsdk/out/arsdk-native/build/libARUtils/obj/Sources/ARUTILS_FileSystem.c.o
 .text.unlikely.ARUTILS_FileSystem_IsExist
                0x0000000000000000        0x0 /home/dima/ROS_Projects/miniardrone_ws/devel/arsdk/out/arsdk-native/build/libARUtils/obj/Sources/ARUTILS_FileSystem.c.o
 .text.unlikely.ARUTILS_FileSystem_GetFileSize
                0x0000000000000000        0x0 /home/dima/ROS_Projects/miniardrone_ws/devel/arsdk/out/arsdk-native/build/libARUtils/obj/Sources/ARUTILS_FileSystem.c.o
 .text.unlikely.ARUTILS_FileSystem_Rename
                0x0000000000000000        0x0 /home/dima/ROS_Projects/miniardrone_ws/devel/arsdk/out/arsdk-native/build/libARUtils/obj/Sources/ARUTILS_FileSystem.c.o
 .text.unlikely.ARUTILS_FileSystem_RemoveFile
                0x0000000000000000        0x0 /home/dima/ROS_Projects/miniardrone_ws/devel/arsdk/out/arsdk-native/build/libARUtils/obj/Sources/ARUTILS_FileSystem.c.o
 .text.unlikely.ARUTILS_FileSystem_RemoveDir
                0x0000000000000000        0x0 /home/dima/ROS_Projects/miniardrone_ws/devel/arsdk/out/arsdk-native/build/libARUtils/obj/Sources/ARUTILS_FileSystem.c.o
 .text.unlikely.ARUTILS_FileSystem_RemoveDirCallback
                0x0000000000000000        0x0 /home/dima/ROS_Projects/miniardrone_ws/devel/arsdk/out/arsdk-native/build/libARUtils/obj/Sources/ARUTILS_FileSystem.c.o
 .text.unlikely.ARUTILS_FileSystem_GetFreeSpace
                0x0000000000000000        0x0 /home/dima/ROS_Projects/miniardrone_ws/devel/arsdk/out/arsdk-native/build/libARUtils/obj/Sources/ARUTILS_FileSystem.c.o
 .note.GNU-stack
                0x0000000000000000        0x0 /home/dima/ROS_Projects/miniardrone_ws/devel/arsdk/out/arsdk-native/build/libARUtils/obj/Sources/ARUTILS_FileSystem.c.o
 .text          0x0000000000000000        0x0 /home/dima/ROS_Projects/miniardrone_ws/devel/arsdk/out/arsdk-native/build/libARUtils/obj/Sources/ARUTILS_Http.c.o
 .data          0x0000000000000000        0x0 /home/dima/ROS_Projects/miniardrone_ws/devel/arsdk/out/arsdk-native/build/libARUtils/obj/Sources/ARUTILS_Http.c.o
 .bss           0x0000000000000000        0x0 /home/dima/ROS_Projects/miniardrone_ws/devel/arsdk/out/arsdk-native/build/libARUtils/obj/Sources/ARUTILS_Http.c.o
 .text.unlikely.ARUTILS_Http_ProgressCallback
                0x0000000000000000        0x0 /home/dima/ROS_Projects/miniardrone_ws/devel/arsdk/out/arsdk-native/build/libARUtils/obj/Sources/ARUTILS_Http.c.o
 .text.unlikely.ARUTILS_Http_ClosesocketCallback
                0x0000000000000000        0x0 /home/dima/ROS_Projects/miniardrone_ws/devel/arsdk/out/arsdk-native/build/libARUtils/obj/Sources/ARUTILS_Http.c.o
 .text.unlikely.ARUTILS_Http_OpensocketCallback
                0x0000000000000000        0x0 /home/dima/ROS_Projects/miniardrone_ws/devel/arsdk/out/arsdk-native/build/libARUtils/obj/Sources/ARUTILS_Http.c.o
 .text.unlikely.ARUTILS_Http_Connection_Cancel
                0x0000000000000000        0x0 /home/dima/ROS_Projects/miniardrone_ws/devel/arsdk/out/arsdk-native/build/libARUtils/obj/Sources/ARUTILS_Http.c.o
 .text.unlikely.ARUTILS_Http_SetSeverCertificate
                0x0000000000000000        0x0 /home/dima/ROS_Projects/miniardrone_ws/devel/arsdk/out/arsdk-native/build/libARUtils/obj/Sources/ARUTILS_Http.c.o
 .text.unlikely.ARUTILS_Http_FreeCallbackData
                0x0000000000000000        0x0 /home/dima/ROS_Projects/miniardrone_ws/devel/arsdk/out/arsdk-native/build/libARUtils/obj/Sources/ARUTILS_Http.c.o
 .text.unlikely.ARUTILS_Http_Connection_Delete
                0x0000000000000000        0x0 /home/dima/ROS_Projects/miniardrone_ws/devel/arsdk/out/arsdk-native/build/libARUtils/obj/Sources/ARUTILS_Http.c.o
 .text.unlikely.ARUTILS_Http_Connection_New
                0x0000000000000000        0x0 /home/dima/ROS_Projects/miniardrone_ws/devel/arsdk/out/arsdk-native/build/libARUtils/obj/Sources/ARUTILS_Http.c.o
 .text.unlikely.ARUTILS_Http_ResetOptions
                0x0000000000000000        0x0 /home/dima/ROS_Projects/miniardrone_ws/devel/arsdk/out/arsdk-native/build/libARUtils/obj/Sources/ARUTILS_Http.c.o
 .text.unlikely.ARUTILS_Http_IsCanceled
                0x0000000000000000        0x0 /home/dima/ROS_Projects/miniardrone_ws/devel/arsdk/out/arsdk-native/build/libARUtils/obj/Sources/ARUTILS_Http.c.o
 .text.unlikely.ARUTILS_Http_ReadDataCallback
                0x0000000000000000        0x0 /home/dima/ROS_Projects/miniardrone_ws/devel/arsdk/out/arsdk-native/build/libARUtils/obj/Sources/ARUTILS_Http.c.o
 .text.unlikely.ARUTILS_Http_WriteDataCallback
                0x0000000000000000        0x0 /home/dima/ROS_Projects/miniardrone_ws/devel/arsdk/out/arsdk-native/build/libARUtils/obj/Sources/ARUTILS_Http.c.o
 .text.unlikely.ARUTILS_Http_GetErrorFromCode
                0x0000000000000000        0x0 /home/dima/ROS_Projects/miniardrone_ws/devel/arsdk/out/arsdk-native/build/libARUtils/obj/Sources/ARUTILS_Http.c.o
 .text.unlikely.ARUTILS_Http_Get_Internal
                0x0000000000000000        0x0 /home/dima/ROS_Projects/miniardrone_ws/devel/arsdk/out/arsdk-native/build/libARUtils/obj/Sources/ARUTILS_Http.c.o
 .text.unlikely.ARUTILS_Http_Get
                0x0000000000000000        0x0 /home/dima/ROS_Projects/miniardrone_ws/devel/arsdk/out/arsdk-native/build/libARUtils/obj/Sources/ARUTILS_Http.c.o
 .text.unlikely.ARUTILS_Http_Get_WithBuffer
                0x0000000000000000        0x0 /home/dima/ROS_Projects/miniardrone_ws/devel/arsdk/out/arsdk-native/build/libARUtils/obj/Sources/ARUTILS_Http.c.o
 .text.unlikely.ARUTILS_Http_Post_WithFiles
                0x0000000000000000        0x0 /home/dima/ROS_Projects/miniardrone_ws/devel/arsdk/out/arsdk-native/build/libARUtils/obj/Sources/ARUTILS_Http.c.o
 .text.unlikely.ARUTILS_Http_Post_WithRange
                0x0000000000000000        0x0 /home/dima/ROS_Projects/miniardrone_ws/devel/arsdk/out/arsdk-native/build/libARUtils/obj/Sources/ARUTILS_Http.c.o
 .note.GNU-stack
                0x0000000000000000        0x0 /home/dima/ROS_Projects/miniardrone_ws/devel/arsdk/out/arsdk-native/build/libARUtils/obj/Sources/ARUTILS_Http.c.o
 .text          0x0000000000000000        0x0 /home/dima/ROS_Projects/miniardrone_ws/devel/arsdk/out/arsdk-native/build/libARUtils/obj/Sources/ARUTILS_Manager.c.o
 .data          0x0000000000000000        0x0 /home/dima/ROS_Projects/miniardrone_ws/devel/arsdk/out/arsdk-native/build/libARUtils/obj/Sources/ARUTILS_Manager.c.o
 .bss           0x0000000000000000        0x0 /home/dima/ROS_Projects/miniardrone_ws/devel/arsdk/out/arsdk-native/build/libARUtils/obj/Sources/ARUTILS_Manager.c.o
 .text.unlikely.ARUTILS_Manager_New
                0x0000000000000000        0x0 /home/dima/ROS_Projects/miniardrone_ws/devel/arsdk/out/arsdk-native/build/libARUtils/obj/Sources/ARUTILS_Manager.c.o
 .text.unlikely.ARUTILS_Manager_Delete
                0x0000000000000000        0x0 /home/dima/ROS_Projects/miniardrone_ws/devel/arsdk/out/arsdk-native/build/libARUtils/obj/Sources/ARUTILS_Manager.c.o
 .text.unlikely.ARUTILS_Manager_Ftp_Connection_Disconnect
                0x0000000000000000        0x0 /home/dima/ROS_Projects/miniardrone_ws/devel/arsdk/out/arsdk-native/build/libARUtils/obj/Sources/ARUTILS_Manager.c.o
 .text.unlikely.ARUTILS_Manager_Ftp_Connection_Reconnect
                0x0000000000000000        0x0 /home/dima/ROS_Projects/miniardrone_ws/devel/arsdk/out/arsdk-native/build/libARUtils/obj/Sources/ARUTILS_Manager.c.o
 .text.unlikely.ARUTILS_Manager_Ftp_Connection_Cancel
                0x0000000000000000        0x0 /home/dima/ROS_Projects/miniardrone_ws/devel/arsdk/out/arsdk-native/build/libARUtils/obj/Sources/ARUTILS_Manager.c.o
 .text.unlikely.ARUTILS_Manager_Ftp_Connection_IsCanceled
                0x0000000000000000        0x0 /home/dima/ROS_Projects/miniardrone_ws/devel/arsdk/out/arsdk-native/build/libARUtils/obj/Sources/ARUTILS_Manager.c.o
 .text.unlikely.ARUTILS_Manager_Ftp_Connection_Reset
                0x0000000000000000        0x0 /home/dima/ROS_Projects/miniardrone_ws/devel/arsdk/out/arsdk-native/build/libARUtils/obj/Sources/ARUTILS_Manager.c.o
 .text.unlikely.ARUTILS_Manager_Ftp_List
                0x0000000000000000        0x0 /home/dima/ROS_Projects/miniardrone_ws/devel/arsdk/out/arsdk-native/build/libARUtils/obj/Sources/ARUTILS_Manager.c.o
 .text.unlikely.ARUTILS_Manager_Ftp_Size
                0x0000000000000000        0x0 /home/dima/ROS_Projects/miniardrone_ws/devel/arsdk/out/arsdk-native/build/libARUtils/obj/Sources/ARUTILS_Manager.c.o
 .text.unlikely.ARUTILS_Manager_Ftp_Get_WithBuffer
                0x0000000000000000        0x0 /home/dima/ROS_Projects/miniardrone_ws/devel/arsdk/out/arsdk-native/build/libARUtils/obj/Sources/ARUTILS_Manager.c.o
 .text.unlikely.ARUTILS_Manager_Ftp_Get
                0x0000000000000000        0x0 /home/dima/ROS_Projects/miniardrone_ws/devel/arsdk/out/arsdk-native/build/libARUtils/obj/Sources/ARUTILS_Manager.c.o
 .text.unlikely.ARUTILS_Manager_Ftp_Put
                0x0000000000000000        0x0 /home/dima/ROS_Projects/miniardrone_ws/devel/arsdk/out/arsdk-native/build/libARUtils/obj/Sources/ARUTILS_Manager.c.o
 .text.unlikely.ARUTILS_Manager_Ftp_Delete
                0x0000000000000000        0x0 /home/dima/ROS_Projects/miniardrone_ws/devel/arsdk/out/arsdk-native/build/libARUtils/obj/Sources/ARUTILS_Manager.c.o
 .text.unlikely.ARUTILS_Manager_Ftp_RemoveDir
                0x0000000000000000        0x0 /home/dima/ROS_Projects/miniardrone_ws/devel/arsdk/out/arsdk-native/build/libARUtils/obj/Sources/ARUTILS_Manager.c.o
 .text.unlikely.ARUTILS_Manager_Ftp_Rename
                0x0000000000000000        0x0 /home/dima/ROS_Projects/miniardrone_ws/devel/arsdk/out/arsdk-native/build/libARUtils/obj/Sources/ARUTILS_Manager.c.o
 .note.GNU-stack
                0x0000000000000000        0x0 /home/dima/ROS_Projects/miniardrone_ws/devel/arsdk/out/arsdk-native/build/libARUtils/obj/Sources/ARUTILS_Manager.c.o
 .text          0x0000000000000000        0x0 /home/dima/ROS_Projects/miniardrone_ws/devel/arsdk/out/arsdk-native/build/libARUtils/obj/Sources/ARUTILS_WifiFtp.c.o
 .data          0x0000000000000000        0x0 /home/dima/ROS_Projects/miniardrone_ws/devel/arsdk/out/arsdk-native/build/libARUtils/obj/Sources/ARUTILS_WifiFtp.c.o
 .bss           0x0000000000000000        0x0 /home/dima/ROS_Projects/miniardrone_ws/devel/arsdk/out/arsdk-native/build/libARUtils/obj/Sources/ARUTILS_WifiFtp.c.o
 .text.unlikely.ARUTILS_WifiFtp_ClosesocketCallback
                0x0000000000000000        0x0 /home/dima/ROS_Projects/miniardrone_ws/devel/arsdk/out/arsdk-native/build/libARUtils/obj/Sources/ARUTILS_WifiFtp.c.o
 .text.unlikely.ARUTILS_WifiFtp_OpensocketCallback
                0x0000000000000000        0x0 /home/dima/ROS_Projects/miniardrone_ws/devel/arsdk/out/arsdk-native/build/libARUtils/obj/Sources/ARUTILS_WifiFtp.c.o
 .text.unlikely.ARUTILS_WifiFtp_Connection_Disconnect
                0x0000000000000000        0x0 /home/dima/ROS_Projects/miniardrone_ws/devel/arsdk/out/arsdk-native/build/libARUtils/obj/Sources/ARUTILS_WifiFtp.c.o
 .text.unlikely.ARUTILS_WifiFtpAL_Connection_Disconnect
                0x0000000000000000        0x0 /home/dima/ROS_Projects/miniardrone_ws/devel/arsdk/out/arsdk-native/build/libARUtils/obj/Sources/ARUTILS_WifiFtp.c.o
 .text.unlikely.ARUTILS_WifiFtp_Connection_Reconnect
                0x0000000000000000        0x0 /home/dima/ROS_Projects/miniardrone_ws/devel/arsdk/out/arsdk-native/build/libARUtils/obj/Sources/ARUTILS_WifiFtp.c.o
 .text.unlikely.ARUTILS_WifiFtpAL_Connection_Reconnect
                0x0000000000000000        0x0 /home/dima/ROS_Projects/miniardrone_ws/devel/arsdk/out/arsdk-native/build/libARUtils/obj/Sources/ARUTILS_WifiFtp.c.o
 .text.unlikely.ARUTILS_WifiFtp_Connection_Cancel
                0x0000000000000000        0x0 /home/dima/ROS_Projects/miniardrone_ws/devel/arsdk/out/arsdk-native/build/libARUtils/obj/Sources/ARUTILS_WifiFtp.c.o
 .text.unlikely.ARUTILS_WifiFtpAL_Connection_Cancel
                0x0000000000000000        0x0 /home/dima/ROS_Projects/miniardrone_ws/devel/arsdk/out/arsdk-native/build/libARUtils/obj/Sources/ARUTILS_WifiFtp.c.o
 .text.unlikely.ARUTILS_WifiFtp_Connection_Reset
                0x0000000000000000        0x0 /home/dima/ROS_Projects/miniardrone_ws/devel/arsdk/out/arsdk-native/build/libARUtils/obj/Sources/ARUTILS_WifiFtp.c.o
 .text.unlikely.ARUTILS_WifiFtpAL_Connection_Reset
                0x0000000000000000        0x0 /home/dima/ROS_Projects/miniardrone_ws/devel/arsdk/out/arsdk-native/build/libARUtils/obj/Sources/ARUTILS_WifiFtp.c.o
 .text.unlikely.ARUTILS_Ftp_List_GetNextItem
                0x0000000000000000        0x0 /home/dima/ROS_Projects/miniardrone_ws/devel/arsdk/out/arsdk-native/build/libARUtils/obj/Sources/ARUTILS_WifiFtp.c.o
 .text.unlikely.ARUTILS_Ftp_List_GetItemSize
                0x0000000000000000        0x0 /home/dima/ROS_Projects/miniardrone_ws/devel/arsdk/out/arsdk-native/build/libARUtils/obj/Sources/ARUTILS_WifiFtp.c.o
 .text.unlikely.ARUTILS_WifiFtp_FreeCallbackData
                0x0000000000000000        0x0 /home/dima/ROS_Projects/miniardrone_ws/devel/arsdk/out/arsdk-native/build/libARUtils/obj/Sources/ARUTILS_WifiFtp.c.o
 .text.unlikely.ARUTILS_WifiFtp_Connection_Delete
                0x0000000000000000        0x0 /home/dima/ROS_Projects/miniardrone_ws/devel/arsdk/out/arsdk-native/build/libARUtils/obj/Sources/ARUTILS_WifiFtp.c.o
 .text.unlikely.ARUTILS_WifiFtp_Connection_New
                0x0000000000000000        0x0 /home/dima/ROS_Projects/miniardrone_ws/devel/arsdk/out/arsdk-native/build/libARUtils/obj/Sources/ARUTILS_WifiFtp.c.o
 .text.unlikely.ARUTILS_WifiFtp_ResetOptions
                0x0000000000000000        0x0 /home/dima/ROS_Projects/miniardrone_ws/devel/arsdk/out/arsdk-native/build/libARUtils/obj/Sources/ARUTILS_WifiFtp.c.o
 .text.unlikely.ARUTILS_WifiFtp_IsCanceled
                0x0000000000000000        0x0 /home/dima/ROS_Projects/miniardrone_ws/devel/arsdk/out/arsdk-native/build/libARUtils/obj/Sources/ARUTILS_WifiFtp.c.o
 .text.unlikely.ARUTILS_WifiFtp_ReadDataCallback
                0x0000000000000000        0x0 /home/dima/ROS_Projects/miniardrone_ws/devel/arsdk/out/arsdk-native/build/libARUtils/obj/Sources/ARUTILS_WifiFtp.c.o
 .text.unlikely.ARUTILS_WifiFtp_WriteDataCallback
                0x0000000000000000        0x0 /home/dima/ROS_Projects/miniardrone_ws/devel/arsdk/out/arsdk-native/build/libARUtils/obj/Sources/ARUTILS_WifiFtp.c.o
 .text.unlikely.ARUTILS_WifiFtp_ProgressCallback
                0x0000000000000000        0x0 /home/dima/ROS_Projects/miniardrone_ws/devel/arsdk/out/arsdk-native/build/libARUtils/obj/Sources/ARUTILS_WifiFtp.c.o
 .text.unlikely.ARUTILS_WifiFtpAL_Connection_IsCanceled
                0x0000000000000000        0x0 /home/dima/ROS_Projects/miniardrone_ws/devel/arsdk/out/arsdk-native/build/libARUtils/obj/Sources/ARUTILS_WifiFtp.c.o
 .text.unlikely.ARUTILS_WifiFtp_GetErrorFromCode
                0x0000000000000000        0x0 /home/dima/ROS_Projects/miniardrone_ws/devel/arsdk/out/arsdk-native/build/libARUtils/obj/Sources/ARUTILS_WifiFtp.c.o
 .text.unlikely.ARUTILS_WifiFtp_Rename
                0x0000000000000000        0x0 /home/dima/ROS_Projects/miniardrone_ws/devel/arsdk/out/arsdk-native/build/libARUtils/obj/Sources/ARUTILS_WifiFtp.c.o
 .text.unlikely.ARUTILS_WifiFtpAL_Rename
                0x0000000000000000        0x0 /home/dima/ROS_Projects/miniardrone_ws/devel/arsdk/out/arsdk-native/build/libARUtils/obj/Sources/ARUTILS_WifiFtp.c.o
 .text.unlikely.ARUTILS_WifiFtp_Size
                0x0000000000000000        0x0 /home/dima/ROS_Projects/miniardrone_ws/devel/arsdk/out/arsdk-native/build/libARUtils/obj/Sources/ARUTILS_WifiFtp.c.o
 .text.unlikely.ARUTILS_WifiFtpAL_Size
                0x0000000000000000        0x0 /home/dima/ROS_Projects/miniardrone_ws/devel/arsdk/out/arsdk-native/build/libARUtils/obj/Sources/ARUTILS_WifiFtp.c.o
 .text.unlikely.ARUTILS_WifiFtp_Command
                0x0000000000000000        0x0 /home/dima/ROS_Projects/miniardrone_ws/devel/arsdk/out/arsdk-native/build/libARUtils/obj/Sources/ARUTILS_WifiFtp.c.o
 .text.unlikely.ARUTILS_WifiFtp_Delete
                0x0000000000000000        0x0 /home/dima/ROS_Projects/miniardrone_ws/devel/arsdk/out/arsdk-native/build/libARUtils/obj/Sources/ARUTILS_WifiFtp.c.o
 .text.unlikely.ARUTILS_WifiFtpAL_Delete
                0x0000000000000000        0x0 /home/dima/ROS_Projects/miniardrone_ws/devel/arsdk/out/arsdk-native/build/libARUtils/obj/Sources/ARUTILS_WifiFtp.c.o
 .text.unlikely.ARUTILS_WifiFtp_RemoveDir
                0x0000000000000000        0x0 /home/dima/ROS_Projects/miniardrone_ws/devel/arsdk/out/arsdk-native/build/libARUtils/obj/Sources/ARUTILS_WifiFtp.c.o
 .text.unlikely.ARUTILS_WifiFtpAL_RemoveDir
                0x0000000000000000        0x0 /home/dima/ROS_Projects/miniardrone_ws/devel/arsdk/out/arsdk-native/build/libARUtils/obj/Sources/ARUTILS_WifiFtp.c.o
 .text.unlikely.ARUTILS_WifiFtp_Cd
                0x0000000000000000        0x0 /home/dima/ROS_Projects/miniardrone_ws/devel/arsdk/out/arsdk-native/build/libARUtils/obj/Sources/ARUTILS_WifiFtp.c.o
 .text.unlikely.ARUTILS_WifiFtp_List
                0x0000000000000000        0x0 /home/dima/ROS_Projects/miniardrone_ws/devel/arsdk/out/arsdk-native/build/libARUtils/obj/Sources/ARUTILS_WifiFtp.c.o
 .text.unlikely.ARUTILS_WifiFtpAL_List
                0x0000000000000000        0x0 /home/dima/ROS_Projects/miniardrone_ws/devel/arsdk/out/arsdk-native/build/libARUtils/obj/Sources/ARUTILS_WifiFtp.c.o
 .text.unlikely.ARUTILS_WifiFtp_GetInternal
                0x0000000000000000        0x0 /home/dima/ROS_Projects/miniardrone_ws/devel/arsdk/out/arsdk-native/build/libARUtils/obj/Sources/ARUTILS_WifiFtp.c.o
 .text.unlikely.ARUTILS_WifiFtp_Get
                0x0000000000000000        0x0 /home/dima/ROS_Projects/miniardrone_ws/devel/arsdk/out/arsdk-native/build/libARUtils/obj/Sources/ARUTILS_WifiFtp.c.o
 .text.unlikely.ARUTILS_WifiFtpAL_Get
                0x0000000000000000        0x0 /home/dima/ROS_Projects/miniardrone_ws/devel/arsdk/out/arsdk-native/build/libARUtils/obj/Sources/ARUTILS_WifiFtp.c.o
 .text.unlikely.ARUTILS_WifiFtp_Get_WithBuffer
                0x0000000000000000        0x0 /home/dima/ROS_Projects/miniardrone_ws/devel/arsdk/out/arsdk-native/build/libARUtils/obj/Sources/ARUTILS_WifiFtp.c.o
 .text.unlikely.ARUTILS_WifiFtpAL_Get_WithBuffer
                0x0000000000000000        0x0 /home/dima/ROS_Projects/miniardrone_ws/devel/arsdk/out/arsdk-native/build/libARUtils/obj/Sources/ARUTILS_WifiFtp.c.o
 .text.unlikely.ARUTILS_WifiFtp_Put
                0x0000000000000000        0x0 /home/dima/ROS_Projects/miniardrone_ws/devel/arsdk/out/arsdk-native/build/libARUtils/obj/Sources/ARUTILS_WifiFtp.c.o
 .text.unlikely.ARUTILS_WifiFtpAL_Put
                0x0000000000000000        0x0 /home/dima/ROS_Projects/miniardrone_ws/devel/arsdk/out/arsdk-native/build/libARUtils/obj/Sources/ARUTILS_WifiFtp.c.o
 .text.unlikely.ARUTILS_Manager_InitWifiFtp
                0x0000000000000000        0x0 /home/dima/ROS_Projects/miniardrone_ws/devel/arsdk/out/arsdk-native/build/libARUtils/obj/Sources/ARUTILS_WifiFtp.c.o
 .text.unlikely.ARUTILS_Manager_CloseWifiFtp
                0x0000000000000000        0x0 /home/dima/ROS_Projects/miniardrone_ws/devel/arsdk/out/arsdk-native/build/libARUtils/obj/Sources/ARUTILS_WifiFtp.c.o
 .note.GNU-stack
                0x0000000000000000        0x0 /home/dima/ROS_Projects/miniardrone_ws/devel/arsdk/out/arsdk-native/build/libARUtils/obj/Sources/ARUTILS_WifiFtp.c.o
 .text          0x0000000000000000        0x0 /home/dima/ROS_Projects/miniardrone_ws/devel/arsdk/out/arsdk-native/build/libARUtils/obj/gen/Sources/ARUTILS_Error.c.o
 .data          0x0000000000000000        0x0 /home/dima/ROS_Projects/miniardrone_ws/devel/arsdk/out/arsdk-native/build/libARUtils/obj/gen/Sources/ARUTILS_Error.c.o
 .bss           0x0000000000000000        0x0 /home/dima/ROS_Projects/miniardrone_ws/devel/arsdk/out/arsdk-native/build/libARUtils/obj/gen/Sources/ARUTILS_Error.c.o
 .text.unlikely.ARUTILS_Error_ToString
                0x0000000000000000        0x0 /home/dima/ROS_Projects/miniardrone_ws/devel/arsdk/out/arsdk-native/build/libARUtils/obj/gen/Sources/ARUTILS_Error.c.o
 .note.GNU-stack
                0x0000000000000000        0x0 /home/dima/ROS_Projects/miniardrone_ws/devel/arsdk/out/arsdk-native/build/libARUtils/obj/gen/Sources/ARUTILS_Error.c.o
 .text          0x0000000000000000        0x0 /usr/lib/gcc/x86_64-linux-gnu/5/crtendS.o
 .data          0x0000000000000000        0x0 /usr/lib/gcc/x86_64-linux-gnu/5/crtendS.o
 .bss           0x0000000000000000        0x0 /usr/lib/gcc/x86_64-linux-gnu/5/crtendS.o
 .note.GNU-stack
                0x0000000000000000        0x0 /usr/lib/gcc/x86_64-linux-gnu/5/crtendS.o
 .text          0x0000000000000000        0x0 /usr/lib/gcc/x86_64-linux-gnu/5/../../../x86_64-linux-gnu/crtn.o
 .data          0x0000000000000000        0x0 /usr/lib/gcc/x86_64-linux-gnu/5/../../../x86_64-linux-gnu/crtn.o
 .bss           0x0000000000000000        0x0 /usr/lib/gcc/x86_64-linux-gnu/5/../../../x86_64-linux-gnu/crtn.o
 .note.GNU-stack
                0x0000000000000000        0x0 /usr/lib/gcc/x86_64-linux-gnu/5/../../../x86_64-linux-gnu/crtn.o

Memory Configuration

Name             Origin             Length             Attributes
*default*        0x0000000000000000 0xffffffffffffffff

Linker script and memory map

LOAD /usr/lib/gcc/x86_64-linux-gnu/5/../../../x86_64-linux-gnu/crti.o
LOAD /usr/lib/gcc/x86_64-linux-gnu/5/crtbeginS.o
LOAD /home/dima/ROS_Projects/miniardrone_ws/devel/arsdk/out/arsdk-native/build/libARUtils/obj/Sources/ARUTILS_FileSystem.c.o
LOAD /home/dima/ROS_Projects/miniardrone_ws/devel/arsdk/out/arsdk-native/build/libARUtils/obj/Sources/ARUTILS_Http.c.o
LOAD /home/dima/ROS_Projects/miniardrone_ws/devel/arsdk/out/arsdk-native/build/libARUtils/obj/Sources/ARUTILS_Manager.c.o
LOAD /home/dima/ROS_Projects/miniardrone_ws/devel/arsdk/out/arsdk-native/build/libARUtils/obj/Sources/ARUTILS_WifiFtp.c.o
LOAD /home/dima/ROS_Projects/miniardrone_ws/devel/arsdk/out/arsdk-native/build/libARUtils/obj/gen/Sources/ARUTILS_Error.c.o
LOAD /home/dima/ROS_Projects/miniardrone_ws/devel/arsdk/out/arsdk-native/staging/usr/lib/libarsal.so
LOAD /home/dima/ROS_Projects/miniardrone_ws/devel/arsdk/out/arsdk-native/staging/usr/lib/libardiscovery.so
LOAD /home/dima/ROS_Projects/miniardrone_ws/devel/arsdk/out/arsdk-native/staging/usr/lib/libarcommands.so
LOAD /home/dima/ROS_Projects/miniardrone_ws/devel/arsdk/out/arsdk-native/staging/usr/lib/libcurl.so
LOAD /usr/lib/gcc/x86_64-linux-gnu/5/../../../x86_64-linux-gnu/librt.so
LOAD /usr/lib/gcc/x86_64-linux-gnu/5/libstdc++.so
LOAD /usr/lib/gcc/x86_64-linux-gnu/5/../../../x86_64-linux-gnu/libm.so
START GROUP
LOAD /lib/x86_64-linux-gnu/libm.so.6
LOAD /usr/lib/x86_64-linux-gnu/libmvec_nonshared.a
LOAD /lib/x86_64-linux-gnu/libmvec.so.1
END GROUP
LOAD /usr/lib/gcc/x86_64-linux-gnu/5/libgcc_s.so
LOAD /usr/lib/gcc/x86_64-linux-gnu/5/../../../x86_64-linux-gnu/libpthread.so
START GROUP
LOAD /lib/x86_64-linux-gnu/libpthread.so.0
LOAD /usr/lib/x86_64-linux-gnu/libpthread_nonshared.a
END GROUP
LOAD /usr/lib/gcc/x86_64-linux-gnu/5/../../../x86_64-linux-gnu/libc.so
START GROUP
LOAD /lib/x86_64-linux-gnu/libc.so.6
LOAD /usr/lib/x86_64-linux-gnu/libc_nonshared.a
LOAD /lib/x86_64-linux-gnu/ld-linux-x86-64.so.2
END GROUP
LOAD /usr/lib/gcc/x86_64-linux-gnu/5/libgcc_s.so
LOAD /usr/lib/gcc/x86_64-linux-gnu/5/crtendS.o
LOAD /usr/lib/gcc/x86_64-linux-gnu/5/../../../x86_64-linux-gnu/crtn.o
                0x00000000000001c8                . = (0x0 + SIZEOF_HEADERS)

.note.gnu.build-id
                0x00000000000001c8       0x24
 *(.note.gnu.build-id)
 .note.gnu.build-id
                0x00000000000001c8       0x24 /usr/lib/gcc/x86_64-linux-gnu/5/../../../x86_64-linux-gnu/crti.o

.hash
 *(.hash)

.gnu.hash       0x00000000000001f0      0x2b4
 *(.gnu.hash)
 .gnu.hash      0x00000000000001f0      0x2b4 /usr/lib/gcc/x86_64-linux-gnu/5/../../../x86_64-linux-gnu/crti.o

.dynsym         0x00000000000004a8      0xdc8
 *(.dynsym)
 .dynsym        0x00000000000004a8      0xdc8 /usr/lib/gcc/x86_64-linux-gnu/5/../../../x86_64-linux-gnu/crti.o

.dynstr         0x0000000000001270      0xcbe
 *(.dynstr)
 .dynstr        0x0000000000001270      0xcbe /usr/lib/gcc/x86_64-linux-gnu/5/../../../x86_64-linux-gnu/crti.o

.gnu.version    0x0000000000001f2e      0x126
 *(.gnu.version)
 .gnu.version   0x0000000000001f2e      0x126 /usr/lib/gcc/x86_64-linux-gnu/5/../../../x86_64-linux-gnu/crti.o

.gnu.version_d  0x0000000000002058        0x0
 *(.gnu.version_d)
 .gnu.version_d
                0x0000000000002058        0x0 /usr/lib/gcc/x86_64-linux-gnu/5/../../../x86_64-linux-gnu/crti.o

.gnu.version_r  0x0000000000002058       0x80
 *(.gnu.version_r)
 .gnu.version_r
                0x0000000000002058       0x80 /usr/lib/gcc/x86_64-linux-gnu/5/../../../x86_64-linux-gnu/crti.o

.rela.dyn       0x00000000000020d8      0x300
 *(.rela.init)
 *(.rela.text .rela.text.* .rela.gnu.linkonce.t.*)
 .rela.text     0x00000000000020d8        0x0 /usr/lib/gcc/x86_64-linux-gnu/5/../../../x86_64-linux-gnu/crti.o
 *(.rela.fini)
 *(.rela.rodata .rela.rodata.* .rela.gnu.linkonce.r.*)
 *(.rela.data .rela.data.* .rela.gnu.linkonce.d.*)
 .rela.data.rel.local
                0x00000000000020d8       0x18 /usr/lib/gcc/x86_64-linux-gnu/5/../../../x86_64-linux-gnu/crti.o
 *(.rela.tdata .rela.tdata.* .rela.gnu.linkonce.td.*)
 *(.rela.tbss .rela.tbss.* .rela.gnu.linkonce.tb.*)
 *(.rela.ctors)
 *(.rela.dtors)
 *(.rela.got)
 .rela.got      0x00000000000020f0      0x2b8 /usr/lib/gcc/x86_64-linux-gnu/5/../../../x86_64-linux-gnu/crti.o
 *(.rela.bss .rela.bss.* .rela.gnu.linkonce.b.*)
 *(.rela.ldata .rela.ldata.* .rela.gnu.linkonce.l.*)
 *(.rela.lbss .rela.lbss.* .rela.gnu.linkonce.lb.*)
 *(.rela.lrodata .rela.lrodata.* .rela.gnu.linkonce.lr.*)
 *(.rela.ifunc)
 .rela.ifunc    0x00000000000023a8        0x0 /usr/lib/gcc/x86_64-linux-gnu/5/../../../x86_64-linux-gnu/crti.o
 .rela.fini_array
                0x00000000000023a8       0x18 /usr/lib/gcc/x86_64-linux-gnu/5/../../../x86_64-linux-gnu/crti.o
 .rela.init_array
                0x00000000000023c0       0x18 /usr/lib/gcc/x86_64-linux-gnu/5/../../../x86_64-linux-gnu/crti.o

.rela.plt       0x00000000000023d8      0x780
 *(.rela.plt)
 .rela.plt      0x00000000000023d8      0x780 /usr/lib/gcc/x86_64-linux-gnu/5/../../../x86_64-linux-gnu/crti.o
 *(.rela.iplt)

.init           0x0000000000002b58       0x1a
 *(SORT(.init))
 .init          0x0000000000002b58       0x15 /usr/lib/gcc/x86_64-linux-gnu/5/../../../x86_64-linux-gnu/crti.o
                0x0000000000002b58                _init
 .init          0x0000000000002b6d        0x5 /usr/lib/gcc/x86_64-linux-gnu/5/../../../x86_64-linux-gnu/crtn.o

.plt            0x0000000000002b80      0x510
 *(.plt)
 .plt           0x0000000000002b80      0x510 /usr/lib/gcc/x86_64-linux-gnu/5/../../../x86_64-linux-gnu/crti.o
 *(.iplt)

.plt.got        0x0000000000003090       0x10
 *(.plt.got)
 .plt.got       0x0000000000003090       0x10 /usr/lib/gcc/x86_64-linux-gnu/5/../../../x86_64-linux-gnu/crti.o

.plt.bnd
 *(.plt.bnd)

.text           0x00000000000030a0     0x5c08
 *(.text.unlikely .text.*_unlikely .text.unlikely.*)
 *(.text.exit .text.exit.*)
 *(.text.startup .text.startup.*)
 *(.text.hot .text.hot.*)
 *(.text .stub .text.* .gnu.linkonce.t.*)
 .text          0x00000000000030a0      0x100 /usr/lib/gcc/x86_64-linux-gnu/5/crtbeginS.o
 .text.ARUTILS_FileSystem_IsExist
                0x00000000000031a0       0x7e /home/dima/ROS_Projects/miniardrone_ws/devel/arsdk/out/arsdk-native/build/libARUtils/obj/Sources/ARUTILS_FileSystem.c.o
                0x00000000000031a0                ARUTILS_FileSystem_IsExist
 *fill*         0x000000000000321e        0x2 
 .text.ARUTILS_FileSystem_GetFileSize
                0x0000000000003220      0x1a3 /home/dima/ROS_Projects/miniardrone_ws/devel/arsdk/out/arsdk-native/build/libARUtils/obj/Sources/ARUTILS_FileSystem.c.o
                0x0000000000003220                ARUTILS_FileSystem_GetFileSize
 *fill*         0x00000000000033c3        0xd 
 .text.ARUTILS_FileSystem_Rename
                0x00000000000033d0       0xf4 /home/dima/ROS_Projects/miniardrone_ws/devel/arsdk/out/arsdk-native/build/libARUtils/obj/Sources/ARUTILS_FileSystem.c.o
                0x00000000000033d0                ARUTILS_FileSystem_Rename
 *fill*         0x00000000000034c4        0xc 
 .text.ARUTILS_FileSystem_RemoveFile
                0x00000000000034d0       0xd6 /home/dima/ROS_Projects/miniardrone_ws/devel/arsdk/out/arsdk-native/build/libARUtils/obj/Sources/ARUTILS_FileSystem.c.o
                0x00000000000034d0                ARUTILS_FileSystem_RemoveFile
 *fill*         0x00000000000035a6        0xa 
 .text.ARUTILS_FileSystem_RemoveDir
                0x00000000000035b0      0x114 /home/dima/ROS_Projects/miniardrone_ws/devel/arsdk/out/arsdk-native/build/libARUtils/obj/Sources/ARUTILS_FileSystem.c.o
                0x00000000000035b0                ARUTILS_FileSystem_RemoveDir
 *fill*         0x00000000000036c4        0xc 
 .text.ARUTILS_FileSystem_RemoveDirCallback
                0x00000000000036d0       0x3c /home/dima/ROS_Projects/miniardrone_ws/devel/arsdk/out/arsdk-native/build/libARUtils/obj/Sources/ARUTILS_FileSystem.c.o
                0x00000000000036d0                ARUTILS_FileSystem_RemoveDirCallback
 *fill*         0x000000000000370c        0x4 
 .text.ARUTILS_FileSystem_GetFreeSpace
                0x0000000000003710      0x140 /home/dima/ROS_Projects/miniardrone_ws/devel/arsdk/out/arsdk-native/build/libARUtils/obj/Sources/ARUTILS_FileSystem.c.o
                0x0000000000003710                ARUTILS_FileSystem_GetFreeSpace
 .text.ARUTILS_Http_ProgressCallback
                0x0000000000003850       0x84 /home/dima/ROS_Projects/miniardrone_ws/devel/arsdk/out/arsdk-native/build/libARUtils/obj/Sources/ARUTILS_Http.c.o
                0x0000000000003850                ARUTILS_Http_ProgressCallback
 *fill*         0x00000000000038d4        0xc 
 .text.ARUTILS_Http_ClosesocketCallback
                0x00000000000038e0       0x18 /home/dima/ROS_Projects/miniardrone_ws/devel/arsdk/out/arsdk-native/build/libARUtils/obj/Sources/ARUTILS_Http.c.o
                0x00000000000038e0                ARUTILS_Http_ClosesocketCallback
 *fill*         0x00000000000038f8        0x8 
 .text.ARUTILS_Http_OpensocketCallback
                0x0000000000003900       0x33 /home/dima/ROS_Projects/miniardrone_ws/devel/arsdk/out/arsdk-native/build/libARUtils/obj/Sources/ARUTILS_Http.c.o
                0x0000000000003900                ARUTILS_Http_OpensocketCallback
 *fill*         0x0000000000003933        0xd 
 .text.ARUTILS_Http_Connection_Cancel
                0x0000000000003940       0xfc /home/dima/ROS_Projects/miniardrone_ws/devel/arsdk/out/arsdk-native/build/libARUtils/obj/Sources/ARUTILS_Http.c.o
                0x0000000000003940                ARUTILS_Http_Connection_Cancel
 *fill*         0x0000000000003a3c        0x4 
 .text.ARUTILS_Http_SetSeverCertificate
                0x0000000000003a40       0x4f /home/dima/ROS_Projects/miniardrone_ws/devel/arsdk/out/arsdk-native/build/libARUtils/obj/Sources/ARUTILS_Http.c.o
                0x0000000000003a40                ARUTILS_Http_SetSeverCertificate
 *fill*         0x0000000000003a8f        0x1 
 .text.ARUTILS_Http_FreeCallbackData
                0x0000000000003a90       0x81 /home/dima/ROS_Projects/miniardrone_ws/devel/arsdk/out/arsdk-native/build/libARUtils/obj/Sources/ARUTILS_Http.c.o
                0x0000000000003a90                ARUTILS_Http_FreeCallbackData
 *fill*         0x0000000000003b11        0xf 
 .text.ARUTILS_Http_Connection_Delete
                0x0000000000003b20       0xed /home/dima/ROS_Projects/miniardrone_ws/devel/arsdk/out/arsdk-native/build/libARUtils/obj/Sources/ARUTILS_Http.c.o
                0x0000000000003b20                ARUTILS_Http_Connection_Delete
 *fill*         0x0000000000003c0d        0x3 
 .text.ARUTILS_Http_Connection_New
                0x0000000000003c10      0x2a9 /home/dima/ROS_Projects/miniardrone_ws/devel/arsdk/out/arsdk-native/build/libARUtils/obj/Sources/ARUTILS_Http.c.o
                0x0000000000003c10                ARUTILS_Http_Connection_New
 *fill*         0x0000000000003eb9        0x7 
 .text.ARUTILS_Http_ResetOptions
                0x0000000000003ec0      0x219 /home/dima/ROS_Projects/miniardrone_ws/devel/arsdk/out/arsdk-native/build/libARUtils/obj/Sources/ARUTILS_Http.c.o
                0x0000000000003ec0                ARUTILS_Http_ResetOptions
 *fill*         0x00000000000040d9        0x7 
 .text.ARUTILS_Http_IsCanceled
                0x00000000000040e0       0x57 /home/dima/ROS_Projects/miniardrone_ws/devel/arsdk/out/arsdk-native/build/libARUtils/obj/Sources/ARUTILS_Http.c.o
                0x00000000000040e0                ARUTILS_Http_IsCanceled
 *fill*         0x0000000000004137        0x9 
 .text.ARUTILS_Http_ReadDataCallback
                0x0000000000004140      0x10e /home/dima/ROS_Projects/miniardrone_ws/devel/arsdk/out/arsdk-native/build/libARUtils/obj/Sources/ARUTILS_Http.c.o
                0x0000000000004140                ARUTILS_Http_ReadDataCallback
 *fill*         0x000000000000424e        0x2 
 .text.ARUTILS_Http_WriteDataCallback
                0x0000000000004250      0x12a /home/dima/ROS_Projects/miniardrone_ws/devel/arsdk/out/arsdk-native/build/libARUtils/obj/Sources/ARUTILS_Http.c.o
                0x0000000000004250                ARUTILS_Http_WriteDataCallback
 *fill*         0x000000000000437a        0x6 
 .text.ARUTILS_Http_GetErrorFromCode
                0x0000000000004380       0x2e /home/dima/ROS_Projects/miniardrone_ws/devel/arsdk/out/arsdk-native/build/libARUtils/obj/Sources/ARUTILS_Http.c.o
                0x0000000000004380                ARUTILS_Http_GetErrorFromCode
 *fill*         0x00000000000043ae        0x2 
 .text.ARUTILS_Http_Get_Internal
                0x00000000000043b0      0x60b /home/dima/ROS_Projects/miniardrone_ws/devel/arsdk/out/arsdk-native/build/libARUtils/obj/Sources/ARUTILS_Http.c.o
                0x00000000000043b0                ARUTILS_Http_Get_Internal
 *fill*         0x00000000000049bb        0x5 
 .text.ARUTILS_Http_Get
                0x00000000000049c0       0x18 /home/dima/ROS_Projects/miniardrone_ws/devel/arsdk/out/arsdk-native/build/libARUtils/obj/Sources/ARUTILS_Http.c.o
                0x00000000000049c0                ARUTILS_Http_Get
 *fill*         0x00000000000049d8        0x8 
 .text.ARUTILS_Http_Get_WithBuffer
                0x00000000000049e0       0x1b /home/dima/ROS_Projects/miniardrone_ws/devel/arsdk/out/arsdk-native/build/libARUtils/obj/Sources/ARUTILS_Http.c.o
                0x00000000000049e0                ARUTILS_Http_Get_WithBuffer
 *fill*         0x00000000000049fb        0x5 
 .text.ARUTILS_Http_Post_WithFiles
                0x0000000000004a00      0x4c8 /home/dima/ROS_Projects/miniardrone_ws/devel/arsdk/out/arsdk-native/build/libARUtils/obj/Sources/ARUTILS_Http.c.o
                0x0000000000004a00                ARUTILS_Http_Post_WithFiles
 *fill*         0x0000000000004ec8        0x8 
 .text.ARUTILS_Http_Post_WithRange
                0x0000000000004ed0      0x6f1 /home/dima/ROS_Projects/miniardrone_ws/devel/arsdk/out/arsdk-native/build/libARUtils/obj/Sources/ARUTILS_Http.c.o
                0x0000000000004ed0                ARUTILS_Http_Post_WithRange
 *fill*         0x00000000000055c1        0xf 
 .text.ARUTILS_Manager_New
                0x00000000000055d0       0xd1 /home/dima/ROS_Projects/miniardrone_ws/devel/arsdk/out/arsdk-native/build/libARUtils/obj/Sources/ARUTILS_Manager.c.o
                0x00000000000055d0                ARUTILS_Manager_New
 *fill*         0x00000000000056a1        0xf 
 .text.ARUTILS_Manager_Delete
                0x00000000000056b0       0xcd /home/dima/ROS_Projects/miniardrone_ws/devel/arsdk/out/arsdk-native/build/libARUtils/obj/Sources/ARUTILS_Manager.c.o
                0x00000000000056b0                ARUTILS_Manager_Delete
 *fill*         0x000000000000577d        0x3 
 .text.ARUTILS_Manager_Ftp_Connection_Disconnect
                0x0000000000005780       0x16 /home/dima/ROS_Projects/miniardrone_ws/devel/arsdk/out/arsdk-native/build/libARUtils/obj/Sources/ARUTILS_Manager.c.o
                0x0000000000005780                ARUTILS_Manager_Ftp_Connection_Disconnect
 *fill*         0x0000000000005796        0xa 
 .text.ARUTILS_Manager_Ftp_Connection_Reconnect
                0x00000000000057a0       0x16 /home/dima/ROS_Projects/miniardrone_ws/devel/arsdk/out/arsdk-native/build/libARUtils/obj/Sources/ARUTILS_Manager.c.o
                0x00000000000057a0                ARUTILS_Manager_Ftp_Connection_Reconnect
 *fill*         0x00000000000057b6        0xa 
 .text.ARUTILS_Manager_Ftp_Connection_Cancel
                0x00000000000057c0       0x16 /home/dima/ROS_Projects/miniardrone_ws/devel/arsdk/out/arsdk-native/build/libARUtils/obj/Sources/ARUTILS_Manager.c.o
                0x00000000000057c0                ARUTILS_Manager_Ftp_Connection_Cancel
 *fill*         0x00000000000057d6        0xa 
 .text.ARUTILS_Manager_Ftp_Connection_IsCanceled
                0x00000000000057e0       0xe3 /home/dima/ROS_Projects/miniardrone_ws/devel/arsdk/out/arsdk-native/build/libARUtils/obj/Sources/ARUTILS_Manager.c.o
                0x00000000000057e0                ARUTILS_Manager_Ftp_Connection_IsCanceled
 *fill*         0x00000000000058c3        0xd 
 .text.ARUTILS_Manager_Ftp_Connection_Reset
                0x00000000000058d0       0x16 /home/dima/ROS_Projects/miniardrone_ws/devel/arsdk/out/arsdk-native/build/libARUtils/obj/Sources/ARUTILS_Manager.c.o
                0x00000000000058d0                ARUTILS_Manager_Ftp_Connection_Reset
 *fill*         0x00000000000058e6        0xa 
 .text.ARUTILS_Manager_Ftp_List
                0x00000000000058f0       0x16 /home/dima/ROS_Projects/miniardrone_ws/devel/arsdk/out/arsdk-native/build/libARUtils/obj/Sources/ARUTILS_Manager.c.o
                0x00000000000058f0                ARUTILS_Manager_Ftp_List
 *fill*         0x0000000000005906        0xa 
 .text.ARUTILS_Manager_Ftp_Size
                0x0000000000005910       0x16 /home/dima/ROS_Projects/miniardrone_ws/devel/arsdk/out/arsdk-native/build/libARUtils/obj/Sources/ARUTILS_Manager.c.o
                0x0000000000005910                ARUTILS_Manager_Ftp_Size
 *fill*         0x0000000000005926        0xa 
 .text.ARUTILS_Manager_Ftp_Get_WithBuffer
                0x0000000000005930       0x16 /home/dima/ROS_Projects/miniardrone_ws/devel/arsdk/out/arsdk-native/build/libARUtils/obj/Sources/ARUTILS_Manager.c.o
                0x0000000000005930                ARUTILS_Manager_Ftp_Get_WithBuffer
 *fill*         0x0000000000005946        0xa 
 .text.ARUTILS_Manager_Ftp_Get
                0x0000000000005950       0x16 /home/dima/ROS_Projects/miniardrone_ws/devel/arsdk/out/arsdk-native/build/libARUtils/obj/Sources/ARUTILS_Manager.c.o
                0x0000000000005950                ARUTILS_Manager_Ftp_Get
 *fill*         0x0000000000005966        0xa 
 .text.ARUTILS_Manager_Ftp_Put
                0x0000000000005970       0x16 /home/dima/ROS_Projects/miniardrone_ws/devel/arsdk/out/arsdk-native/build/libARUtils/obj/Sources/ARUTILS_Manager.c.o
                0x0000000000005970                ARUTILS_Manager_Ftp_Put
 *fill*         0x0000000000005986        0xa 
 .text.ARUTILS_Manager_Ftp_Delete
                0x0000000000005990       0x16 /home/dima/ROS_Projects/miniardrone_ws/devel/arsdk/out/arsdk-native/build/libARUtils/obj/Sources/ARUTILS_Manager.c.o
                0x0000000000005990                ARUTILS_Manager_Ftp_Delete
 *fill*         0x00000000000059a6        0xa 
 .text.ARUTILS_Manager_Ftp_RemoveDir
                0x00000000000059b0       0x16 /home/dima/ROS_Projects/miniardrone_ws/devel/arsdk/out/arsdk-native/build/libARUtils/obj/Sources/ARUTILS_Manager.c.o
                0x00000000000059b0                ARUTILS_Manager_Ftp_RemoveDir
 *fill*         0x00000000000059c6        0xa 
 .text.ARUTILS_Manager_Ftp_Rename
                0x00000000000059d0       0x16 /home/dima/ROS_Projects/miniardrone_ws/devel/arsdk/out/arsdk-native/build/libARUtils/obj/Sources/ARUTILS_Manager.c.o
                0x00000000000059d0                ARUTILS_Manager_Ftp_Rename
 *fill*         0x00000000000059e6        0xa 
 .text.ARUTILS_WifiFtp_ClosesocketCallback
                0x00000000000059f0       0x18 /home/dima/ROS_Projects/miniardrone_ws/devel/arsdk/out/arsdk-native/build/libARUtils/obj/Sources/ARUTILS_WifiFtp.c.o
                0x00000000000059f0                ARUTILS_WifiFtp_ClosesocketCallback
 *fill*         0x0000000000005a08        0x8 
 .text.ARUTILS_WifiFtp_OpensocketCallback
                0x0000000000005a10       0x33 /home/dima/ROS_Projects/miniardrone_ws/devel/arsdk/out/arsdk-native/build/libARUtils/obj/Sources/ARUTILS_WifiFtp.c.o
                0x0000000000005a10                ARUTILS_WifiFtp_OpensocketCallback
 *fill*         0x0000000000005a43        0xd 
 .text.ARUTILS_WifiFtp_Connection_Disconnect
                0x0000000000005a50       0x36 /home/dima/ROS_Projects/miniardrone_ws/devel/arsdk/out/arsdk-native/build/libARUtils/obj/Sources/ARUTILS_WifiFtp.c.o
                0x0000000000005a50                ARUTILS_WifiFtp_Connection_Disconnect
 *fill*         0x0000000000005a86        0xa 
 .text.ARUTILS_WifiFtpAL_Connection_Disconnect
                0x0000000000005a90        0x9 /home/dima/ROS_Projects/miniardrone_ws/devel/arsdk/out/arsdk-native/build/libARUtils/obj/Sources/ARUTILS_WifiFtp.c.o
                0x0000000000005a90                ARUTILS_WifiFtpAL_Connection_Disconnect
 *fill*         0x0000000000005a99        0x7 
 .text.ARUTILS_WifiFtp_Connection_Reconnect
                0x0000000000005aa0       0x2e /home/dima/ROS_Projects/miniardrone_ws/devel/arsdk/out/arsdk-native/build/libARUtils/obj/Sources/ARUTILS_WifiFtp.c.o
                0x0000000000005aa0                ARUTILS_WifiFtp_Connection_Reconnect
 *fill*         0x0000000000005ace        0x2 
 .text.ARUTILS_WifiFtpAL_Connection_Reconnect
                0x0000000000005ad0        0x9 /home/dima/ROS_Projects/miniardrone_ws/devel/arsdk/out/arsdk-native/build/libARUtils/obj/Sources/ARUTILS_WifiFtp.c.o
                0x0000000000005ad0                ARUTILS_WifiFtpAL_Connection_Reconnect
 *fill*         0x0000000000005ad9        0x7 
 .text.ARUTILS_WifiFtp_Connection_Cancel
                0x0000000000005ae0       0xfc /home/dima/ROS_Projects/miniardrone_ws/devel/arsdk/out/arsdk-native/build/libARUtils/obj/Sources/ARUTILS_WifiFtp.c.o
                0x0000000000005ae0                ARUTILS_WifiFtp_Connection_Cancel
 *fill*         0x0000000000005bdc        0x4 
 .text.ARUTILS_WifiFtpAL_Connection_Cancel
                0x0000000000005be0        0x9 /home/dima/ROS_Projects/miniardrone_ws/devel/arsdk/out/arsdk-native/build/libARUtils/obj/Sources/ARUTILS_WifiFtp.c.o
                0x0000000000005be0                ARUTILS_WifiFtpAL_Connection_Cancel
 *fill*         0x0000000000005be9        0x7 
 .text.ARUTILS_WifiFtp_Connection_Reset
                0x0000000000005bf0       0xe3 /home/dima/ROS_Projects/miniardrone_ws/devel/arsdk/out/arsdk-native/build/libARUtils/obj/Sources/ARUTILS_WifiFtp.c.o
                0x0000000000005bf0                ARUTILS_WifiFtp_Connection_Reset
 *fill*         0x0000000000005cd3        0xd 
 .text.ARUTILS_WifiFtpAL_Connection_Reset
                0x0000000000005ce0        0x9 /home/dima/ROS_Projects/miniardrone_ws/devel/arsdk/out/arsdk-native/build/libARUtils/obj/Sources/ARUTILS_WifiFtp.c.o
                0x0000000000005ce0                ARUTILS_WifiFtpAL_Connection_Reset
 *fill*         0x0000000000005ce9        0x7 
 .text.ARUTILS_Ftp_List_GetNextItem
                0x0000000000005cf0      0x1f4 /home/dima/ROS_Projects/miniardrone_ws/devel/arsdk/out/arsdk-native/build/libARUtils/obj/Sources/ARUTILS_WifiFtp.c.o
                0x0000000000005cf0                ARUTILS_Ftp_List_GetNextItem
 *fill*         0x0000000000005ee4        0xc 
 .text.ARUTILS_Ftp_List_GetItemSize
                0x0000000000005ef0       0xe2 /home/dima/ROS_Projects/miniardrone_ws/devel/arsdk/out/arsdk-native/build/libARUtils/obj/Sources/ARUTILS_WifiFtp.c.o
                0x0000000000005ef0                ARUTILS_Ftp_List_GetItemSize
 *fill*         0x0000000000005fd2        0xe 
 .text.ARUTILS_WifiFtp_FreeCallbackData
                0x0000000000005fe0       0x5d /home/dima/ROS_Projects/miniardrone_ws/devel/arsdk/out/arsdk-native/build/libARUtils/obj/Sources/ARUTILS_WifiFtp.c.o
                0x0000000000005fe0                ARUTILS_WifiFtp_FreeCallbackData
 *fill*         0x000000000000603d        0x3 
 .text.ARUTILS_WifiFtp_Connection_Delete
                0x0000000000006040       0xed /home/dima/ROS_Projects/miniardrone_ws/devel/arsdk/out/arsdk-native/build/libARUtils/obj/Sources/ARUTILS_WifiFtp.c.o
                0x0000000000006040                ARUTILS_WifiFtp_Connection_Delete
 *fill*         0x000000000000612d        0x3 
 .text.ARUTILS_WifiFtp_Connection_New
                0x0000000000006130      0x276 /home/dima/ROS_Projects/miniardrone_ws/devel/arsdk/out/arsdk-native/build/libARUtils/obj/Sources/ARUTILS_WifiFtp.c.o
                0x0000000000006130                ARUTILS_WifiFtp_Connection_New
 *fill*         0x00000000000063a6        0xa 
 .text.ARUTILS_WifiFtp_ResetOptions
                0x00000000000063b0      0x1ac /home/dima/ROS_Projects/miniardrone_ws/devel/arsdk/out/arsdk-native/build/libARUtils/obj/Sources/ARUTILS_WifiFtp.c.o
                0x00000000000063b0                ARUTILS_WifiFtp_ResetOptions
 *fill*         0x000000000000655c        0x4 
 .text.ARUTILS_WifiFtp_IsCanceled
                0x0000000000006560       0x57 /home/dima/ROS_Projects/miniardrone_ws/devel/arsdk/out/arsdk-native/build/libARUtils/obj/Sources/ARUTILS_WifiFtp.c.o
                0x0000000000006560                ARUTILS_WifiFtp_IsCanceled
 *fill*         0x00000000000065b7        0x9 
 .text.ARUTILS_WifiFtp_ReadDataCallback
                0x00000000000065c0       0x84 /home/dima/ROS_Projects/miniardrone_ws/devel/arsdk/out/arsdk-native/build/libARUtils/obj/Sources/ARUTILS_WifiFtp.c.o
                0x00000000000065c0                ARUTILS_WifiFtp_ReadDataCallback
 *fill*         0x0000000000006644        0xc 
 .text.ARUTILS_WifiFtp_WriteDataCallback
                0x0000000000006650      0x16d /home/dima/ROS_Projects/miniardrone_ws/devel/arsdk/out/arsdk-native/build/libARUtils/obj/Sources/ARUTILS_WifiFtp.c.o
                0x0000000000006650                ARUTILS_WifiFtp_WriteDataCallback
 *fill*         0x00000000000067bd        0x3 
 .text.ARUTILS_WifiFtp_ProgressCallback
                0x00000000000067c0       0xb3 /home/dima/ROS_Projects/miniardrone_ws/devel/arsdk/out/arsdk-native/build/libARUtils/obj/Sources/ARUTILS_WifiFtp.c.o
                0x00000000000067c0                ARUTILS_WifiFtp_ProgressCallback
 *fill*         0x0000000000006873        0xd 
 .text.ARUTILS_WifiFtpAL_Connection_IsCanceled
                0x0000000000006880        0x9 /home/dima/ROS_Projects/miniardrone_ws/devel/arsdk/out/arsdk-native/build/libARUtils/obj/Sources/ARUTILS_WifiFtp.c.o
                0x0000000000006880                ARUTILS_WifiFtpAL_Connection_IsCanceled
 *fill*         0x0000000000006889        0x7 
 .text.ARUTILS_WifiFtp_GetErrorFromCode
                0x0000000000006890       0x9c /home/dima/ROS_Projects/miniardrone_ws/devel/arsdk/out/arsdk-native/build/libARUtils/obj/Sources/ARUTILS_WifiFtp.c.o
                0x0000000000006890                ARUTILS_WifiFtp_GetErrorFromCode
 *fill*         0x000000000000692c        0x4 
 .text.ARUTILS_WifiFtp_Rename
                0x0000000000006930      0x3d1 /home/dima/ROS_Projects/miniardrone_ws/devel/arsdk/out/arsdk-native/build/libARUtils/obj/Sources/ARUTILS_WifiFtp.c.o
                0x0000000000006930                ARUTILS_WifiFtp_Rename
 *fill*         0x0000000000006d01        0xf 
 .text.ARUTILS_WifiFtpAL_Rename
                0x0000000000006d10        0x9 /home/dima/ROS_Projects/miniardrone_ws/devel/arsdk/out/arsdk-native/build/libARUtils/obj/Sources/ARUTILS_WifiFtp.c.o
                0x0000000000006d10                ARUTILS_WifiFtpAL_Rename
 *fill*         0x0000000000006d19        0x7 
 .text.ARUTILS_WifiFtp_Size
                0x0000000000006d20      0x4e0 /home/dima/ROS_Projects/miniardrone_ws/devel/arsdk/out/arsdk-native/build/libARUtils/obj/Sources/ARUTILS_WifiFtp.c.o
                0x0000000000006d20                ARUTILS_WifiFtp_Size
 .text.ARUTILS_WifiFtpAL_Size
                0x0000000000007200        0x9 /home/dima/ROS_Projects/miniardrone_ws/devel/arsdk/out/arsdk-native/build/libARUtils/obj/Sources/ARUTILS_WifiFtp.c.o
                0x0000000000007200                ARUTILS_WifiFtpAL_Size
 *fill*         0x0000000000007209        0x7 
 .text.ARUTILS_WifiFtp_Command
                0x0000000000007210      0x2d8 /home/dima/ROS_Projects/miniardrone_ws/devel/arsdk/out/arsdk-native/build/libARUtils/obj/Sources/ARUTILS_WifiFtp.c.o
                0x0000000000007210                ARUTILS_WifiFtp_Command
 *fill*         0x00000000000074e8        0x8 
 .text.ARUTILS_WifiFtp_Delete
                0x00000000000074f0      0x106 /home/dima/ROS_Projects/miniardrone_ws/devel/arsdk/out/arsdk-native/build/libARUtils/obj/Sources/ARUTILS_WifiFtp.c.o
                0x00000000000074f0                ARUTILS_WifiFtp_Delete
 *fill*         0x00000000000075f6        0xa 
 .text.ARUTILS_WifiFtpAL_Delete
                0x0000000000007600        0x9 /home/dima/ROS_Projects/miniardrone_ws/devel/arsdk/out/arsdk-native/build/libARUtils/obj/Sources/ARUTILS_WifiFtp.c.o
                0x0000000000007600                ARUTILS_WifiFtpAL_Delete
 *fill*         0x0000000000007609        0x7 
 .text.ARUTILS_WifiFtp_RemoveDir
                0x0000000000007610      0x106 /home/dima/ROS_Projects/miniardrone_ws/devel/arsdk/out/arsdk-native/build/libARUtils/obj/Sources/ARUTILS_WifiFtp.c.o
                0x0000000000007610                ARUTILS_WifiFtp_RemoveDir
 *fill*         0x0000000000007716        0xa 
 .text.ARUTILS_WifiFtpAL_RemoveDir
                0x0000000000007720        0x9 /home/dima/ROS_Projects/miniardrone_ws/devel/arsdk/out/arsdk-native/build/libARUtils/obj/Sources/ARUTILS_WifiFtp.c.o
                0x0000000000007720                ARUTILS_WifiFtpAL_RemoveDir
 *fill*         0x0000000000007729        0x7 
 .text.ARUTILS_WifiFtp_Cd
                0x0000000000007730      0x106 /home/dima/ROS_Projects/miniardrone_ws/devel/arsdk/out/arsdk-native/build/libARUtils/obj/Sources/ARUTILS_WifiFtp.c.o
                0x0000000000007730                ARUTILS_WifiFtp_Cd
 *fill*         0x0000000000007836        0xa 
 .text.ARUTILS_WifiFtp_List
                0x0000000000007840      0x4d2 /home/dima/ROS_Projects/miniardrone_ws/devel/arsdk/out/arsdk-native/build/libARUtils/obj/Sources/ARUTILS_WifiFtp.c.o
                0x0000000000007840                ARUTILS_WifiFtp_List
 *fill*         0x0000000000007d12        0xe 
 .text.ARUTILS_WifiFtpAL_List
                0x0000000000007d20        0x9 /home/dima/ROS_Projects/miniardrone_ws/devel/arsdk/out/arsdk-native/build/libARUtils/obj/Sources/ARUTILS_WifiFtp.c.o
                0x0000000000007d20                ARUTILS_WifiFtpAL_List
 *fill*         0x0000000000007d29        0x7 
 .text.ARUTILS_WifiFtp_GetInternal
                0x0000000000007d30      0x602 /home/dima/ROS_Projects/miniardrone_ws/devel/arsdk/out/arsdk-native/build/libARUtils/obj/Sources/ARUTILS_WifiFtp.c.o
                0x0000000000007d30                ARUTILS_WifiFtp_GetInternal
 *fill*         0x0000000000008332        0xe 
 .text.ARUTILS_WifiFtp_Get
                0x0000000000008340       0x1a /home/dima/ROS_Projects/miniardrone_ws/devel/arsdk/out/arsdk-native/build/libARUtils/obj/Sources/ARUTILS_WifiFtp.c.o
                0x0000000000008340                ARUTILS_WifiFtp_Get
 *fill*         0x000000000000835a        0x6 
 .text.ARUTILS_WifiFtpAL_Get
                0x0000000000008360        0x9 /home/dima/ROS_Projects/miniardrone_ws/devel/arsdk/out/arsdk-native/build/libARUtils/obj/Sources/ARUTILS_WifiFtp.c.o
                0x0000000000008360                ARUTILS_WifiFtpAL_Get
 *fill*         0x0000000000008369        0x7 
 .text.ARUTILS_WifiFtp_Get_WithBuffer
                0x0000000000008370       0x1d /home/dima/ROS_Projects/miniardrone_ws/devel/arsdk/out/arsdk-native/build/libARUtils/obj/Sources/ARUTILS_WifiFtp.c.o
                0x0000000000008370                ARUTILS_WifiFtp_Get_WithBuffer
 *fill*         0x000000000000838d        0x3 
 .text.ARUTILS_WifiFtpAL_Get_WithBuffer
                0x0000000000008390        0x9 /home/dima/ROS_Projects/miniardrone_ws/devel/arsdk/out/arsdk-native/build/libARUtils/obj/Sources/ARUTILS_WifiFtp.c.o
                0x0000000000008390                ARUTILS_WifiFtpAL_Get_WithBuffer
 *fill*         0x0000000000008399        0x7 
 .text.ARUTILS_WifiFtp_Put
                0x00000000000083a0      0x53f /home/dima/ROS_Projects/miniardrone_ws/devel/arsdk/out/arsdk-native/build/libARUtils/obj/Sources/ARUTILS_WifiFtp.c.o
                0x00000000000083a0                ARUTILS_WifiFtp_Put
 *fill*         0x00000000000088df        0x1 
 .text.ARUTILS_WifiFtpAL_Put
                0x00000000000088e0        0x9 /home/dima/ROS_Projects/miniardrone_ws/devel/arsdk/out/arsdk-native/build/libARUtils/obj/Sources/ARUTILS_WifiFtp.c.o
                0x00000000000088e0                ARUTILS_WifiFtpAL_Put
 *fill*         0x00000000000088e9        0x7 
 .text.ARUTILS_Manager_InitWifiFtp
                0x00000000000088f0      0x14a /home/dima/ROS_Projects/miniardrone_ws/devel/arsdk/out/arsdk-native/build/libARUtils/obj/Sources/ARUTILS_WifiFtp.c.o
                0x00000000000088f0                ARUTILS_Manager_InitWifiFtp
 *fill*         0x0000000000008a3a        0x6 
 .text.ARUTILS_Manager_CloseWifiFtp
                0x0000000000008a40       0x22 /home/dima/ROS_Projects/miniardrone_ws/devel/arsdk/out/arsdk-native/build/libARUtils/obj/Sources/ARUTILS_WifiFtp.c.o
                0x0000000000008a40                ARUTILS_Manager_CloseWifiFtp
 *fill*         0x0000000000008a62        0xe 
 .text.ARUTILS_Error_ToString
                0x0000000000008a70      0x238 /home/dima/ROS_Projects/miniardrone_ws/devel/arsdk/out/arsdk-native/build/libARUtils/obj/gen/Sources/ARUTILS_Error.c.o
                0x0000000000008a70                ARUTILS_Error_ToString
 *(.gnu.warning)

.fini           0x0000000000008ca8        0x9
 *(SORT(.fini))
 .fini          0x0000000000008ca8        0x4 /usr/lib/gcc/x86_64-linux-gnu/5/../../../x86_64-linux-gnu/crti.o
                0x0000000000008ca8                _fini
 .fini          0x0000000000008cac        0x5 /usr/lib/gcc/x86_64-linux-gnu/5/../../../x86_64-linux-gnu/crtn.o
                [!provide]                        PROVIDE (__etext, .)
                [!provide]                        PROVIDE (_etext, .)
                [!provide]                        PROVIDE (etext, .)

.rodata         0x0000000000008cc0      0x820
 *(.rodata .rodata.* .gnu.linkonce.r.*)
 .rodata.str1.1
                0x0000000000008cc0       0x49 /home/dima/ROS_Projects/miniardrone_ws/devel/arsdk/out/arsdk-native/build/libARUtils/obj/Sources/ARUTILS_FileSystem.c.o
 *fill*         0x0000000000008d09       0x17 
 .rodata        0x0000000000008d20       0x9f /home/dima/ROS_Projects/miniardrone_ws/devel/arsdk/out/arsdk-native/build/libARUtils/obj/Sources/ARUTILS_FileSystem.c.o
 .rodata.str1.1
                0x0000000000008dbf       0xc4 /home/dima/ROS_Projects/miniardrone_ws/devel/arsdk/out/arsdk-native/build/libARUtils/obj/Sources/ARUTILS_Http.c.o
                                         0xec (size before relaxing)
 *fill*         0x0000000000008e83        0xd 
 .rodata        0x0000000000008e90       0xbc /home/dima/ROS_Projects/miniardrone_ws/devel/arsdk/out/arsdk-native/build/libARUtils/obj/Sources/ARUTILS_Http.c.o
 *fill*         0x0000000000008f4c        0x4 
 .rodata.cst8   0x0000000000008f50       0x10 /home/dima/ROS_Projects/miniardrone_ws/devel/arsdk/out/arsdk-native/build/libARUtils/obj/Sources/ARUTILS_Http.c.o
 .rodata.str1.1
                0x0000000000008f60       0x22 /home/dima/ROS_Projects/miniardrone_ws/devel/arsdk/out/arsdk-native/build/libARUtils/obj/Sources/ARUTILS_Manager.c.o
                                         0x3f (size before relaxing)
 *fill*         0x0000000000008f82       0x1e 
 .rodata        0x0000000000008fa0       0x64 /home/dima/ROS_Projects/miniardrone_ws/devel/arsdk/out/arsdk-native/build/libARUtils/obj/Sources/ARUTILS_Manager.c.o
 .rodata.str1.1
                0x0000000000009004       0x5f /home/dima/ROS_Projects/miniardrone_ws/devel/arsdk/out/arsdk-native/build/libARUtils/obj/Sources/ARUTILS_WifiFtp.c.o
                                         0xd1 (size before relaxing)
 *fill*         0x0000000000009063        0x5 
 .rodata.str1.8
                0x0000000000009068       0x1f /home/dima/ROS_Projects/miniardrone_ws/devel/arsdk/out/arsdk-native/build/libARUtils/obj/Sources/ARUTILS_WifiFtp.c.o
 *fill*         0x0000000000009087       0x19 
 .rodata        0x00000000000090a0      0x1ef /home/dima/ROS_Projects/miniardrone_ws/devel/arsdk/out/arsdk-native/build/libARUtils/obj/Sources/ARUTILS_WifiFtp.c.o
 *fill*         0x000000000000928f        0x1 
 .rodata.cst8   0x0000000000009290        0x8 /home/dima/ROS_Projects/miniardrone_ws/devel/arsdk/out/arsdk-native/build/libARUtils/obj/Sources/ARUTILS_WifiFtp.c.o
                                         0x18 (size before relaxing)
 .rodata.str1.1
                0x0000000000009298      0x209 /home/dima/ROS_Projects/miniardrone_ws/devel/arsdk/out/arsdk-native/build/libARUtils/obj/gen/Sources/ARUTILS_Error.c.o
 *fill*         0x00000000000094a1        0x7 
 .rodata.str1.8
                0x00000000000094a8       0x38 /home/dima/ROS_Projects/miniardrone_ws/devel/arsdk/out/arsdk-native/build/libARUtils/obj/gen/Sources/ARUTILS_Error.c.o
                                         0x33 (size before relaxing)

.rodata1
 *(.rodata1)

.eh_frame_hdr   0x00000000000094e0      0x2b4
 *(.eh_frame_hdr)
 .eh_frame_hdr  0x00000000000094e0      0x2b4 /home/dima/ROS_Projects/miniardrone_ws/devel/arsdk/out/arsdk-native/build/libARUtils/obj/Sources/ARUTILS_FileSystem.c.o
                0x00000000000094e0                __GNU_EH_FRAME_HDR
 *(.eh_frame_entry .eh_frame_entry.*)

.eh_frame       0x0000000000009798     0x122c
 *(.eh_frame)
 .eh_frame      0x0000000000009798       0x40 /usr/lib/gcc/x86_64-linux-gnu/5/../../../x86_64-linux-gnu/crti.o
 .eh_frame      0x00000000000097d8      0x1e8 /home/dima/ROS_Projects/miniardrone_ws/devel/arsdk/out/arsdk-native/build/libARUtils/obj/Sources/ARUTILS_FileSystem.c.o
                                        0x1f0 (size before relaxing)
 .eh_frame      0x00000000000099c0      0x4c8 /home/dima/ROS_Projects/miniardrone_ws/devel/arsdk/out/arsdk-native/build/libARUtils/obj/Sources/ARUTILS_Http.c.o
                                        0x4b8 (size before relaxing)
 .eh_frame      0x0000000000009e88      0x1f8 /home/dima/ROS_Projects/miniardrone_ws/devel/arsdk/out/arsdk-native/build/libARUtils/obj/Sources/ARUTILS_Manager.c.o
                                        0x1e0 (size before relaxing)
 .eh_frame      0x000000000000a080      0x928 /home/dima/ROS_Projects/miniardrone_ws/devel/arsdk/out/arsdk-native/build/libARUtils/obj/Sources/ARUTILS_WifiFtp.c.o
                                        0x8c0 (size before relaxing)
 .eh_frame      0x000000000000a9a8       0x18 /home/dima/ROS_Projects/miniardrone_ws/devel/arsdk/out/arsdk-native/build/libARUtils/obj/gen/Sources/ARUTILS_Error.c.o
                                         0x30 (size before relaxing)
 .eh_frame      0x000000000000a9c0        0x4 /usr/lib/gcc/x86_64-linux-gnu/5/crtendS.o
 *(.eh_frame.*)

.gcc_except_table
 *(.gcc_except_table .gcc_except_table.*)

.gnu_extab
 *(.gnu_extab*)

.exception_ranges
 *(.exception_ranges .exception_ranges*)
                0x000000000020ad00                . = DATA_SEGMENT_ALIGN (0x200000, 0x1000)

.eh_frame
 *(.eh_frame)
 *(.eh_frame.*)

.gnu_extab
 *(.gnu_extab)

.gcc_except_table
 *(.gcc_except_table .gcc_except_table.*)

.exception_ranges
 *(.exception_ranges .exception_ranges*)

.tdata
 *(.tdata .tdata.* .gnu.linkonce.td.*)

.tbss
 *(.tbss .tbss.* .gnu.linkonce.tb.*)
 *(.tcommon)

.preinit_array
 *(.preinit_array)

.init_array     0x000000000020ad00        0x8
 *(SORT(.init_array.*) SORT(.ctors.*))
 *(.init_array EXCLUDE_FILE(*crtend?.o *crtend.o *crtbegin?.o *crtbegin.o) .ctors)
 .init_array    0x000000000020ad00        0x8 /usr/lib/gcc/x86_64-linux-gnu/5/crtbeginS.o

.fini_array     0x000000000020ad08        0x8
 *(SORT(.fini_array.*) SORT(.dtors.*))
 *(.fini_array EXCLUDE_FILE(*crtend?.o *crtend.o *crtbegin?.o *crtbegin.o) .dtors)
 .fini_array    0x000000000020ad08        0x8 /usr/lib/gcc/x86_64-linux-gnu/5/crtbeginS.o

.ctors
 *crtbegin.o(.ctors)
 *crtbegin?.o(.ctors)
 *(EXCLUDE_FILE(*crtend?.o *crtend.o) .ctors)
 *(SORT(.ctors.*))
 *(.ctors)

.dtors
 *crtbegin.o(.dtors)
 *crtbegin?.o(.dtors)
 *(EXCLUDE_FILE(*crtend?.o *crtend.o) .dtors)
 *(SORT(.dtors.*))
 *(.dtors)

.jcr            0x000000000020ad10        0x8
 *(.jcr)
 .jcr           0x000000000020ad10        0x0 /usr/lib/gcc/x86_64-linux-gnu/5/crtbeginS.o
 .jcr           0x000000000020ad10        0x8 /usr/lib/gcc/x86_64-linux-gnu/5/crtendS.o

.data.rel.ro
 *(.data.rel.ro.local* .gnu.linkonce.d.rel.ro.local.*)
 *(.data.rel.ro .data.rel.ro.* .gnu.linkonce.d.rel.ro.*)

.dynamic        0x000000000020ad18      0x200
 *(.dynamic)
 .dynamic       0x000000000020ad18      0x200 /usr/lib/gcc/x86_64-linux-gnu/5/../../../x86_64-linux-gnu/crti.o
                0x000000000020ad18                _DYNAMIC

.got            0x000000000020af18       0xe8
 *(.got)
 .got           0x000000000020af18       0xe8 /usr/lib/gcc/x86_64-linux-gnu/5/../../../x86_64-linux-gnu/crti.o
 *(.igot)
                0x000000000020bfe8                . = DATA_SEGMENT_RELRO_END (., (SIZEOF (.got.plt) >= 0x18)?0x18:0x0)

.got.plt        0x000000000020b000      0x298
 *(.got.plt)
 .got.plt       0x000000000020b000      0x298 /usr/lib/gcc/x86_64-linux-gnu/5/../../../x86_64-linux-gnu/crti.o
                0x000000000020b000                _GLOBAL_OFFSET_TABLE_
 *(.igot.plt)

.data           0x000000000020b298        0x8
 *(.data .data.* .gnu.linkonce.d.*)
 .data.rel.local
                0x000000000020b298        0x8 /usr/lib/gcc/x86_64-linux-gnu/5/crtbeginS.o
                0x000000000020b298                __dso_handle

.tm_clone_table
                0x000000000020b2a0        0x0
 .tm_clone_table
                0x000000000020b2a0        0x0 /usr/lib/gcc/x86_64-linux-gnu/5/crtbeginS.o
 .tm_clone_table
                0x000000000020b2a0        0x0 /usr/lib/gcc/x86_64-linux-gnu/5/crtendS.o

.data1
 *(.data1)
                0x000000000020b2a0                _edata = .
                [!provide]                        PROVIDE (edata, .)
                0x000000000020b2a0                . = .
                0x000000000020b2a0                __bss_start = .

.bss            0x000000000020b2a0        0x8
 *(.dynbss)
 .dynbss        0x000000000020b2a0        0x0 /usr/lib/gcc/x86_64-linux-gnu/5/../../../x86_64-linux-gnu/crti.o
 *(.bss .bss.* .gnu.linkonce.b.*)
 .bss           0x000000000020b2a0        0x1 /usr/lib/gcc/x86_64-linux-gnu/5/crtbeginS.o
 *(COMMON)
                0x000000000020b2a8                . = ALIGN ((. != 0x0)?0x8:0x1)
 *fill*         0x000000000020b2a1        0x7 

.lbss
 *(.dynlbss)
 *(.lbss .lbss.* .gnu.linkonce.lb.*)
 *(LARGE_COMMON)
                0x000000000020b2a8                . = ALIGN (0x8)
                0x000000000020b2a8                . = SEGMENT_START ("ldata-segment", .)

.lrodata
 *(.lrodata .lrodata.* .gnu.linkonce.lr.*)

.ldata          0x000000000060b2a8        0x0
 *(.ldata .ldata.* .gnu.linkonce.l.*)
                0x000000000060b2a8                . = ALIGN ((. != 0x0)?0x8:0x1)
                0x000000000060b2a8                . = ALIGN (0x8)
                0x000000000060b2a8                _end = .
                [!provide]                        PROVIDE (end, .)
                0x000000000060b2a8                . = DATA_SEGMENT_END (.)

.stab
 *(.stab)

.stabstr
 *(.stabstr)

.stab.excl
 *(.stab.excl)

.stab.exclstr
 *(.stab.exclstr)

.stab.index
 *(.stab.index)

.stab.indexstr
 *(.stab.indexstr)

.comment        0x0000000000000000       0x34
 *(.comment)
 .comment       0x0000000000000000       0x34 /usr/lib/gcc/x86_64-linux-gnu/5/crtbeginS.o
                                         0x35 (size before relaxing)
 .comment       0x0000000000000034       0x35 /home/dima/ROS_Projects/miniardrone_ws/devel/arsdk/out/arsdk-native/build/libARUtils/obj/Sources/ARUTILS_FileSystem.c.o
 .comment       0x0000000000000034       0x35 /home/dima/ROS_Projects/miniardrone_ws/devel/arsdk/out/arsdk-native/build/libARUtils/obj/Sources/ARUTILS_Http.c.o
 .comment       0x0000000000000034       0x35 /home/dima/ROS_Projects/miniardrone_ws/devel/arsdk/out/arsdk-native/build/libARUtils/obj/Sources/ARUTILS_Manager.c.o
 .comment       0x0000000000000034       0x35 /home/dima/ROS_Projects/miniardrone_ws/devel/arsdk/out/arsdk-native/build/libARUtils/obj/Sources/ARUTILS_WifiFtp.c.o
 .comment       0x0000000000000034       0x35 /home/dima/ROS_Projects/miniardrone_ws/devel/arsdk/out/arsdk-native/build/libARUtils/obj/gen/Sources/ARUTILS_Error.c.o
 .comment       0x0000000000000034       0x35 /usr/lib/gcc/x86_64-linux-gnu/5/crtendS.o

.debug
 *(.debug)

.line
 *(.line)

.debug_srcinfo
 *(.debug_srcinfo)

.debug_sfnames
 *(.debug_sfnames)

.debug_aranges  0x0000000000000000      0x5e0
 *(.debug_aranges)
 .debug_aranges
                0x0000000000000000       0x90 /home/dima/ROS_Projects/miniardrone_ws/devel/arsdk/out/arsdk-native/build/libARUtils/obj/Sources/ARUTILS_FileSystem.c.o
 .debug_aranges
                0x0000000000000090      0x140 /home/dima/ROS_Projects/miniardrone_ws/devel/arsdk/out/arsdk-native/build/libARUtils/obj/Sources/ARUTILS_Http.c.o
 .debug_aranges
                0x00000000000001d0      0x110 /home/dima/ROS_Projects/miniardrone_ws/devel/arsdk/out/arsdk-native/build/libARUtils/obj/Sources/ARUTILS_Manager.c.o
 .debug_aranges
                0x00000000000002e0      0x2d0 /home/dima/ROS_Projects/miniardrone_ws/devel/arsdk/out/arsdk-native/build/libARUtils/obj/Sources/ARUTILS_WifiFtp.c.o
 .debug_aranges
                0x00000000000005b0       0x30 /home/dima/ROS_Projects/miniardrone_ws/devel/arsdk/out/arsdk-native/build/libARUtils/obj/gen/Sources/ARUTILS_Error.c.o

.debug_pubnames
 *(.debug_pubnames)

.debug_info     0x0000000000000000     0xbf11
 *(.debug_info .gnu.linkonce.wi.*)
 .debug_info    0x0000000000000000     0x1252 /home/dima/ROS_Projects/miniardrone_ws/devel/arsdk/out/arsdk-native/build/libARUtils/obj/Sources/ARUTILS_FileSystem.c.o
 .debug_info    0x0000000000001252     0x3c19 /home/dima/ROS_Projects/miniardrone_ws/devel/arsdk/out/arsdk-native/build/libARUtils/obj/Sources/ARUTILS_Http.c.o
 .debug_info    0x0000000000004e6b     0x11fb /home/dima/ROS_Projects/miniardrone_ws/devel/arsdk/out/arsdk-native/build/libARUtils/obj/Sources/ARUTILS_Manager.c.o
 .debug_info    0x0000000000006066     0x5d6a /home/dima/ROS_Projects/miniardrone_ws/devel/arsdk/out/arsdk-native/build/libARUtils/obj/Sources/ARUTILS_WifiFtp.c.o
 .debug_info    0x000000000000bdd0      0x141 /home/dima/ROS_Projects/miniardrone_ws/devel/arsdk/out/arsdk-native/build/libARUtils/obj/gen/Sources/ARUTILS_Error.c.o

.debug_abbrev   0x0000000000000000      0xe43
 *(.debug_abbrev)
 .debug_abbrev  0x0000000000000000      0x27b /home/dima/ROS_Projects/miniardrone_ws/devel/arsdk/out/arsdk-native/build/libARUtils/obj/Sources/ARUTILS_FileSystem.c.o
 .debug_abbrev  0x000000000000027b      0x451 /home/dima/ROS_Projects/miniardrone_ws/devel/arsdk/out/arsdk-native/build/libARUtils/obj/Sources/ARUTILS_Http.c.o
 .debug_abbrev  0x00000000000006cc      0x24a /home/dima/ROS_Projects/miniardrone_ws/devel/arsdk/out/arsdk-native/build/libARUtils/obj/Sources/ARUTILS_Manager.c.o
 .debug_abbrev  0x0000000000000916      0x4a1 /home/dima/ROS_Projects/miniardrone_ws/devel/arsdk/out/arsdk-native/build/libARUtils/obj/Sources/ARUTILS_WifiFtp.c.o
 .debug_abbrev  0x0000000000000db7       0x8c /home/dima/ROS_Projects/miniardrone_ws/devel/arsdk/out/arsdk-native/build/libARUtils/obj/gen/Sources/ARUTILS_Error.c.o

.debug_line     0x0000000000000000     0x2170
 *(.debug_line .debug_line.* .debug_line_end)
 .debug_line    0x0000000000000000      0x343 /home/dima/ROS_Projects/miniardrone_ws/devel/arsdk/out/arsdk-native/build/libARUtils/obj/Sources/ARUTILS_FileSystem.c.o
 .debug_line    0x0000000000000343      0x9a9 /home/dima/ROS_Projects/miniardrone_ws/devel/arsdk/out/arsdk-native/build/libARUtils/obj/Sources/ARUTILS_Http.c.o
 .debug_line    0x0000000000000cec      0x3ad /home/dima/ROS_Projects/miniardrone_ws/devel/arsdk/out/arsdk-native/build/libARUtils/obj/Sources/ARUTILS_Manager.c.o
 .debug_line    0x0000000000001099      0xf58 /home/dima/ROS_Projects/miniardrone_ws/devel/arsdk/out/arsdk-native/build/libARUtils/obj/Sources/ARUTILS_WifiFtp.c.o
 .debug_line    0x0000000000001ff1      0x17f /home/dima/ROS_Projects/miniardrone_ws/devel/arsdk/out/arsdk-native/build/libARUtils/obj/gen/Sources/ARUTILS_Error.c.o

.debug_frame
 *(.debug_frame)

.debug_str      0x0000000000000000     0x3edb
 *(.debug_str)
 .debug_str     0x0000000000000000      0xa78 /home/dima/ROS_Projects/miniardrone_ws/devel/arsdk/out/arsdk-native/build/libARUtils/obj/Sources/ARUTILS_FileSystem.c.o
                                        0xafe (size before relaxing)
 .debug_str     0x0000000000000a78     0x2806 /home/dima/ROS_Projects/miniardrone_ws/devel/arsdk/out/arsdk-native/build/libARUtils/obj/Sources/ARUTILS_Http.c.o
                                       0x303c (size before relaxing)
 .debug_str     0x000000000000327e      0x51d /home/dima/ROS_Projects/miniardrone_ws/devel/arsdk/out/arsdk-native/build/libARUtils/obj/Sources/ARUTILS_Manager.c.o
                                        0xcf4 (size before relaxing)
 .debug_str     0x000000000000379b      0x6f9 /home/dima/ROS_Projects/miniardrone_ws/devel/arsdk/out/arsdk-native/build/libARUtils/obj/Sources/ARUTILS_WifiFtp.c.o
                                       0x3324 (size before relaxing)
 .debug_str     0x0000000000003e94       0x47 /home/dima/ROS_Projects/miniardrone_ws/devel/arsdk/out/arsdk-native/build/libARUtils/obj/gen/Sources/ARUTILS_Error.c.o
                                        0x3e1 (size before relaxing)

.debug_loc      0x0000000000000000     0xcf4d
 *(.debug_loc)
 .debug_loc     0x0000000000000000      0xb59 /home/dima/ROS_Projects/miniardrone_ws/devel/arsdk/out/arsdk-native/build/libARUtils/obj/Sources/ARUTILS_FileSystem.c.o
 .debug_loc     0x0000000000000b59     0x40cd /home/dima/ROS_Projects/miniardrone_ws/devel/arsdk/out/arsdk-native/build/libARUtils/obj/Sources/ARUTILS_Http.c.o
 .debug_loc     0x0000000000004c26      0xe6f /home/dima/ROS_Projects/miniardrone_ws/devel/arsdk/out/arsdk-native/build/libARUtils/obj/Sources/ARUTILS_Manager.c.o
 .debug_loc     0x0000000000005a95     0x74b8 /home/dima/ROS_Projects/miniardrone_ws/devel/arsdk/out/arsdk-native/build/libARUtils/obj/Sources/ARUTILS_WifiFtp.c.o

.debug_macinfo
 *(.debug_macinfo)

.debug_weaknames
 *(.debug_weaknames)

.debug_funcnames
 *(.debug_funcnames)

.debug_typenames
 *(.debug_typenames)

.debug_varnames
 *(.debug_varnames)

.debug_pubtypes
 *(.debug_pubtypes)

.debug_ranges   0x0000000000000000     0x16c0
 *(.debug_ranges)
 .debug_ranges  0x0000000000000000      0x210 /home/dima/ROS_Projects/miniardrone_ws/devel/arsdk/out/arsdk-native/build/libARUtils/obj/Sources/ARUTILS_FileSystem.c.o
 .debug_ranges  0x0000000000000210      0x750 /home/dima/ROS_Projects/miniardrone_ws/devel/arsdk/out/arsdk-native/build/libARUtils/obj/Sources/ARUTILS_Http.c.o
 .debug_ranges  0x0000000000000960      0x160 /home/dima/ROS_Projects/miniardrone_ws/devel/arsdk/out/arsdk-native/build/libARUtils/obj/Sources/ARUTILS_Manager.c.o
 .debug_ranges  0x0000000000000ac0      0xbe0 /home/dima/ROS_Projects/miniardrone_ws/devel/arsdk/out/arsdk-native/build/libARUtils/obj/Sources/ARUTILS_WifiFtp.c.o
 .debug_ranges  0x00000000000016a0       0x20 /home/dima/ROS_Projects/miniardrone_ws/devel/arsdk/out/arsdk-native/build/libARUtils/obj/gen/Sources/ARUTILS_Error.c.o

.debug_macro
 *(.debug_macro)

.gnu.attributes
 *(.gnu.attributes)

/DISCARD/
 *(.note.GNU-stack)
 *(.gnu_debuglink)
 *(.gnu.lto_*)
OUTPUT(/home/dima/ROS_Projects/miniardrone_ws/devel/arsdk/out/arsdk-native/build/libARUtils/libarutils.so elf64-x86-64)
