
As-needed library included to satisfy reference by file (symbol)

libpthread.so.0               /home/dima/ROS_Projects/miniardrone_ws/devel/arsdk/out/arsdk-native/build/libARSAL/obj/Sources/ARSAL_Mutex.c.o (pthread_cond_init@@GLIBC_2.3.2)
libc.so.6                     /home/dima/ROS_Projects/miniardrone_ws/devel/arsdk/out/arsdk-native/build/libARSAL/obj/Sources/ARSAL_Socket.c.o (socket@@GLIBC_2.2.5)

Discarded input sections

 .text          0x0000000000000000        0x0 /usr/lib/gcc/x86_64-linux-gnu/5/../../../x86_64-linux-gnu/crti.o
 .data          0x0000000000000000        0x0 /usr/lib/gcc/x86_64-linux-gnu/5/../../../x86_64-linux-gnu/crti.o
 .bss           0x0000000000000000        0x0 /usr/lib/gcc/x86_64-linux-gnu/5/../../../x86_64-linux-gnu/crti.o
 .note.GNU-stack
                0x0000000000000000        0x0 /usr/lib/gcc/x86_64-linux-gnu/5/../../../x86_64-linux-gnu/crti.o
 .data          0x0000000000000000        0x0 /usr/lib/gcc/x86_64-linux-gnu/5/crtbeginS.o
 .text.unlikely
                0x0000000000000000        0x0 /usr/lib/gcc/x86_64-linux-gnu/5/crtbeginS.o
 .note.GNU-stack
                0x0000000000000000        0x0 /usr/lib/gcc/x86_64-linux-gnu/5/crtbeginS.o
 .text          0x0000000000000000        0x0 /home/dima/ROS_Projects/miniardrone_ws/devel/arsdk/out/arsdk-native/build/libARSAL/obj/Sources/ARSAL_Ftw.c.o
 .data          0x0000000000000000        0x0 /home/dima/ROS_Projects/miniardrone_ws/devel/arsdk/out/arsdk-native/build/libARSAL/obj/Sources/ARSAL_Ftw.c.o
 .bss           0x0000000000000000        0x0 /home/dima/ROS_Projects/miniardrone_ws/devel/arsdk/out/arsdk-native/build/libARSAL/obj/Sources/ARSAL_Ftw.c.o
 .text.unlikely.ARSAL_Ftw
                0x0000000000000000        0x0 /home/dima/ROS_Projects/miniardrone_ws/devel/arsdk/out/arsdk-native/build/libARSAL/obj/Sources/ARSAL_Ftw.c.o
 .text.unlikely.ARSAL_Nftw
                0x0000000000000000        0x0 /home/dima/ROS_Projects/miniardrone_ws/devel/arsdk/out/arsdk-native/build/libARSAL/obj/Sources/ARSAL_Ftw.c.o
 .note.GNU-stack
                0x0000000000000000        0x0 /home/dima/ROS_Projects/miniardrone_ws/devel/arsdk/out/arsdk-native/build/libARSAL/obj/Sources/ARSAL_Ftw.c.o
 .text          0x0000000000000000        0x0 /home/dima/ROS_Projects/miniardrone_ws/devel/arsdk/out/arsdk-native/build/libARSAL/obj/Sources/ARSAL_MD5.c.o
 .data          0x0000000000000000        0x0 /home/dima/ROS_Projects/miniardrone_ws/devel/arsdk/out/arsdk-native/build/libARSAL/obj/Sources/ARSAL_MD5.c.o
 .bss           0x0000000000000000        0x0 /home/dima/ROS_Projects/miniardrone_ws/devel/arsdk/out/arsdk-native/build/libARSAL/obj/Sources/ARSAL_MD5.c.o
 .text.unlikely.ARSAL_MD5_Compute
                0x0000000000000000        0x0 /home/dima/ROS_Projects/miniardrone_ws/devel/arsdk/out/arsdk-native/build/libARSAL/obj/Sources/ARSAL_MD5.c.o
 .text.unlikely.ARSAL_MD5_Manager_Init
                0x0000000000000000        0x0 /home/dima/ROS_Projects/miniardrone_ws/devel/arsdk/out/arsdk-native/build/libARSAL/obj/Sources/ARSAL_MD5.c.o
 .text.unlikely.ARSAL_MD5_Manager_Close
                0x0000000000000000        0x0 /home/dima/ROS_Projects/miniardrone_ws/devel/arsdk/out/arsdk-native/build/libARSAL/obj/Sources/ARSAL_MD5.c.o
 .text.unlikely.ARSAL_MD5_GetMd5AsTxt
                0x0000000000000000        0x0 /home/dima/ROS_Projects/miniardrone_ws/devel/arsdk/out/arsdk-native/build/libARSAL/obj/Sources/ARSAL_MD5.c.o
 .text.unlikely.ARSAL_MD5_Check
                0x0000000000000000        0x0 /home/dima/ROS_Projects/miniardrone_ws/devel/arsdk/out/arsdk-native/build/libARSAL/obj/Sources/ARSAL_MD5.c.o
 .note.GNU-stack
                0x0000000000000000        0x0 /home/dima/ROS_Projects/miniardrone_ws/devel/arsdk/out/arsdk-native/build/libARSAL/obj/Sources/ARSAL_MD5.c.o
 .text          0x0000000000000000        0x0 /home/dima/ROS_Projects/miniardrone_ws/devel/arsdk/out/arsdk-native/build/libARSAL/obj/Sources/ARSAL_MD5_Manager.c.o
 .data          0x0000000000000000        0x0 /home/dima/ROS_Projects/miniardrone_ws/devel/arsdk/out/arsdk-native/build/libARSAL/obj/Sources/ARSAL_MD5_Manager.c.o
 .bss           0x0000000000000000        0x0 /home/dima/ROS_Projects/miniardrone_ws/devel/arsdk/out/arsdk-native/build/libARSAL/obj/Sources/ARSAL_MD5_Manager.c.o
 .text.unlikely.ARSAL_MD5_Manager_New
                0x0000000000000000        0x0 /home/dima/ROS_Projects/miniardrone_ws/devel/arsdk/out/arsdk-native/build/libARSAL/obj/Sources/ARSAL_MD5_Manager.c.o
 .text.unlikely.ARSAL_MD5_Manager_Delete
                0x0000000000000000        0x0 /home/dima/ROS_Projects/miniardrone_ws/devel/arsdk/out/arsdk-native/build/libARSAL/obj/Sources/ARSAL_MD5_Manager.c.o
 .text.unlikely.ARSAL_MD5_Manager_Check
                0x0000000000000000        0x0 /home/dima/ROS_Projects/miniardrone_ws/devel/arsdk/out/arsdk-native/build/libARSAL/obj/Sources/ARSAL_MD5_Manager.c.o
 .text.unlikely.ARSAL_MD5_Manager_Compute
                0x0000000000000000        0x0 /home/dima/ROS_Projects/miniardrone_ws/devel/arsdk/out/arsdk-native/build/libARSAL/obj/Sources/ARSAL_MD5_Manager.c.o
 .note.GNU-stack
                0x0000000000000000        0x0 /home/dima/ROS_Projects/miniardrone_ws/devel/arsdk/out/arsdk-native/build/libARSAL/obj/Sources/ARSAL_MD5_Manager.c.o
 .text          0x0000000000000000        0x0 /home/dima/ROS_Projects/miniardrone_ws/devel/arsdk/out/arsdk-native/build/libARSAL/obj/Sources/ARSAL_Mutex.c.o
 .data          0x0000000000000000        0x0 /home/dima/ROS_Projects/miniardrone_ws/devel/arsdk/out/arsdk-native/build/libARSAL/obj/Sources/ARSAL_Mutex.c.o
 .bss           0x0000000000000000        0x0 /home/dima/ROS_Projects/miniardrone_ws/devel/arsdk/out/arsdk-native/build/libARSAL/obj/Sources/ARSAL_Mutex.c.o
 .text.unlikely.ARSAL_Mutex_Init
                0x0000000000000000        0x0 /home/dima/ROS_Projects/miniardrone_ws/devel/arsdk/out/arsdk-native/build/libARSAL/obj/Sources/ARSAL_Mutex.c.o
 .text.unlikely.ARSAL_Mutex_Destroy
                0x0000000000000000        0x0 /home/dima/ROS_Projects/miniardrone_ws/devel/arsdk/out/arsdk-native/build/libARSAL/obj/Sources/ARSAL_Mutex.c.o
 .text.unlikely.ARSAL_Mutex_Lock
                0x0000000000000000        0x0 /home/dima/ROS_Projects/miniardrone_ws/devel/arsdk/out/arsdk-native/build/libARSAL/obj/Sources/ARSAL_Mutex.c.o
 .text.unlikely.ARSAL_Mutex_Trylock
                0x0000000000000000        0x0 /home/dima/ROS_Projects/miniardrone_ws/devel/arsdk/out/arsdk-native/build/libARSAL/obj/Sources/ARSAL_Mutex.c.o
 .text.unlikely.ARSAL_Mutex_Unlock
                0x0000000000000000        0x0 /home/dima/ROS_Projects/miniardrone_ws/devel/arsdk/out/arsdk-native/build/libARSAL/obj/Sources/ARSAL_Mutex.c.o
 .text.unlikely.ARSAL_Cond_Init
                0x0000000000000000        0x0 /home/dima/ROS_Projects/miniardrone_ws/devel/arsdk/out/arsdk-native/build/libARSAL/obj/Sources/ARSAL_Mutex.c.o
 .text.unlikely.ARSAL_Cond_Destroy
                0x0000000000000000        0x0 /home/dima/ROS_Projects/miniardrone_ws/devel/arsdk/out/arsdk-native/build/libARSAL/obj/Sources/ARSAL_Mutex.c.o
 .text.unlikely.ARSAL_Cond_Wait
                0x0000000000000000        0x0 /home/dima/ROS_Projects/miniardrone_ws/devel/arsdk/out/arsdk-native/build/libARSAL/obj/Sources/ARSAL_Mutex.c.o
 .text.unlikely.ARSAL_Cond_Timedwait
                0x0000000000000000        0x0 /home/dima/ROS_Projects/miniardrone_ws/devel/arsdk/out/arsdk-native/build/libARSAL/obj/Sources/ARSAL_Mutex.c.o
 .text.unlikely.ARSAL_Cond_Signal
                0x0000000000000000        0x0 /home/dima/ROS_Projects/miniardrone_ws/devel/arsdk/out/arsdk-native/build/libARSAL/obj/Sources/ARSAL_Mutex.c.o
 .text.unlikely.ARSAL_Cond_Broadcast
                0x0000000000000000        0x0 /home/dima/ROS_Projects/miniardrone_ws/devel/arsdk/out/arsdk-native/build/libARSAL/obj/Sources/ARSAL_Mutex.c.o
 .note.GNU-stack
                0x0000000000000000        0x0 /home/dima/ROS_Projects/miniardrone_ws/devel/arsdk/out/arsdk-native/build/libARSAL/obj/Sources/ARSAL_Mutex.c.o
 .text          0x0000000000000000        0x0 /home/dima/ROS_Projects/miniardrone_ws/devel/arsdk/out/arsdk-native/build/libARSAL/obj/Sources/ARSAL_Print.c.o
 .text.unlikely.ARSAL_Print_SetMinimumLevel
                0x0000000000000000        0x0 /home/dima/ROS_Projects/miniardrone_ws/devel/arsdk/out/arsdk-native/build/libARSAL/obj/Sources/ARSAL_Print.c.o
 .text.unlikely.ARSAL_Print_GetMinimumLevel
                0x0000000000000000        0x0 /home/dima/ROS_Projects/miniardrone_ws/devel/arsdk/out/arsdk-native/build/libARSAL/obj/Sources/ARSAL_Print.c.o
 .text.unlikely.ARSAL_Print_SetCallback
                0x0000000000000000        0x0 /home/dima/ROS_Projects/miniardrone_ws/devel/arsdk/out/arsdk-native/build/libARSAL/obj/Sources/ARSAL_Print.c.o
 .text.unlikely.ARSAL_Print_GetLevelDescription
                0x0000000000000000        0x0 /home/dima/ROS_Projects/miniardrone_ws/devel/arsdk/out/arsdk-native/build/libARSAL/obj/Sources/ARSAL_Print.c.o
 .text.unlikely.ARSAL_Print_PrintRaw
                0x0000000000000000        0x0 /home/dima/ROS_Projects/miniardrone_ws/devel/arsdk/out/arsdk-native/build/libARSAL/obj/Sources/ARSAL_Print.c.o
 .text.unlikely.ARSAL_Print_DumpData
                0x0000000000000000        0x0 /home/dima/ROS_Projects/miniardrone_ws/devel/arsdk/out/arsdk-native/build/libARSAL/obj/Sources/ARSAL_Print.c.o
 .text.unlikely.ARSAL_Print_DumpRotateFiles
                0x0000000000000000        0x0 /home/dima/ROS_Projects/miniardrone_ws/devel/arsdk/out/arsdk-native/build/libARSAL/obj/Sources/ARSAL_Print.c.o
 .note.GNU-stack
                0x0000000000000000        0x0 /home/dima/ROS_Projects/miniardrone_ws/devel/arsdk/out/arsdk-native/build/libARSAL/obj/Sources/ARSAL_Print.c.o
 .text          0x0000000000000000        0x0 /home/dima/ROS_Projects/miniardrone_ws/devel/arsdk/out/arsdk-native/build/libARSAL/obj/Sources/ARSAL_Sem.c.o
 .data          0x0000000000000000        0x0 /home/dima/ROS_Projects/miniardrone_ws/devel/arsdk/out/arsdk-native/build/libARSAL/obj/Sources/ARSAL_Sem.c.o
 .bss           0x0000000000000000        0x0 /home/dima/ROS_Projects/miniardrone_ws/devel/arsdk/out/arsdk-native/build/libARSAL/obj/Sources/ARSAL_Sem.c.o
 .text.unlikely.ARSAL_Sem_Init
                0x0000000000000000        0x0 /home/dima/ROS_Projects/miniardrone_ws/devel/arsdk/out/arsdk-native/build/libARSAL/obj/Sources/ARSAL_Sem.c.o
 .text.unlikely.ARSAL_Sem_Destroy
                0x0000000000000000        0x0 /home/dima/ROS_Projects/miniardrone_ws/devel/arsdk/out/arsdk-native/build/libARSAL/obj/Sources/ARSAL_Sem.c.o
 .text.unlikely.ARSAL_Sem_Wait
                0x0000000000000000        0x0 /home/dima/ROS_Projects/miniardrone_ws/devel/arsdk/out/arsdk-native/build/libARSAL/obj/Sources/ARSAL_Sem.c.o
 .text.unlikely.ARSAL_Sem_Trywait
                0x0000000000000000        0x0 /home/dima/ROS_Projects/miniardrone_ws/devel/arsdk/out/arsdk-native/build/libARSAL/obj/Sources/ARSAL_Sem.c.o
 .text.unlikely.ARSAL_Sem_Timedwait
                0x0000000000000000        0x0 /home/dima/ROS_Projects/miniardrone_ws/devel/arsdk/out/arsdk-native/build/libARSAL/obj/Sources/ARSAL_Sem.c.o
 .text.unlikely.ARSAL_Sem_Post
                0x0000000000000000        0x0 /home/dima/ROS_Projects/miniardrone_ws/devel/arsdk/out/arsdk-native/build/libARSAL/obj/Sources/ARSAL_Sem.c.o
 .text.unlikely.ARSAL_Sem_Getvalue
                0x0000000000000000        0x0 /home/dima/ROS_Projects/miniardrone_ws/devel/arsdk/out/arsdk-native/build/libARSAL/obj/Sources/ARSAL_Sem.c.o
 .note.GNU-stack
                0x0000000000000000        0x0 /home/dima/ROS_Projects/miniardrone_ws/devel/arsdk/out/arsdk-native/build/libARSAL/obj/Sources/ARSAL_Sem.c.o
 .text          0x0000000000000000        0x0 /home/dima/ROS_Projects/miniardrone_ws/devel/arsdk/out/arsdk-native/build/libARSAL/obj/Sources/ARSAL_Socket.c.o
 .data          0x0000000000000000        0x0 /home/dima/ROS_Projects/miniardrone_ws/devel/arsdk/out/arsdk-native/build/libARSAL/obj/Sources/ARSAL_Socket.c.o
 .bss           0x0000000000000000        0x0 /home/dima/ROS_Projects/miniardrone_ws/devel/arsdk/out/arsdk-native/build/libARSAL/obj/Sources/ARSAL_Socket.c.o
 .text.unlikely.ARSAL_Socket_Create
                0x0000000000000000        0x0 /home/dima/ROS_Projects/miniardrone_ws/devel/arsdk/out/arsdk-native/build/libARSAL/obj/Sources/ARSAL_Socket.c.o
 .text.unlikely.ARSAL_Socket_Connect
                0x0000000000000000        0x0 /home/dima/ROS_Projects/miniardrone_ws/devel/arsdk/out/arsdk-native/build/libARSAL/obj/Sources/ARSAL_Socket.c.o
 .text.unlikely.ARSAL_Socket_Sendto
                0x0000000000000000        0x0 /home/dima/ROS_Projects/miniardrone_ws/devel/arsdk/out/arsdk-native/build/libARSAL/obj/Sources/ARSAL_Socket.c.o
 .text.unlikely.ARSAL_Socket_Send
                0x0000000000000000        0x0 /home/dima/ROS_Projects/miniardrone_ws/devel/arsdk/out/arsdk-native/build/libARSAL/obj/Sources/ARSAL_Socket.c.o
 .text.unlikely.ARSAL_Socket_Recvfrom
                0x0000000000000000        0x0 /home/dima/ROS_Projects/miniardrone_ws/devel/arsdk/out/arsdk-native/build/libARSAL/obj/Sources/ARSAL_Socket.c.o
 .text.unlikely.ARSAL_Socket_Recv
                0x0000000000000000        0x0 /home/dima/ROS_Projects/miniardrone_ws/devel/arsdk/out/arsdk-native/build/libARSAL/obj/Sources/ARSAL_Socket.c.o
 .text.unlikely.ARSAL_Socket_Writev
                0x0000000000000000        0x0 /home/dima/ROS_Projects/miniardrone_ws/devel/arsdk/out/arsdk-native/build/libARSAL/obj/Sources/ARSAL_Socket.c.o
 .text.unlikely.ARSAL_Socket_Readv
                0x0000000000000000        0x0 /home/dima/ROS_Projects/miniardrone_ws/devel/arsdk/out/arsdk-native/build/libARSAL/obj/Sources/ARSAL_Socket.c.o
 .text.unlikely.ARSAL_Socket_Bind
                0x0000000000000000        0x0 /home/dima/ROS_Projects/miniardrone_ws/devel/arsdk/out/arsdk-native/build/libARSAL/obj/Sources/ARSAL_Socket.c.o
 .text.unlikely.ARSAL_Socket_Listen
                0x0000000000000000        0x0 /home/dima/ROS_Projects/miniardrone_ws/devel/arsdk/out/arsdk-native/build/libARSAL/obj/Sources/ARSAL_Socket.c.o
 .text.unlikely.ARSAL_Socket_Accept
                0x0000000000000000        0x0 /home/dima/ROS_Projects/miniardrone_ws/devel/arsdk/out/arsdk-native/build/libARSAL/obj/Sources/ARSAL_Socket.c.o
 .text.unlikely.ARSAL_Socket_Close
                0x0000000000000000        0x0 /home/dima/ROS_Projects/miniardrone_ws/devel/arsdk/out/arsdk-native/build/libARSAL/obj/Sources/ARSAL_Socket.c.o
 .text.unlikely.ARSAL_Socket_Setsockopt
                0x0000000000000000        0x0 /home/dima/ROS_Projects/miniardrone_ws/devel/arsdk/out/arsdk-native/build/libARSAL/obj/Sources/ARSAL_Socket.c.o
 .text.unlikely.ARSAL_Socket_Getsockopt
                0x0000000000000000        0x0 /home/dima/ROS_Projects/miniardrone_ws/devel/arsdk/out/arsdk-native/build/libARSAL/obj/Sources/ARSAL_Socket.c.o
 .note.GNU-stack
                0x0000000000000000        0x0 /home/dima/ROS_Projects/miniardrone_ws/devel/arsdk/out/arsdk-native/build/libARSAL/obj/Sources/ARSAL_Socket.c.o
 .text          0x0000000000000000        0x0 /home/dima/ROS_Projects/miniardrone_ws/devel/arsdk/out/arsdk-native/build/libARSAL/obj/Sources/ARSAL_Time.c.o
 .data          0x0000000000000000        0x0 /home/dima/ROS_Projects/miniardrone_ws/devel/arsdk/out/arsdk-native/build/libARSAL/obj/Sources/ARSAL_Time.c.o
 .bss           0x0000000000000000        0x0 /home/dima/ROS_Projects/miniardrone_ws/devel/arsdk/out/arsdk-native/build/libARSAL/obj/Sources/ARSAL_Time.c.o
 .text.unlikely.ARSAL_Time_GetTime
                0x0000000000000000        0x0 /home/dima/ROS_Projects/miniardrone_ws/devel/arsdk/out/arsdk-native/build/libARSAL/obj/Sources/ARSAL_Time.c.o
 .text.unlikely.ARSAL_Time_GetLocalTime
                0x0000000000000000        0x0 /home/dima/ROS_Projects/miniardrone_ws/devel/arsdk/out/arsdk-native/build/libARSAL/obj/Sources/ARSAL_Time.c.o
 .text.unlikely.ARSAL_Time_TimevalEquals
                0x0000000000000000        0x0 /home/dima/ROS_Projects/miniardrone_ws/devel/arsdk/out/arsdk-native/build/libARSAL/obj/Sources/ARSAL_Time.c.o
 .text.unlikely.ARSAL_Time_TimespecEquals
                0x0000000000000000        0x0 /home/dima/ROS_Projects/miniardrone_ws/devel/arsdk/out/arsdk-native/build/libARSAL/obj/Sources/ARSAL_Time.c.o
 .text.unlikely.ARSAL_Time_ComputeTimevalMsTimeDiff
                0x0000000000000000        0x0 /home/dima/ROS_Projects/miniardrone_ws/devel/arsdk/out/arsdk-native/build/libARSAL/obj/Sources/ARSAL_Time.c.o
 .text.unlikely.ARSAL_Time_ComputeTimespecMsTimeDiff
                0x0000000000000000        0x0 /home/dima/ROS_Projects/miniardrone_ws/devel/arsdk/out/arsdk-native/build/libARSAL/obj/Sources/ARSAL_Time.c.o
 .note.GNU-stack
                0x0000000000000000        0x0 /home/dima/ROS_Projects/miniardrone_ws/devel/arsdk/out/arsdk-native/build/libARSAL/obj/Sources/ARSAL_Time.c.o
 .text          0x0000000000000000        0x0 /home/dima/ROS_Projects/miniardrone_ws/devel/arsdk/out/arsdk-native/build/libARSAL/obj/Sources/ARSAL_Thread.c.o
 .data          0x0000000000000000        0x0 /home/dima/ROS_Projects/miniardrone_ws/devel/arsdk/out/arsdk-native/build/libARSAL/obj/Sources/ARSAL_Thread.c.o
 .bss           0x0000000000000000        0x0 /home/dima/ROS_Projects/miniardrone_ws/devel/arsdk/out/arsdk-native/build/libARSAL/obj/Sources/ARSAL_Thread.c.o
 .text.unlikely.ARSAL_Thread_Create
                0x0000000000000000        0x0 /home/dima/ROS_Projects/miniardrone_ws/devel/arsdk/out/arsdk-native/build/libARSAL/obj/Sources/ARSAL_Thread.c.o
 .text.unlikely.ARSAL_Thread_Join
                0x0000000000000000        0x0 /home/dima/ROS_Projects/miniardrone_ws/devel/arsdk/out/arsdk-native/build/libARSAL/obj/Sources/ARSAL_Thread.c.o
 .text.unlikely.ARSAL_Thread_Destroy
                0x0000000000000000        0x0 /home/dima/ROS_Projects/miniardrone_ws/devel/arsdk/out/arsdk-native/build/libARSAL/obj/Sources/ARSAL_Thread.c.o
 .note.GNU-stack
                0x0000000000000000        0x0 /home/dima/ROS_Projects/miniardrone_ws/devel/arsdk/out/arsdk-native/build/libARSAL/obj/Sources/ARSAL_Thread.c.o
 .text          0x0000000000000000        0x0 /home/dima/ROS_Projects/miniardrone_ws/devel/arsdk/out/arsdk-native/build/libARSAL/obj/Sources/md5.c.o
 .data          0x0000000000000000        0x0 /home/dima/ROS_Projects/miniardrone_ws/devel/arsdk/out/arsdk-native/build/libARSAL/obj/Sources/md5.c.o
 .bss           0x0000000000000000        0x0 /home/dima/ROS_Projects/miniardrone_ws/devel/arsdk/out/arsdk-native/build/libARSAL/obj/Sources/md5.c.o
 .text.unlikely.body
                0x0000000000000000        0x0 /home/dima/ROS_Projects/miniardrone_ws/devel/arsdk/out/arsdk-native/build/libARSAL/obj/Sources/md5.c.o
 .text.unlikely.MD5_Init
                0x0000000000000000        0x0 /home/dima/ROS_Projects/miniardrone_ws/devel/arsdk/out/arsdk-native/build/libARSAL/obj/Sources/md5.c.o
 .text.unlikely.MD5_Update
                0x0000000000000000        0x0 /home/dima/ROS_Projects/miniardrone_ws/devel/arsdk/out/arsdk-native/build/libARSAL/obj/Sources/md5.c.o
 .text.unlikely.MD5_Final
                0x0000000000000000        0x0 /home/dima/ROS_Projects/miniardrone_ws/devel/arsdk/out/arsdk-native/build/libARSAL/obj/Sources/md5.c.o
 .note.GNU-stack
                0x0000000000000000        0x0 /home/dima/ROS_Projects/miniardrone_ws/devel/arsdk/out/arsdk-native/build/libARSAL/obj/Sources/md5.c.o
 .text          0x0000000000000000        0x0 /home/dima/ROS_Projects/miniardrone_ws/devel/arsdk/out/arsdk-native/build/libARSAL/obj/gen/Sources/ARSAL_Error.c.o
 .data          0x0000000000000000        0x0 /home/dima/ROS_Projects/miniardrone_ws/devel/arsdk/out/arsdk-native/build/libARSAL/obj/gen/Sources/ARSAL_Error.c.o
 .bss           0x0000000000000000        0x0 /home/dima/ROS_Projects/miniardrone_ws/devel/arsdk/out/arsdk-native/build/libARSAL/obj/gen/Sources/ARSAL_Error.c.o
 .text.unlikely.ARSAL_Error_ToString
                0x0000000000000000        0x0 /home/dima/ROS_Projects/miniardrone_ws/devel/arsdk/out/arsdk-native/build/libARSAL/obj/gen/Sources/ARSAL_Error.c.o
 .note.GNU-stack
                0x0000000000000000        0x0 /home/dima/ROS_Projects/miniardrone_ws/devel/arsdk/out/arsdk-native/build/libARSAL/obj/gen/Sources/ARSAL_Error.c.o
 .text          0x0000000000000000        0x0 /usr/lib/gcc/x86_64-linux-gnu/5/crtendS.o
 .data          0x0000000000000000        0x0 /usr/lib/gcc/x86_64-linux-gnu/5/crtendS.o
 .bss           0x0000000000000000        0x0 /usr/lib/gcc/x86_64-linux-gnu/5/crtendS.o
 .note.GNU-stack
                0x0000000000000000        0x0 /usr/lib/gcc/x86_64-linux-gnu/5/crtendS.o
 .text          0x0000000000000000        0x0 /usr/lib/gcc/x86_64-linux-gnu/5/../../../x86_64-linux-gnu/crtn.o
 .data          0x0000000000000000        0x0 /usr/lib/gcc/x86_64-linux-gnu/5/../../../x86_64-linux-gnu/crtn.o
 .bss           0x0000000000000000        0x0 /usr/lib/gcc/x86_64-linux-gnu/5/../../../x86_64-linux-gnu/crtn.o
 .note.GNU-stack
                0x0000000000000000        0x0 /usr/lib/gcc/x86_64-linux-gnu/5/../../../x86_64-linux-gnu/crtn.o

Memory Configuration

Name             Origin             Length             Attributes
*default*        0x0000000000000000 0xffffffffffffffff

Linker script and memory map

LOAD /usr/lib/gcc/x86_64-linux-gnu/5/../../../x86_64-linux-gnu/crti.o
LOAD /usr/lib/gcc/x86_64-linux-gnu/5/crtbeginS.o
LOAD /home/dima/ROS_Projects/miniardrone_ws/devel/arsdk/out/arsdk-native/build/libARSAL/obj/Sources/ARSAL_Ftw.c.o
LOAD /home/dima/ROS_Projects/miniardrone_ws/devel/arsdk/out/arsdk-native/build/libARSAL/obj/Sources/ARSAL_MD5.c.o
LOAD /home/dima/ROS_Projects/miniardrone_ws/devel/arsdk/out/arsdk-native/build/libARSAL/obj/Sources/ARSAL_MD5_Manager.c.o
LOAD /home/dima/ROS_Projects/miniardrone_ws/devel/arsdk/out/arsdk-native/build/libARSAL/obj/Sources/ARSAL_Mutex.c.o
LOAD /home/dima/ROS_Projects/miniardrone_ws/devel/arsdk/out/arsdk-native/build/libARSAL/obj/Sources/ARSAL_Print.c.o
LOAD /home/dima/ROS_Projects/miniardrone_ws/devel/arsdk/out/arsdk-native/build/libARSAL/obj/Sources/ARSAL_Sem.c.o
LOAD /home/dima/ROS_Projects/miniardrone_ws/devel/arsdk/out/arsdk-native/build/libARSAL/obj/Sources/ARSAL_Socket.c.o
LOAD /home/dima/ROS_Projects/miniardrone_ws/devel/arsdk/out/arsdk-native/build/libARSAL/obj/Sources/ARSAL_Time.c.o
LOAD /home/dima/ROS_Projects/miniardrone_ws/devel/arsdk/out/arsdk-native/build/libARSAL/obj/Sources/ARSAL_Thread.c.o
LOAD /home/dima/ROS_Projects/miniardrone_ws/devel/arsdk/out/arsdk-native/build/libARSAL/obj/Sources/md5.c.o
LOAD /home/dima/ROS_Projects/miniardrone_ws/devel/arsdk/out/arsdk-native/build/libARSAL/obj/gen/Sources/ARSAL_Error.c.o
LOAD /usr/lib/gcc/x86_64-linux-gnu/5/../../../x86_64-linux-gnu/librt.so
LOAD /usr/lib/gcc/x86_64-linux-gnu/5/libstdc++.so
LOAD /usr/lib/gcc/x86_64-linux-gnu/5/../../../x86_64-linux-gnu/libm.so
START GROUP
LOAD /lib/x86_64-linux-gnu/libm.so.6
LOAD /usr/lib/x86_64-linux-gnu/libmvec_nonshared.a
LOAD /lib/x86_64-linux-gnu/libmvec.so.1
END GROUP
LOAD /usr/lib/gcc/x86_64-linux-gnu/5/libgcc_s.so
LOAD /usr/lib/gcc/x86_64-linux-gnu/5/../../../x86_64-linux-gnu/libpthread.so
START GROUP
LOAD /lib/x86_64-linux-gnu/libpthread.so.0
LOAD /usr/lib/x86_64-linux-gnu/libpthread_nonshared.a
END GROUP
LOAD /usr/lib/gcc/x86_64-linux-gnu/5/../../../x86_64-linux-gnu/libc.so
START GROUP
LOAD /lib/x86_64-linux-gnu/libc.so.6
LOAD /usr/lib/x86_64-linux-gnu/libc_nonshared.a
LOAD /lib/x86_64-linux-gnu/ld-linux-x86-64.so.2
END GROUP
LOAD /usr/lib/gcc/x86_64-linux-gnu/5/libgcc_s.so
LOAD /usr/lib/gcc/x86_64-linux-gnu/5/crtendS.o
LOAD /usr/lib/gcc/x86_64-linux-gnu/5/../../../x86_64-linux-gnu/crtn.o
                0x00000000000001c8                . = (0x0 + SIZEOF_HEADERS)

.note.gnu.build-id
                0x00000000000001c8       0x24
 *(.note.gnu.build-id)
 .note.gnu.build-id
                0x00000000000001c8       0x24 /usr/lib/gcc/x86_64-linux-gnu/5/../../../x86_64-linux-gnu/crti.o

.hash
 *(.hash)

.gnu.hash       0x00000000000001f0      0x26c
 *(.gnu.hash)
 .gnu.hash      0x00000000000001f0      0x26c /usr/lib/gcc/x86_64-linux-gnu/5/../../../x86_64-linux-gnu/crti.o

.dynsym         0x0000000000000460      0xcf0
 *(.dynsym)
 .dynsym        0x0000000000000460      0xcf0 /usr/lib/gcc/x86_64-linux-gnu/5/../../../x86_64-linux-gnu/crti.o

.dynstr         0x0000000000001150      0x8b4
 *(.dynstr)
 .dynstr        0x0000000000001150      0x8b4 /usr/lib/gcc/x86_64-linux-gnu/5/../../../x86_64-linux-gnu/crti.o

.gnu.version    0x0000000000001a04      0x114
 *(.gnu.version)
 .gnu.version   0x0000000000001a04      0x114 /usr/lib/gcc/x86_64-linux-gnu/5/../../../x86_64-linux-gnu/crti.o

.gnu.version_d  0x0000000000001b18        0x0
 *(.gnu.version_d)
 .gnu.version_d
                0x0000000000001b18        0x0 /usr/lib/gcc/x86_64-linux-gnu/5/../../../x86_64-linux-gnu/crti.o

.gnu.version_r  0x0000000000001b18       0x90
 *(.gnu.version_r)
 .gnu.version_r
                0x0000000000001b18       0x90 /usr/lib/gcc/x86_64-linux-gnu/5/../../../x86_64-linux-gnu/crti.o

.rela.dyn       0x0000000000001ba8      0x1b0
 *(.rela.init)
 *(.rela.text .rela.text.* .rela.gnu.linkonce.t.*)
 .rela.text     0x0000000000001ba8        0x0 /usr/lib/gcc/x86_64-linux-gnu/5/../../../x86_64-linux-gnu/crti.o
 *(.rela.fini)
 *(.rela.rodata .rela.rodata.* .rela.gnu.linkonce.r.*)
 *(.rela.data .rela.data.* .rela.gnu.linkonce.d.*)
 .rela.data.rel.local
                0x0000000000001ba8       0x18 /usr/lib/gcc/x86_64-linux-gnu/5/../../../x86_64-linux-gnu/crti.o
 .rela.data.rel.ro.local
                0x0000000000001bc0       0x90 /usr/lib/gcc/x86_64-linux-gnu/5/../../../x86_64-linux-gnu/crti.o
 *(.rela.tdata .rela.tdata.* .rela.gnu.linkonce.td.*)
 *(.rela.tbss .rela.tbss.* .rela.gnu.linkonce.tb.*)
 *(.rela.ctors)
 *(.rela.dtors)
 *(.rela.got)
 .rela.got      0x0000000000001c50       0xd8 /usr/lib/gcc/x86_64-linux-gnu/5/../../../x86_64-linux-gnu/crti.o
 *(.rela.bss .rela.bss.* .rela.gnu.linkonce.b.*)
 *(.rela.ldata .rela.ldata.* .rela.gnu.linkonce.l.*)
 *(.rela.lbss .rela.lbss.* .rela.gnu.linkonce.lb.*)
 *(.rela.lrodata .rela.lrodata.* .rela.gnu.linkonce.lr.*)
 *(.rela.ifunc)
 .rela.ifunc    0x0000000000001d28        0x0 /usr/lib/gcc/x86_64-linux-gnu/5/../../../x86_64-linux-gnu/crti.o
 .rela.fini_array
                0x0000000000001d28       0x18 /usr/lib/gcc/x86_64-linux-gnu/5/../../../x86_64-linux-gnu/crti.o
 .rela.init_array
                0x0000000000001d40       0x18 /usr/lib/gcc/x86_64-linux-gnu/5/../../../x86_64-linux-gnu/crti.o

.rela.plt       0x0000000000001d58      0x660
 *(.rela.plt)
 .rela.plt      0x0000000000001d58      0x660 /usr/lib/gcc/x86_64-linux-gnu/5/../../../x86_64-linux-gnu/crti.o
 *(.rela.iplt)

.init           0x00000000000023b8       0x1a
 *(SORT(.init))
 .init          0x00000000000023b8       0x15 /usr/lib/gcc/x86_64-linux-gnu/5/../../../x86_64-linux-gnu/crti.o
                0x00000000000023b8                _init
 .init          0x00000000000023cd        0x5 /usr/lib/gcc/x86_64-linux-gnu/5/../../../x86_64-linux-gnu/crtn.o

.plt            0x00000000000023e0      0x450
 *(.plt)
 .plt           0x00000000000023e0      0x450 /usr/lib/gcc/x86_64-linux-gnu/5/../../../x86_64-linux-gnu/crti.o
 *(.iplt)

.plt.got        0x0000000000002830       0x18
 *(.plt.got)
 .plt.got       0x0000000000002830       0x18 /usr/lib/gcc/x86_64-linux-gnu/5/../../../x86_64-linux-gnu/crti.o

.plt.bnd
 *(.plt.bnd)

.text           0x0000000000002850     0x2878
 *(.text.unlikely .text.*_unlikely .text.unlikely.*)
 *(.text.exit .text.exit.*)
 *(.text.startup .text.startup.*)
 *(.text.hot .text.hot.*)
 *(.text .stub .text.* .gnu.linkonce.t.*)
 .text          0x0000000000002850      0x100 /usr/lib/gcc/x86_64-linux-gnu/5/crtbeginS.o
 .text.ARSAL_Ftw
                0x0000000000002950        0x5 /home/dima/ROS_Projects/miniardrone_ws/devel/arsdk/out/arsdk-native/build/libARSAL/obj/Sources/ARSAL_Ftw.c.o
                0x0000000000002950                ARSAL_Ftw
 *fill*         0x0000000000002955        0xb 
 .text.ARSAL_Nftw
                0x0000000000002960        0x5 /home/dima/ROS_Projects/miniardrone_ws/devel/arsdk/out/arsdk-native/build/libARSAL/obj/Sources/ARSAL_Ftw.c.o
                0x0000000000002960                ARSAL_Nftw
 *fill*         0x0000000000002965        0xb 
 .text.ARSAL_MD5_Compute
                0x0000000000002970      0x16c /home/dima/ROS_Projects/miniardrone_ws/devel/arsdk/out/arsdk-native/build/libARSAL/obj/Sources/ARSAL_MD5.c.o
                0x0000000000002970                ARSAL_MD5_Compute
 *fill*         0x0000000000002adc        0x4 
 .text.ARSAL_MD5_Manager_Init
                0x0000000000002ae0       0xd7 /home/dima/ROS_Projects/miniardrone_ws/devel/arsdk/out/arsdk-native/build/libARSAL/obj/Sources/ARSAL_MD5.c.o
                0x0000000000002ae0                ARSAL_MD5_Manager_Init
 *fill*         0x0000000000002bb7        0x9 
 .text.ARSAL_MD5_Manager_Close
                0x0000000000002bc0       0xad /home/dima/ROS_Projects/miniardrone_ws/devel/arsdk/out/arsdk-native/build/libARSAL/obj/Sources/ARSAL_MD5.c.o
                0x0000000000002bc0                ARSAL_MD5_Manager_Close
 *fill*         0x0000000000002c6d        0x3 
 .text.ARSAL_MD5_GetMd5AsTxt
                0x0000000000002c70       0x78 /home/dima/ROS_Projects/miniardrone_ws/devel/arsdk/out/arsdk-native/build/libARSAL/obj/Sources/ARSAL_MD5.c.o
                0x0000000000002c70                ARSAL_MD5_GetMd5AsTxt
 *fill*         0x0000000000002ce8        0x8 
 .text.ARSAL_MD5_Check
                0x0000000000002cf0      0x13d /home/dima/ROS_Projects/miniardrone_ws/devel/arsdk/out/arsdk-native/build/libARSAL/obj/Sources/ARSAL_MD5.c.o
                0x0000000000002cf0                ARSAL_MD5_Check
 *fill*         0x0000000000002e2d        0x3 
 .text.ARSAL_MD5_Manager_New
                0x0000000000002e30       0xd1 /home/dima/ROS_Projects/miniardrone_ws/devel/arsdk/out/arsdk-native/build/libARSAL/obj/Sources/ARSAL_MD5_Manager.c.o
                0x0000000000002e30                ARSAL_MD5_Manager_New
 *fill*         0x0000000000002f01        0xf 
 .text.ARSAL_MD5_Manager_Delete
                0x0000000000002f10       0xcd /home/dima/ROS_Projects/miniardrone_ws/devel/arsdk/out/arsdk-native/build/libARSAL/obj/Sources/ARSAL_MD5_Manager.c.o
                0x0000000000002f10                ARSAL_MD5_Manager_Delete
 *fill*         0x0000000000002fdd        0x3 
 .text.ARSAL_MD5_Manager_Check
                0x0000000000002fe0       0x1e /home/dima/ROS_Projects/miniardrone_ws/devel/arsdk/out/arsdk-native/build/libARSAL/obj/Sources/ARSAL_MD5_Manager.c.o
                0x0000000000002fe0                ARSAL_MD5_Manager_Check
 *fill*         0x0000000000002ffe        0x2 
 .text.ARSAL_MD5_Manager_Compute
                0x0000000000003000       0x1e /home/dima/ROS_Projects/miniardrone_ws/devel/arsdk/out/arsdk-native/build/libARSAL/obj/Sources/ARSAL_MD5_Manager.c.o
                0x0000000000003000                ARSAL_MD5_Manager_Compute
 *fill*         0x000000000000301e        0x2 
 .text.ARSAL_Mutex_Init
                0x0000000000003020       0x1c /home/dima/ROS_Projects/miniardrone_ws/devel/arsdk/out/arsdk-native/build/libARSAL/obj/Sources/ARSAL_Mutex.c.o
                0x0000000000003020                ARSAL_Mutex_Init
 *fill*         0x000000000000303c        0x4 
 .text.ARSAL_Mutex_Destroy
                0x0000000000003040       0x24 /home/dima/ROS_Projects/miniardrone_ws/devel/arsdk/out/arsdk-native/build/libARSAL/obj/Sources/ARSAL_Mutex.c.o
                0x0000000000003040                ARSAL_Mutex_Destroy
 *fill*         0x0000000000003064        0xc 
 .text.ARSAL_Mutex_Lock
                0x0000000000003070       0xdd /home/dima/ROS_Projects/miniardrone_ws/devel/arsdk/out/arsdk-native/build/libARSAL/obj/Sources/ARSAL_Mutex.c.o
                0x0000000000003070                ARSAL_Mutex_Lock
 *fill*         0x000000000000314d        0x3 
 .text.ARSAL_Mutex_Trylock
                0x0000000000003150       0xde /home/dima/ROS_Projects/miniardrone_ws/devel/arsdk/out/arsdk-native/build/libARSAL/obj/Sources/ARSAL_Mutex.c.o
                0x0000000000003150                ARSAL_Mutex_Trylock
 *fill*         0x000000000000322e        0x2 
 .text.ARSAL_Mutex_Unlock
                0x0000000000003230       0xe0 /home/dima/ROS_Projects/miniardrone_ws/devel/arsdk/out/arsdk-native/build/libARSAL/obj/Sources/ARSAL_Mutex.c.o
                0x0000000000003230                ARSAL_Mutex_Unlock
 .text.ARSAL_Cond_Init
                0x0000000000003310       0x1c /home/dima/ROS_Projects/miniardrone_ws/devel/arsdk/out/arsdk-native/build/libARSAL/obj/Sources/ARSAL_Mutex.c.o
                0x0000000000003310                ARSAL_Cond_Init
 *fill*         0x000000000000332c        0x4 
 .text.ARSAL_Cond_Destroy
                0x0000000000003330       0x24 /home/dima/ROS_Projects/miniardrone_ws/devel/arsdk/out/arsdk-native/build/libARSAL/obj/Sources/ARSAL_Mutex.c.o
                0x0000000000003330                ARSAL_Cond_Destroy
 *fill*         0x0000000000003354        0xc 
 .text.ARSAL_Cond_Wait
                0x0000000000003360       0xe3 /home/dima/ROS_Projects/miniardrone_ws/devel/arsdk/out/arsdk-native/build/libARSAL/obj/Sources/ARSAL_Mutex.c.o
                0x0000000000003360                ARSAL_Cond_Wait
 *fill*         0x0000000000003443        0xd 
 .text.ARSAL_Cond_Timedwait
                0x0000000000003450      0x170 /home/dima/ROS_Projects/miniardrone_ws/devel/arsdk/out/arsdk-native/build/libARSAL/obj/Sources/ARSAL_Mutex.c.o
                0x0000000000003450                ARSAL_Cond_Timedwait
 .text.ARSAL_Cond_Signal
                0x00000000000035c0       0xe0 /home/dima/ROS_Projects/miniardrone_ws/devel/arsdk/out/arsdk-native/build/libARSAL/obj/Sources/ARSAL_Mutex.c.o
                0x00000000000035c0                ARSAL_Cond_Signal
 .text.ARSAL_Cond_Broadcast
                0x00000000000036a0       0xe0 /home/dima/ROS_Projects/miniardrone_ws/devel/arsdk/out/arsdk-native/build/libARSAL/obj/Sources/ARSAL_Mutex.c.o
                0x00000000000036a0                ARSAL_Cond_Broadcast
 .text.ARSAL_Print_SetMinimumLevel
                0x0000000000003780       0x14 /home/dima/ROS_Projects/miniardrone_ws/devel/arsdk/out/arsdk-native/build/libARSAL/obj/Sources/ARSAL_Print.c.o
                0x0000000000003780                ARSAL_Print_SetMinimumLevel
 *fill*         0x0000000000003794        0xc 
 .text.ARSAL_Print_GetMinimumLevel
                0x00000000000037a0        0x7 /home/dima/ROS_Projects/miniardrone_ws/devel/arsdk/out/arsdk-native/build/libARSAL/obj/Sources/ARSAL_Print.c.o
                0x00000000000037a0                ARSAL_Print_GetMinimumLevel
 *fill*         0x00000000000037a7        0x9 
 .text.ARSAL_Print_SetCallback
                0x00000000000037b0        0x8 /home/dima/ROS_Projects/miniardrone_ws/devel/arsdk/out/arsdk-native/build/libARSAL/obj/Sources/ARSAL_Print.c.o
                0x00000000000037b0                ARSAL_Print_SetCallback
 *fill*         0x00000000000037b8        0x8 
 .text.ARSAL_Print_GetLevelDescription
                0x00000000000037c0       0x1b /home/dima/ROS_Projects/miniardrone_ws/devel/arsdk/out/arsdk-native/build/libARSAL/obj/Sources/ARSAL_Print.c.o
                0x00000000000037c0                ARSAL_Print_GetLevelDescription
 *fill*         0x00000000000037db        0x5 
 .text.ARSAL_Print_PrintRaw
                0x00000000000037e0      0x16c /home/dima/ROS_Projects/miniardrone_ws/devel/arsdk/out/arsdk-native/build/libARSAL/obj/Sources/ARSAL_Print.c.o
                0x00000000000037e0                ARSAL_Print_PrintRaw
 *fill*         0x000000000000394c        0x4 
 .text.ARSAL_Print_DumpData
                0x0000000000003950      0x186 /home/dima/ROS_Projects/miniardrone_ws/devel/arsdk/out/arsdk-native/build/libARSAL/obj/Sources/ARSAL_Print.c.o
                0x0000000000003950                ARSAL_Print_DumpData
 *fill*         0x0000000000003ad6        0xa 
 .text.ARSAL_Print_DumpRotateFiles
                0x0000000000003ae0      0x235 /home/dima/ROS_Projects/miniardrone_ws/devel/arsdk/out/arsdk-native/build/libARSAL/obj/Sources/ARSAL_Print.c.o
                0x0000000000003ae0                ARSAL_Print_DumpRotateFiles
 *fill*         0x0000000000003d15        0xb 
 .text.ARSAL_Sem_Init
                0x0000000000003d20       0x8f /home/dima/ROS_Projects/miniardrone_ws/devel/arsdk/out/arsdk-native/build/libARSAL/obj/Sources/ARSAL_Sem.c.o
                0x0000000000003d20                ARSAL_Sem_Init
 *fill*         0x0000000000003daf        0x1 
 .text.ARSAL_Sem_Destroy
                0x0000000000003db0       0x4a /home/dima/ROS_Projects/miniardrone_ws/devel/arsdk/out/arsdk-native/build/libARSAL/obj/Sources/ARSAL_Sem.c.o
                0x0000000000003db0                ARSAL_Sem_Destroy
 *fill*         0x0000000000003dfa        0x6 
 .text.ARSAL_Sem_Wait
                0x0000000000003e00       0x35 /home/dima/ROS_Projects/miniardrone_ws/devel/arsdk/out/arsdk-native/build/libARSAL/obj/Sources/ARSAL_Sem.c.o
                0x0000000000003e00                ARSAL_Sem_Wait
 *fill*         0x0000000000003e35        0xb 
 .text.ARSAL_Sem_Trywait
                0x0000000000003e40       0x35 /home/dima/ROS_Projects/miniardrone_ws/devel/arsdk/out/arsdk-native/build/libARSAL/obj/Sources/ARSAL_Sem.c.o
                0x0000000000003e40                ARSAL_Sem_Trywait
 *fill*         0x0000000000003e75        0xb 
 .text.ARSAL_Sem_Timedwait
                0x0000000000003e80       0xcf /home/dima/ROS_Projects/miniardrone_ws/devel/arsdk/out/arsdk-native/build/libARSAL/obj/Sources/ARSAL_Sem.c.o
                0x0000000000003e80                ARSAL_Sem_Timedwait
 *fill*         0x0000000000003f4f        0x1 
 .text.ARSAL_Sem_Post
                0x0000000000003f50       0x35 /home/dima/ROS_Projects/miniardrone_ws/devel/arsdk/out/arsdk-native/build/libARSAL/obj/Sources/ARSAL_Sem.c.o
                0x0000000000003f50                ARSAL_Sem_Post
 *fill*         0x0000000000003f85        0xb 
 .text.ARSAL_Sem_Getvalue
                0x0000000000003f90       0x35 /home/dima/ROS_Projects/miniardrone_ws/devel/arsdk/out/arsdk-native/build/libARSAL/obj/Sources/ARSAL_Sem.c.o
                0x0000000000003f90                ARSAL_Sem_Getvalue
 *fill*         0x0000000000003fc5        0xb 
 .text.ARSAL_Socket_Create
                0x0000000000003fd0        0x5 /home/dima/ROS_Projects/miniardrone_ws/devel/arsdk/out/arsdk-native/build/libARSAL/obj/Sources/ARSAL_Socket.c.o
                0x0000000000003fd0                ARSAL_Socket_Create
 *fill*         0x0000000000003fd5        0xb 
 .text.ARSAL_Socket_Connect
                0x0000000000003fe0        0x5 /home/dima/ROS_Projects/miniardrone_ws/devel/arsdk/out/arsdk-native/build/libARSAL/obj/Sources/ARSAL_Socket.c.o
                0x0000000000003fe0                ARSAL_Socket_Connect
 *fill*         0x0000000000003fe5        0xb 
 .text.ARSAL_Socket_Sendto
                0x0000000000003ff0        0x5 /home/dima/ROS_Projects/miniardrone_ws/devel/arsdk/out/arsdk-native/build/libARSAL/obj/Sources/ARSAL_Socket.c.o
                0x0000000000003ff0                ARSAL_Socket_Sendto
 *fill*         0x0000000000003ff5        0xb 
 .text.ARSAL_Socket_Send
                0x0000000000004000       0x5a /home/dima/ROS_Projects/miniardrone_ws/devel/arsdk/out/arsdk-native/build/libARSAL/obj/Sources/ARSAL_Socket.c.o
                0x0000000000004000                ARSAL_Socket_Send
 *fill*         0x000000000000405a        0x6 
 .text.ARSAL_Socket_Recvfrom
                0x0000000000004060        0x5 /home/dima/ROS_Projects/miniardrone_ws/devel/arsdk/out/arsdk-native/build/libARSAL/obj/Sources/ARSAL_Socket.c.o
                0x0000000000004060                ARSAL_Socket_Recvfrom
 *fill*         0x0000000000004065        0xb 
 .text.ARSAL_Socket_Recv
                0x0000000000004070        0x5 /home/dima/ROS_Projects/miniardrone_ws/devel/arsdk/out/arsdk-native/build/libARSAL/obj/Sources/ARSAL_Socket.c.o
                0x0000000000004070                ARSAL_Socket_Recv
 *fill*         0x0000000000004075        0xb 
 .text.ARSAL_Socket_Writev
                0x0000000000004080        0x5 /home/dima/ROS_Projects/miniardrone_ws/devel/arsdk/out/arsdk-native/build/libARSAL/obj/Sources/ARSAL_Socket.c.o
                0x0000000000004080                ARSAL_Socket_Writev
 *fill*         0x0000000000004085        0xb 
 .text.ARSAL_Socket_Readv
                0x0000000000004090        0x5 /home/dima/ROS_Projects/miniardrone_ws/devel/arsdk/out/arsdk-native/build/libARSAL/obj/Sources/ARSAL_Socket.c.o
                0x0000000000004090                ARSAL_Socket_Readv
 *fill*         0x0000000000004095        0xb 
 .text.ARSAL_Socket_Bind
                0x00000000000040a0        0x5 /home/dima/ROS_Projects/miniardrone_ws/devel/arsdk/out/arsdk-native/build/libARSAL/obj/Sources/ARSAL_Socket.c.o
                0x00000000000040a0                ARSAL_Socket_Bind
 *fill*         0x00000000000040a5        0xb 
 .text.ARSAL_Socket_Listen
                0x00000000000040b0        0x5 /home/dima/ROS_Projects/miniardrone_ws/devel/arsdk/out/arsdk-native/build/libARSAL/obj/Sources/ARSAL_Socket.c.o
                0x00000000000040b0                ARSAL_Socket_Listen
 *fill*         0x00000000000040b5        0xb 
 .text.ARSAL_Socket_Accept
                0x00000000000040c0        0x5 /home/dima/ROS_Projects/miniardrone_ws/devel/arsdk/out/arsdk-native/build/libARSAL/obj/Sources/ARSAL_Socket.c.o
                0x00000000000040c0                ARSAL_Socket_Accept
 *fill*         0x00000000000040c5        0xb 
 .text.ARSAL_Socket_Close
                0x00000000000040d0        0x5 /home/dima/ROS_Projects/miniardrone_ws/devel/arsdk/out/arsdk-native/build/libARSAL/obj/Sources/ARSAL_Socket.c.o
                0x00000000000040d0                ARSAL_Socket_Close
 *fill*         0x00000000000040d5        0xb 
 .text.ARSAL_Socket_Setsockopt
                0x00000000000040e0        0x5 /home/dima/ROS_Projects/miniardrone_ws/devel/arsdk/out/arsdk-native/build/libARSAL/obj/Sources/ARSAL_Socket.c.o
                0x00000000000040e0                ARSAL_Socket_Setsockopt
 *fill*         0x00000000000040e5        0xb 
 .text.ARSAL_Socket_Getsockopt
                0x00000000000040f0        0x5 /home/dima/ROS_Projects/miniardrone_ws/devel/arsdk/out/arsdk-native/build/libARSAL/obj/Sources/ARSAL_Socket.c.o
                0x00000000000040f0                ARSAL_Socket_Getsockopt
 *fill*         0x00000000000040f5        0xb 
 .text.ARSAL_Time_GetTime
                0x0000000000004100       0x64 /home/dima/ROS_Projects/miniardrone_ws/devel/arsdk/out/arsdk-native/build/libARSAL/obj/Sources/ARSAL_Time.c.o
                0x0000000000004100                ARSAL_Time_GetTime
 *fill*         0x0000000000004164        0xc 
 .text.ARSAL_Time_GetLocalTime
                0x0000000000004170       0x95 /home/dima/ROS_Projects/miniardrone_ws/devel/arsdk/out/arsdk-native/build/libARSAL/obj/Sources/ARSAL_Time.c.o
                0x0000000000004170                ARSAL_Time_GetLocalTime
 *fill*         0x0000000000004205        0xb 
 .text.ARSAL_Time_TimevalEquals
                0x0000000000004210       0x2f /home/dima/ROS_Projects/miniardrone_ws/devel/arsdk/out/arsdk-native/build/libARSAL/obj/Sources/ARSAL_Time.c.o
                0x0000000000004210                ARSAL_Time_TimevalEquals
 *fill*         0x000000000000423f        0x1 
 .text.ARSAL_Time_TimespecEquals
                0x0000000000004240       0x2f /home/dima/ROS_Projects/miniardrone_ws/devel/arsdk/out/arsdk-native/build/libARSAL/obj/Sources/ARSAL_Time.c.o
                0x0000000000004240                ARSAL_Time_TimespecEquals
 *fill*         0x000000000000426f        0x1 
 .text.ARSAL_Time_ComputeTimevalMsTimeDiff
                0x0000000000004270       0x5e /home/dima/ROS_Projects/miniardrone_ws/devel/arsdk/out/arsdk-native/build/libARSAL/obj/Sources/ARSAL_Time.c.o
                0x0000000000004270                ARSAL_Time_ComputeTimevalMsTimeDiff
 *fill*         0x00000000000042ce        0x2 
 .text.ARSAL_Time_ComputeTimespecMsTimeDiff
                0x00000000000042d0       0x5e /home/dima/ROS_Projects/miniardrone_ws/devel/arsdk/out/arsdk-native/build/libARSAL/obj/Sources/ARSAL_Time.c.o
                0x00000000000042d0                ARSAL_Time_ComputeTimespecMsTimeDiff
 *fill*         0x000000000000432e        0x2 
 .text.ARSAL_Thread_Create
                0x0000000000004330       0x2f /home/dima/ROS_Projects/miniardrone_ws/devel/arsdk/out/arsdk-native/build/libARSAL/obj/Sources/ARSAL_Thread.c.o
                0x0000000000004330                ARSAL_Thread_Create
 *fill*         0x000000000000435f        0x1 
 .text.ARSAL_Thread_Join
                0x0000000000004360        0x8 /home/dima/ROS_Projects/miniardrone_ws/devel/arsdk/out/arsdk-native/build/libARSAL/obj/Sources/ARSAL_Thread.c.o
                0x0000000000004360                ARSAL_Thread_Join
 *fill*         0x0000000000004368        0x8 
 .text.ARSAL_Thread_Destroy
                0x0000000000004370       0x13 /home/dima/ROS_Projects/miniardrone_ws/devel/arsdk/out/arsdk-native/build/libARSAL/obj/Sources/ARSAL_Thread.c.o
                0x0000000000004370                ARSAL_Thread_Destroy
 *fill*         0x0000000000004383        0xd 
 .text.body     0x0000000000004390      0x73c /home/dima/ROS_Projects/miniardrone_ws/devel/arsdk/out/arsdk-native/build/libARSAL/obj/Sources/md5.c.o
 *fill*         0x0000000000004acc        0x4 
 .text.MD5_Init
                0x0000000000004ad0       0x2a /home/dima/ROS_Projects/miniardrone_ws/devel/arsdk/out/arsdk-native/build/libARSAL/obj/Sources/md5.c.o
                0x0000000000004ad0                MD5_Init
 *fill*         0x0000000000004afa        0x6 
 .text.MD5_Update
                0x0000000000004b00      0x219 /home/dima/ROS_Projects/miniardrone_ws/devel/arsdk/out/arsdk-native/build/libARSAL/obj/Sources/md5.c.o
                0x0000000000004b00                MD5_Update
 *fill*         0x0000000000004d19        0x7 
 .text.MD5_Final
                0x0000000000004d20      0x284 /home/dima/ROS_Projects/miniardrone_ws/devel/arsdk/out/arsdk-native/build/libARSAL/obj/Sources/md5.c.o
                0x0000000000004d20                MD5_Final
 *fill*         0x0000000000004fa4        0xc 
 .text.ARSAL_Error_ToString
                0x0000000000004fb0      0x118 /home/dima/ROS_Projects/miniardrone_ws/devel/arsdk/out/arsdk-native/build/libARSAL/obj/gen/Sources/ARSAL_Error.c.o
                0x0000000000004fb0                ARSAL_Error_ToString
 *(.gnu.warning)

.fini           0x00000000000050c8        0x9
 *(SORT(.fini))
 .fini          0x00000000000050c8        0x4 /usr/lib/gcc/x86_64-linux-gnu/5/../../../x86_64-linux-gnu/crti.o
                0x00000000000050c8                _fini
 .fini          0x00000000000050cc        0x5 /usr/lib/gcc/x86_64-linux-gnu/5/../../../x86_64-linux-gnu/crtn.o
                [!provide]                        PROVIDE (__etext, .)
                [!provide]                        PROVIDE (_etext, .)
                [!provide]                        PROVIDE (etext, .)

.rodata         0x00000000000050e0      0x480
 *(.rodata .rodata.* .gnu.linkonce.r.*)
 .rodata.str1.1
                0x00000000000050e0       0x29 /home/dima/ROS_Projects/miniardrone_ws/devel/arsdk/out/arsdk-native/build/libARSAL/obj/Sources/ARSAL_MD5.c.o
 *fill*         0x0000000000005109        0x7 
 .rodata        0x0000000000005110       0x67 /home/dima/ROS_Projects/miniardrone_ws/devel/arsdk/out/arsdk-native/build/libARSAL/obj/Sources/ARSAL_MD5.c.o
 .rodata.str1.1
                0x0000000000005177       0x21 /home/dima/ROS_Projects/miniardrone_ws/devel/arsdk/out/arsdk-native/build/libARSAL/obj/Sources/ARSAL_MD5_Manager.c.o
 *fill*         0x0000000000005177        0x9 
 .rodata        0x0000000000005180       0x36 /home/dima/ROS_Projects/miniardrone_ws/devel/arsdk/out/arsdk-native/build/libARSAL/obj/Sources/ARSAL_MD5_Manager.c.o
 .rodata.str1.1
                0x00000000000051b6        0xc /home/dima/ROS_Projects/miniardrone_ws/devel/arsdk/out/arsdk-native/build/libARSAL/obj/Sources/ARSAL_Mutex.c.o
                                         0x15 (size before relaxing)
 *fill*         0x00000000000051c2        0x6 
 .rodata.str1.8
                0x00000000000051c8       0xa1 /home/dima/ROS_Projects/miniardrone_ws/devel/arsdk/out/arsdk-native/build/libARSAL/obj/Sources/ARSAL_Mutex.c.o
 *fill*         0x0000000000005269        0x7 
 .rodata        0x0000000000005270       0xc1 /home/dima/ROS_Projects/miniardrone_ws/devel/arsdk/out/arsdk-native/build/libARSAL/obj/Sources/ARSAL_Mutex.c.o
 .rodata.str1.1
                0x0000000000005331       0x3b /home/dima/ROS_Projects/miniardrone_ws/devel/arsdk/out/arsdk-native/build/libARSAL/obj/Sources/ARSAL_Print.c.o
                                         0x44 (size before relaxing)
 *fill*         0x000000000000536c        0x4 
 .rodata.str1.8
                0x0000000000005370       0x3d /home/dima/ROS_Projects/miniardrone_ws/devel/arsdk/out/arsdk-native/build/libARSAL/obj/Sources/ARSAL_Print.c.o
 *fill*         0x00000000000053ad        0x3 
 .rodata        0x00000000000053b0       0x1c /home/dima/ROS_Projects/miniardrone_ws/devel/arsdk/out/arsdk-native/build/libARSAL/obj/Sources/ARSAL_Print.c.o
 .rodata.str1.1
                0x00000000000053cc      0x105 /home/dima/ROS_Projects/miniardrone_ws/devel/arsdk/out/arsdk-native/build/libARSAL/obj/gen/Sources/ARSAL_Error.c.o
 *fill*         0x00000000000054d1        0x7 
 .rodata.str1.8
                0x00000000000054d8       0x88 /home/dima/ROS_Projects/miniardrone_ws/devel/arsdk/out/arsdk-native/build/libARSAL/obj/gen/Sources/ARSAL_Error.c.o
                                         0x85 (size before relaxing)

.rodata1
 *(.rodata1)

.eh_frame_hdr   0x0000000000005560      0x214
 *(.eh_frame_hdr)
 .eh_frame_hdr  0x0000000000005560      0x214 /home/dima/ROS_Projects/miniardrone_ws/devel/arsdk/out/arsdk-native/build/libARSAL/obj/Sources/ARSAL_Ftw.c.o
                0x0000000000005560                __GNU_EH_FRAME_HDR
 *(.eh_frame_entry .eh_frame_entry.*)

.eh_frame       0x0000000000005778      0xb64
 *(.eh_frame)
 .eh_frame      0x0000000000005778       0x40 /usr/lib/gcc/x86_64-linux-gnu/5/../../../x86_64-linux-gnu/crti.o
 .eh_frame      0x00000000000057b8       0x30 /home/dima/ROS_Projects/miniardrone_ws/devel/arsdk/out/arsdk-native/build/libARSAL/obj/Sources/ARSAL_Ftw.c.o
                                         0x40 (size before relaxing)
 .eh_frame      0x00000000000057e8      0x178 /home/dima/ROS_Projects/miniardrone_ws/devel/arsdk/out/arsdk-native/build/libARSAL/obj/Sources/ARSAL_MD5.c.o
                                        0x188 (size before relaxing)
 .eh_frame      0x0000000000005960       0xc0 /home/dima/ROS_Projects/miniardrone_ws/devel/arsdk/out/arsdk-native/build/libARSAL/obj/Sources/ARSAL_MD5_Manager.c.o
                                         0xd0 (size before relaxing)
 .eh_frame      0x0000000000005a20      0x290 /home/dima/ROS_Projects/miniardrone_ws/devel/arsdk/out/arsdk-native/build/libARSAL/obj/Sources/ARSAL_Mutex.c.o
                                        0x2a0 (size before relaxing)
 .eh_frame      0x0000000000005cb0      0x158 /home/dima/ROS_Projects/miniardrone_ws/devel/arsdk/out/arsdk-native/build/libARSAL/obj/Sources/ARSAL_Print.c.o
 .eh_frame      0x0000000000005e08      0x138 /home/dima/ROS_Projects/miniardrone_ws/devel/arsdk/out/arsdk-native/build/libARSAL/obj/Sources/ARSAL_Sem.c.o
                                        0x148 (size before relaxing)
 .eh_frame      0x0000000000005f40      0x180 /home/dima/ROS_Projects/miniardrone_ws/devel/arsdk/out/arsdk-native/build/libARSAL/obj/Sources/ARSAL_Socket.c.o
                                        0x168 (size before relaxing)
 .eh_frame      0x00000000000060c0       0xc0 /home/dima/ROS_Projects/miniardrone_ws/devel/arsdk/out/arsdk-native/build/libARSAL/obj/Sources/ARSAL_Time.c.o
 .eh_frame      0x0000000000006180       0x60 /home/dima/ROS_Projects/miniardrone_ws/devel/arsdk/out/arsdk-native/build/libARSAL/obj/Sources/ARSAL_Thread.c.o
                                         0x70 (size before relaxing)
 .eh_frame      0x00000000000061e0       0xe0 /home/dima/ROS_Projects/miniardrone_ws/devel/arsdk/out/arsdk-native/build/libARSAL/obj/Sources/md5.c.o
                                         0xf0 (size before relaxing)
 .eh_frame      0x00000000000062c0       0x18 /home/dima/ROS_Projects/miniardrone_ws/devel/arsdk/out/arsdk-native/build/libARSAL/obj/gen/Sources/ARSAL_Error.c.o
                                         0x30 (size before relaxing)
 .eh_frame      0x00000000000062d8        0x4 /usr/lib/gcc/x86_64-linux-gnu/5/crtendS.o
 *(.eh_frame.*)

.gcc_except_table
 *(.gcc_except_table .gcc_except_table.*)

.gnu_extab
 *(.gnu_extab*)

.exception_ranges
 *(.exception_ranges .exception_ranges*)
                0x0000000000206d88                . = DATA_SEGMENT_ALIGN (0x200000, 0x1000)

.eh_frame
 *(.eh_frame)
 *(.eh_frame.*)

.gnu_extab
 *(.gnu_extab)

.gcc_except_table
 *(.gcc_except_table .gcc_except_table.*)

.exception_ranges
 *(.exception_ranges .exception_ranges*)

.tdata
 *(.tdata .tdata.* .gnu.linkonce.td.*)

.tbss
 *(.tbss .tbss.* .gnu.linkonce.tb.*)
 *(.tcommon)

.preinit_array
 *(.preinit_array)

.init_array     0x0000000000206d88        0x8
 *(SORT(.init_array.*) SORT(.ctors.*))
 *(.init_array EXCLUDE_FILE(*crtend?.o *crtend.o *crtbegin?.o *crtbegin.o) .ctors)
 .init_array    0x0000000000206d88        0x8 /usr/lib/gcc/x86_64-linux-gnu/5/crtbeginS.o

.fini_array     0x0000000000206d90        0x8
 *(SORT(.fini_array.*) SORT(.dtors.*))
 *(.fini_array EXCLUDE_FILE(*crtend?.o *crtend.o *crtbegin?.o *crtbegin.o) .dtors)
 .fini_array    0x0000000000206d90        0x8 /usr/lib/gcc/x86_64-linux-gnu/5/crtbeginS.o

.ctors
 *crtbegin.o(.ctors)
 *crtbegin?.o(.ctors)
 *(EXCLUDE_FILE(*crtend?.o *crtend.o) .ctors)
 *(SORT(.ctors.*))
 *(.ctors)

.dtors
 *crtbegin.o(.dtors)
 *crtbegin?.o(.dtors)
 *(EXCLUDE_FILE(*crtend?.o *crtend.o) .dtors)
 *(SORT(.dtors.*))
 *(.dtors)

.jcr            0x0000000000206d98        0x8
 *(.jcr)
 .jcr           0x0000000000206d98        0x0 /usr/lib/gcc/x86_64-linux-gnu/5/crtbeginS.o
 .jcr           0x0000000000206d98        0x8 /usr/lib/gcc/x86_64-linux-gnu/5/crtendS.o

.data.rel.ro    0x0000000000206da0       0x30
 *(.data.rel.ro.local* .gnu.linkonce.d.rel.ro.local.*)
 .data.rel.ro.local
                0x0000000000206da0       0x30 /home/dima/ROS_Projects/miniardrone_ws/devel/arsdk/out/arsdk-native/build/libARSAL/obj/Sources/ARSAL_Print.c.o
 *(.data.rel.ro .data.rel.ro.* .gnu.linkonce.d.rel.ro.*)

.dynamic        0x0000000000206dd0      0x1e0
 *(.dynamic)
 .dynamic       0x0000000000206dd0      0x1e0 /usr/lib/gcc/x86_64-linux-gnu/5/../../../x86_64-linux-gnu/crti.o
                0x0000000000206dd0                _DYNAMIC

.got            0x0000000000206fb0       0x48
 *(.got)
 .got           0x0000000000206fb0       0x48 /usr/lib/gcc/x86_64-linux-gnu/5/../../../x86_64-linux-gnu/crti.o
 *(.igot)
                0x0000000000207fe8                . = DATA_SEGMENT_RELRO_END (., (SIZEOF (.got.plt) >= 0x18)?0x18:0x0)

.got.plt        0x0000000000207000      0x238
 *(.got.plt)
 .got.plt       0x0000000000207000      0x238 /usr/lib/gcc/x86_64-linux-gnu/5/../../../x86_64-linux-gnu/crti.o
                0x0000000000207000                _GLOBAL_OFFSET_TABLE_
 *(.igot.plt)

.data           0x0000000000207238        0xc
 *(.data .data.* .gnu.linkonce.d.*)
 .data.rel.local
                0x0000000000207238        0x8 /usr/lib/gcc/x86_64-linux-gnu/5/crtbeginS.o
                0x0000000000207238                __dso_handle
 .data          0x0000000000207240        0x4 /home/dima/ROS_Projects/miniardrone_ws/devel/arsdk/out/arsdk-native/build/libARSAL/obj/Sources/ARSAL_Print.c.o

.tm_clone_table
                0x0000000000207248        0x0
 .tm_clone_table
                0x0000000000207248        0x0 /usr/lib/gcc/x86_64-linux-gnu/5/crtbeginS.o
 .tm_clone_table
                0x0000000000207248        0x0 /usr/lib/gcc/x86_64-linux-gnu/5/crtendS.o

.data1
 *(.data1)
                0x0000000000207248                _edata = .
                [!provide]                        PROVIDE (edata, .)
                0x0000000000207248                . = .
                0x0000000000207248                __bss_start = .

.bss            0x0000000000207248       0x10
 *(.dynbss)
 .dynbss        0x0000000000207248        0x0 /usr/lib/gcc/x86_64-linux-gnu/5/../../../x86_64-linux-gnu/crti.o
 *(.bss .bss.* .gnu.linkonce.b.*)
 .bss           0x0000000000207248        0x1 /usr/lib/gcc/x86_64-linux-gnu/5/crtbeginS.o
 *fill*         0x0000000000207249        0x7 
 .bss           0x0000000000207250        0x8 /home/dima/ROS_Projects/miniardrone_ws/devel/arsdk/out/arsdk-native/build/libARSAL/obj/Sources/ARSAL_Print.c.o
 *(COMMON)
                0x0000000000207258                . = ALIGN ((. != 0x0)?0x8:0x1)

.lbss
 *(.dynlbss)
 *(.lbss .lbss.* .gnu.linkonce.lb.*)
 *(LARGE_COMMON)
                0x0000000000207258                . = ALIGN (0x8)
                0x0000000000207258                . = SEGMENT_START ("ldata-segment", .)

.lrodata
 *(.lrodata .lrodata.* .gnu.linkonce.lr.*)

.ldata          0x0000000000607258        0x0
 *(.ldata .ldata.* .gnu.linkonce.l.*)
                0x0000000000607258                . = ALIGN ((. != 0x0)?0x8:0x1)
                0x0000000000607258                . = ALIGN (0x8)
                0x0000000000607258                _end = .
                [!provide]                        PROVIDE (end, .)
                0x0000000000607258                . = DATA_SEGMENT_END (.)

.stab
 *(.stab)

.stabstr
 *(.stabstr)

.stab.excl
 *(.stab.excl)

.stab.exclstr
 *(.stab.exclstr)

.stab.index
 *(.stab.index)

.stab.indexstr
 *(.stab.indexstr)

.comment        0x0000000000000000       0x34
 *(.comment)
 .comment       0x0000000000000000       0x34 /usr/lib/gcc/x86_64-linux-gnu/5/crtbeginS.o
                                         0x35 (size before relaxing)
 .comment       0x0000000000000034       0x35 /home/dima/ROS_Projects/miniardrone_ws/devel/arsdk/out/arsdk-native/build/libARSAL/obj/Sources/ARSAL_Ftw.c.o
 .comment       0x0000000000000034       0x35 /home/dima/ROS_Projects/miniardrone_ws/devel/arsdk/out/arsdk-native/build/libARSAL/obj/Sources/ARSAL_MD5.c.o
 .comment       0x0000000000000034       0x35 /home/dima/ROS_Projects/miniardrone_ws/devel/arsdk/out/arsdk-native/build/libARSAL/obj/Sources/ARSAL_MD5_Manager.c.o
 .comment       0x0000000000000034       0x35 /home/dima/ROS_Projects/miniardrone_ws/devel/arsdk/out/arsdk-native/build/libARSAL/obj/Sources/ARSAL_Mutex.c.o
 .comment       0x0000000000000034       0x35 /home/dima/ROS_Projects/miniardrone_ws/devel/arsdk/out/arsdk-native/build/libARSAL/obj/Sources/ARSAL_Print.c.o
 .comment       0x0000000000000034       0x35 /home/dima/ROS_Projects/miniardrone_ws/devel/arsdk/out/arsdk-native/build/libARSAL/obj/Sources/ARSAL_Sem.c.o
 .comment       0x0000000000000034       0x35 /home/dima/ROS_Projects/miniardrone_ws/devel/arsdk/out/arsdk-native/build/libARSAL/obj/Sources/ARSAL_Socket.c.o
 .comment       0x0000000000000034       0x35 /home/dima/ROS_Projects/miniardrone_ws/devel/arsdk/out/arsdk-native/build/libARSAL/obj/Sources/ARSAL_Time.c.o
 .comment       0x0000000000000034       0x35 /home/dima/ROS_Projects/miniardrone_ws/devel/arsdk/out/arsdk-native/build/libARSAL/obj/Sources/ARSAL_Thread.c.o
 .comment       0x0000000000000034       0x35 /home/dima/ROS_Projects/miniardrone_ws/devel/arsdk/out/arsdk-native/build/libARSAL/obj/Sources/md5.c.o
 .comment       0x0000000000000034       0x35 /home/dima/ROS_Projects/miniardrone_ws/devel/arsdk/out/arsdk-native/build/libARSAL/obj/gen/Sources/ARSAL_Error.c.o
 .comment       0x0000000000000034       0x35 /usr/lib/gcc/x86_64-linux-gnu/5/crtendS.o

.debug
 *(.debug)

.line
 *(.line)

.debug_srcinfo
 *(.debug_srcinfo)

.debug_sfnames
 *(.debug_sfnames)

.debug_aranges  0x0000000000000000      0x560
 *(.debug_aranges)
 .debug_aranges
                0x0000000000000000       0x40 /home/dima/ROS_Projects/miniardrone_ws/devel/arsdk/out/arsdk-native/build/libARSAL/obj/Sources/ARSAL_Ftw.c.o
 .debug_aranges
                0x0000000000000040       0x70 /home/dima/ROS_Projects/miniardrone_ws/devel/arsdk/out/arsdk-native/build/libARSAL/obj/Sources/ARSAL_MD5.c.o
 .debug_aranges
                0x00000000000000b0       0x60 /home/dima/ROS_Projects/miniardrone_ws/devel/arsdk/out/arsdk-native/build/libARSAL/obj/Sources/ARSAL_MD5_Manager.c.o
 .debug_aranges
                0x0000000000000110       0xd0 /home/dima/ROS_Projects/miniardrone_ws/devel/arsdk/out/arsdk-native/build/libARSAL/obj/Sources/ARSAL_Mutex.c.o
 .debug_aranges
                0x00000000000001e0       0x90 /home/dima/ROS_Projects/miniardrone_ws/devel/arsdk/out/arsdk-native/build/libARSAL/obj/Sources/ARSAL_Print.c.o
 .debug_aranges
                0x0000000000000270       0x90 /home/dima/ROS_Projects/miniardrone_ws/devel/arsdk/out/arsdk-native/build/libARSAL/obj/Sources/ARSAL_Sem.c.o
 .debug_aranges
                0x0000000000000300      0x100 /home/dima/ROS_Projects/miniardrone_ws/devel/arsdk/out/arsdk-native/build/libARSAL/obj/Sources/ARSAL_Socket.c.o
 .debug_aranges
                0x0000000000000400       0x80 /home/dima/ROS_Projects/miniardrone_ws/devel/arsdk/out/arsdk-native/build/libARSAL/obj/Sources/ARSAL_Time.c.o
 .debug_aranges
                0x0000000000000480       0x50 /home/dima/ROS_Projects/miniardrone_ws/devel/arsdk/out/arsdk-native/build/libARSAL/obj/Sources/ARSAL_Thread.c.o
 .debug_aranges
                0x00000000000004d0       0x60 /home/dima/ROS_Projects/miniardrone_ws/devel/arsdk/out/arsdk-native/build/libARSAL/obj/Sources/md5.c.o
 .debug_aranges
                0x0000000000000530       0x30 /home/dima/ROS_Projects/miniardrone_ws/devel/arsdk/out/arsdk-native/build/libARSAL/obj/gen/Sources/ARSAL_Error.c.o

.debug_pubnames
 *(.debug_pubnames)

.debug_info     0x0000000000000000     0x5eca
 *(.debug_info .gnu.linkonce.wi.*)
 .debug_info    0x0000000000000000      0x633 /home/dima/ROS_Projects/miniardrone_ws/devel/arsdk/out/arsdk-native/build/libARSAL/obj/Sources/ARSAL_Ftw.c.o
 .debug_info    0x0000000000000633      0xed6 /home/dima/ROS_Projects/miniardrone_ws/devel/arsdk/out/arsdk-native/build/libARSAL/obj/Sources/ARSAL_MD5.c.o
 .debug_info    0x0000000000001509      0x92a /home/dima/ROS_Projects/miniardrone_ws/devel/arsdk/out/arsdk-native/build/libARSAL/obj/Sources/ARSAL_MD5_Manager.c.o
 .debug_info    0x0000000000001e33     0x131b /home/dima/ROS_Projects/miniardrone_ws/devel/arsdk/out/arsdk-native/build/libARSAL/obj/Sources/ARSAL_Mutex.c.o
 .debug_info    0x000000000000314e      0xed8 /home/dima/ROS_Projects/miniardrone_ws/devel/arsdk/out/arsdk-native/build/libARSAL/obj/Sources/ARSAL_Print.c.o
 .debug_info    0x0000000000004026      0x53d /home/dima/ROS_Projects/miniardrone_ws/devel/arsdk/out/arsdk-native/build/libARSAL/obj/Sources/ARSAL_Sem.c.o
 .debug_info    0x0000000000004563      0xa54 /home/dima/ROS_Projects/miniardrone_ws/devel/arsdk/out/arsdk-native/build/libARSAL/obj/Sources/ARSAL_Socket.c.o
 .debug_info    0x0000000000004fb7      0x44f /home/dima/ROS_Projects/miniardrone_ws/devel/arsdk/out/arsdk-native/build/libARSAL/obj/Sources/ARSAL_Time.c.o
 .debug_info    0x0000000000005406      0x497 /home/dima/ROS_Projects/miniardrone_ws/devel/arsdk/out/arsdk-native/build/libARSAL/obj/Sources/ARSAL_Thread.c.o
 .debug_info    0x000000000000589d      0x539 /home/dima/ROS_Projects/miniardrone_ws/devel/arsdk/out/arsdk-native/build/libARSAL/obj/Sources/md5.c.o
 .debug_info    0x0000000000005dd6       0xf4 /home/dima/ROS_Projects/miniardrone_ws/devel/arsdk/out/arsdk-native/build/libARSAL/obj/gen/Sources/ARSAL_Error.c.o

.debug_abbrev   0x0000000000000000     0x13b3
 *(.debug_abbrev)
 .debug_abbrev  0x0000000000000000      0x150 /home/dima/ROS_Projects/miniardrone_ws/devel/arsdk/out/arsdk-native/build/libARSAL/obj/Sources/ARSAL_Ftw.c.o
 .debug_abbrev  0x0000000000000150      0x2f8 /home/dima/ROS_Projects/miniardrone_ws/devel/arsdk/out/arsdk-native/build/libARSAL/obj/Sources/ARSAL_MD5.c.o
 .debug_abbrev  0x0000000000000448      0x1fe /home/dima/ROS_Projects/miniardrone_ws/devel/arsdk/out/arsdk-native/build/libARSAL/obj/Sources/ARSAL_MD5_Manager.c.o
 .debug_abbrev  0x0000000000000646      0x1f8 /home/dima/ROS_Projects/miniardrone_ws/devel/arsdk/out/arsdk-native/build/libARSAL/obj/Sources/ARSAL_Mutex.c.o
 .debug_abbrev  0x000000000000083e      0x327 /home/dima/ROS_Projects/miniardrone_ws/devel/arsdk/out/arsdk-native/build/libARSAL/obj/Sources/ARSAL_Print.c.o
 .debug_abbrev  0x0000000000000b65      0x1cf /home/dima/ROS_Projects/miniardrone_ws/devel/arsdk/out/arsdk-native/build/libARSAL/obj/Sources/ARSAL_Sem.c.o
 .debug_abbrev  0x0000000000000d34      0x19f /home/dima/ROS_Projects/miniardrone_ws/devel/arsdk/out/arsdk-native/build/libARSAL/obj/Sources/ARSAL_Socket.c.o
 .debug_abbrev  0x0000000000000ed3      0x142 /home/dima/ROS_Projects/miniardrone_ws/devel/arsdk/out/arsdk-native/build/libARSAL/obj/Sources/ARSAL_Time.c.o
 .debug_abbrev  0x0000000000001015      0x167 /home/dima/ROS_Projects/miniardrone_ws/devel/arsdk/out/arsdk-native/build/libARSAL/obj/Sources/ARSAL_Thread.c.o
 .debug_abbrev  0x000000000000117c      0x1ab /home/dima/ROS_Projects/miniardrone_ws/devel/arsdk/out/arsdk-native/build/libARSAL/obj/Sources/md5.c.o
 .debug_abbrev  0x0000000000001327       0x8c /home/dima/ROS_Projects/miniardrone_ws/devel/arsdk/out/arsdk-native/build/libARSAL/obj/gen/Sources/ARSAL_Error.c.o

.debug_line     0x0000000000000000     0x1c23
 *(.debug_line .debug_line.* .debug_line_end)
 .debug_line    0x0000000000000000      0x16f /home/dima/ROS_Projects/miniardrone_ws/devel/arsdk/out/arsdk-native/build/libARSAL/obj/Sources/ARSAL_Ftw.c.o
 .debug_line    0x000000000000016f      0x28b /home/dima/ROS_Projects/miniardrone_ws/devel/arsdk/out/arsdk-native/build/libARSAL/obj/Sources/ARSAL_MD5.c.o
 .debug_line    0x00000000000003fa      0x206 /home/dima/ROS_Projects/miniardrone_ws/devel/arsdk/out/arsdk-native/build/libARSAL/obj/Sources/ARSAL_MD5_Manager.c.o
 .debug_line    0x0000000000000600      0x2f9 /home/dima/ROS_Projects/miniardrone_ws/devel/arsdk/out/arsdk-native/build/libARSAL/obj/Sources/ARSAL_Mutex.c.o
 .debug_line    0x00000000000008f9      0x312 /home/dima/ROS_Projects/miniardrone_ws/devel/arsdk/out/arsdk-native/build/libARSAL/obj/Sources/ARSAL_Print.c.o
 .debug_line    0x0000000000000c0b      0x25f /home/dima/ROS_Projects/miniardrone_ws/devel/arsdk/out/arsdk-native/build/libARSAL/obj/Sources/ARSAL_Sem.c.o
 .debug_line    0x0000000000000e6a      0x285 /home/dima/ROS_Projects/miniardrone_ws/devel/arsdk/out/arsdk-native/build/libARSAL/obj/Sources/ARSAL_Socket.c.o
 .debug_line    0x00000000000010ef      0x1a7 /home/dima/ROS_Projects/miniardrone_ws/devel/arsdk/out/arsdk-native/build/libARSAL/obj/Sources/ARSAL_Time.c.o
 .debug_line    0x0000000000001296      0x19f /home/dima/ROS_Projects/miniardrone_ws/devel/arsdk/out/arsdk-native/build/libARSAL/obj/Sources/ARSAL_Thread.c.o
 .debug_line    0x0000000000001435      0x6fb /home/dima/ROS_Projects/miniardrone_ws/devel/arsdk/out/arsdk-native/build/libARSAL/obj/Sources/md5.c.o
 .debug_line    0x0000000000001b30       0xf3 /home/dima/ROS_Projects/miniardrone_ws/devel/arsdk/out/arsdk-native/build/libARSAL/obj/gen/Sources/ARSAL_Error.c.o

.debug_frame
 *(.debug_frame)

.debug_str      0x0000000000000000     0x161d
 *(.debug_str)
 .debug_str     0x0000000000000000      0x49d /home/dima/ROS_Projects/miniardrone_ws/devel/arsdk/out/arsdk-native/build/libARSAL/obj/Sources/ARSAL_Ftw.c.o
                                        0x515 (size before relaxing)
 .debug_str     0x000000000000049d      0x4b5 /home/dima/ROS_Projects/miniardrone_ws/devel/arsdk/out/arsdk-native/build/libARSAL/obj/Sources/ARSAL_MD5.c.o
                                        0x819 (size before relaxing)
 .debug_str     0x0000000000000952       0xb2 /home/dima/ROS_Projects/miniardrone_ws/devel/arsdk/out/arsdk-native/build/libARSAL/obj/Sources/ARSAL_MD5_Manager.c.o
                                        0x774 (size before relaxing)
 .debug_str     0x0000000000000a04      0x325 /home/dima/ROS_Projects/miniardrone_ws/devel/arsdk/out/arsdk-native/build/libARSAL/obj/Sources/ARSAL_Mutex.c.o
                                        0x7c9 (size before relaxing)
 .debug_str     0x0000000000000d29      0x2c0 /home/dima/ROS_Projects/miniardrone_ws/devel/arsdk/out/arsdk-native/build/libARSAL/obj/Sources/ARSAL_Print.c.o
                                        0x797 (size before relaxing)
 .debug_str     0x0000000000000fe9      0x114 /home/dima/ROS_Projects/miniardrone_ws/devel/arsdk/out/arsdk-native/build/libARSAL/obj/Sources/ARSAL_Sem.c.o
                                        0x33d (size before relaxing)
 .debug_str     0x00000000000010fd      0x29e /home/dima/ROS_Projects/miniardrone_ws/devel/arsdk/out/arsdk-native/build/libARSAL/obj/Sources/ARSAL_Socket.c.o
                                        0x44d (size before relaxing)
 .debug_str     0x000000000000139b       0xf7 /home/dima/ROS_Projects/miniardrone_ws/devel/arsdk/out/arsdk-native/build/libARSAL/obj/Sources/ARSAL_Time.c.o
                                        0x32c (size before relaxing)
 .debug_str     0x0000000000001492       0xc7 /home/dima/ROS_Projects/miniardrone_ws/devel/arsdk/out/arsdk-native/build/libARSAL/obj/Sources/ARSAL_Thread.c.o
                                        0x3f2 (size before relaxing)
 .debug_str     0x0000000000001559       0x83 /home/dima/ROS_Projects/miniardrone_ws/devel/arsdk/out/arsdk-native/build/libARSAL/obj/Sources/md5.c.o
                                        0x21e (size before relaxing)
 .debug_str     0x00000000000015dc       0x41 /home/dima/ROS_Projects/miniardrone_ws/devel/arsdk/out/arsdk-native/build/libARSAL/obj/gen/Sources/ARSAL_Error.c.o
                                        0x2be (size before relaxing)

.debug_loc      0x0000000000000000     0x4cf2
 *(.debug_loc)
 .debug_loc     0x0000000000000000      0x18f /home/dima/ROS_Projects/miniardrone_ws/devel/arsdk/out/arsdk-native/build/libARSAL/obj/Sources/ARSAL_Ftw.c.o
 .debug_loc     0x000000000000018f      0x7b1 /home/dima/ROS_Projects/miniardrone_ws/devel/arsdk/out/arsdk-native/build/libARSAL/obj/Sources/ARSAL_MD5.c.o
 .debug_loc     0x0000000000000940      0x350 /home/dima/ROS_Projects/miniardrone_ws/devel/arsdk/out/arsdk-native/build/libARSAL/obj/Sources/ARSAL_MD5_Manager.c.o
 .debug_loc     0x0000000000000c90      0x7c6 /home/dima/ROS_Projects/miniardrone_ws/devel/arsdk/out/arsdk-native/build/libARSAL/obj/Sources/ARSAL_Mutex.c.o
 .debug_loc     0x0000000000001456      0xab1 /home/dima/ROS_Projects/miniardrone_ws/devel/arsdk/out/arsdk-native/build/libARSAL/obj/Sources/ARSAL_Print.c.o
 .debug_loc     0x0000000000001f07      0x620 /home/dima/ROS_Projects/miniardrone_ws/devel/arsdk/out/arsdk-native/build/libARSAL/obj/Sources/ARSAL_Sem.c.o
 .debug_loc     0x0000000000002527      0xe93 /home/dima/ROS_Projects/miniardrone_ws/devel/arsdk/out/arsdk-native/build/libARSAL/obj/Sources/ARSAL_Socket.c.o
 .debug_loc     0x00000000000033ba      0x3c6 /home/dima/ROS_Projects/miniardrone_ws/devel/arsdk/out/arsdk-native/build/libARSAL/obj/Sources/ARSAL_Time.c.o
 .debug_loc     0x0000000000003780      0x1d8 /home/dima/ROS_Projects/miniardrone_ws/devel/arsdk/out/arsdk-native/build/libARSAL/obj/Sources/ARSAL_Thread.c.o
 .debug_loc     0x0000000000003958     0x139a /home/dima/ROS_Projects/miniardrone_ws/devel/arsdk/out/arsdk-native/build/libARSAL/obj/Sources/md5.c.o

.debug_macinfo
 *(.debug_macinfo)

.debug_weaknames
 *(.debug_weaknames)

.debug_funcnames
 *(.debug_funcnames)

.debug_typenames
 *(.debug_typenames)

.debug_varnames
 *(.debug_varnames)

.debug_pubtypes
 *(.debug_pubtypes)

.debug_ranges   0x0000000000000000      0x7c0
 *(.debug_ranges)
 .debug_ranges  0x0000000000000000       0x30 /home/dima/ROS_Projects/miniardrone_ws/devel/arsdk/out/arsdk-native/build/libARSAL/obj/Sources/ARSAL_Ftw.c.o
 .debug_ranges  0x0000000000000030      0x120 /home/dima/ROS_Projects/miniardrone_ws/devel/arsdk/out/arsdk-native/build/libARSAL/obj/Sources/ARSAL_MD5.c.o
 .debug_ranges  0x0000000000000150       0xb0 /home/dima/ROS_Projects/miniardrone_ws/devel/arsdk/out/arsdk-native/build/libARSAL/obj/Sources/ARSAL_MD5_Manager.c.o
 .debug_ranges  0x0000000000000200       0xc0 /home/dima/ROS_Projects/miniardrone_ws/devel/arsdk/out/arsdk-native/build/libARSAL/obj/Sources/ARSAL_Mutex.c.o
 .debug_ranges  0x00000000000002c0      0x110 /home/dima/ROS_Projects/miniardrone_ws/devel/arsdk/out/arsdk-native/build/libARSAL/obj/Sources/ARSAL_Print.c.o
 .debug_ranges  0x00000000000003d0       0x80 /home/dima/ROS_Projects/miniardrone_ws/devel/arsdk/out/arsdk-native/build/libARSAL/obj/Sources/ARSAL_Sem.c.o
 .debug_ranges  0x0000000000000450       0xf0 /home/dima/ROS_Projects/miniardrone_ws/devel/arsdk/out/arsdk-native/build/libARSAL/obj/Sources/ARSAL_Socket.c.o
 .debug_ranges  0x0000000000000540       0x70 /home/dima/ROS_Projects/miniardrone_ws/devel/arsdk/out/arsdk-native/build/libARSAL/obj/Sources/ARSAL_Time.c.o
 .debug_ranges  0x00000000000005b0       0x40 /home/dima/ROS_Projects/miniardrone_ws/devel/arsdk/out/arsdk-native/build/libARSAL/obj/Sources/ARSAL_Thread.c.o
 .debug_ranges  0x00000000000005f0      0x1b0 /home/dima/ROS_Projects/miniardrone_ws/devel/arsdk/out/arsdk-native/build/libARSAL/obj/Sources/md5.c.o
 .debug_ranges  0x00000000000007a0       0x20 /home/dima/ROS_Projects/miniardrone_ws/devel/arsdk/out/arsdk-native/build/libARSAL/obj/gen/Sources/ARSAL_Error.c.o

.debug_macro
 *(.debug_macro)

.gnu.attributes
 *(.gnu.attributes)

/DISCARD/
 *(.note.GNU-stack)
 *(.gnu_debuglink)
 *(.gnu.lto_*)
OUTPUT(/home/dima/ROS_Projects/miniardrone_ws/devel/arsdk/out/arsdk-native/build/libARSAL/libarsal.so elf64-x86-64)
