
As-needed library included to satisfy reference by file (symbol)

libarsal.so                   /home/dima/ROS_Projects/miniardrone_ws/devel/arsdk/out/arsdk-native/build/libARNetwork/obj/Sources/ARNETWORK_IOBuffer.c.o (ARSAL_Mutex_Destroy)
libarnetworkal.so             /home/dima/ROS_Projects/miniardrone_ws/devel/arsdk/out/arsdk-native/build/libARNetwork/obj/Sources/ARNETWORK_Manager.c.o (ARNETWORKAL_Manager_SetOnDisconnectCallback)
libpthread.so.0               /home/dima/ROS_Projects/miniardrone_ws/devel/arsdk/out/arsdk-native/build/libARNetwork/obj/Sources/ARNETWORK_Manager.c.o (__errno_location@@GLIBC_2.2.5)
libc.so.6                     /home/dima/ROS_Projects/miniardrone_ws/devel/arsdk/out/arsdk-native/build/libARNetwork/obj/Sources/ARNETWORK_IOBuffer.c.o (__stack_chk_fail@@GLIBC_2.4)

Discarded input sections

 .text          0x0000000000000000        0x0 /usr/lib/gcc/x86_64-linux-gnu/5/../../../x86_64-linux-gnu/crti.o
 .data          0x0000000000000000        0x0 /usr/lib/gcc/x86_64-linux-gnu/5/../../../x86_64-linux-gnu/crti.o
 .bss           0x0000000000000000        0x0 /usr/lib/gcc/x86_64-linux-gnu/5/../../../x86_64-linux-gnu/crti.o
 .note.GNU-stack
                0x0000000000000000        0x0 /usr/lib/gcc/x86_64-linux-gnu/5/../../../x86_64-linux-gnu/crti.o
 .data          0x0000000000000000        0x0 /usr/lib/gcc/x86_64-linux-gnu/5/crtbeginS.o
 .text.unlikely
                0x0000000000000000        0x0 /usr/lib/gcc/x86_64-linux-gnu/5/crtbeginS.o
 .note.GNU-stack
                0x0000000000000000        0x0 /usr/lib/gcc/x86_64-linux-gnu/5/crtbeginS.o
 .text          0x0000000000000000        0x0 /home/dima/ROS_Projects/miniardrone_ws/devel/arsdk/out/arsdk-native/build/libARNetwork/obj/Sources/ARNETWORK_IOBuffer.c.o
 .data          0x0000000000000000        0x0 /home/dima/ROS_Projects/miniardrone_ws/devel/arsdk/out/arsdk-native/build/libARNetwork/obj/Sources/ARNETWORK_IOBuffer.c.o
 .bss           0x0000000000000000        0x0 /home/dima/ROS_Projects/miniardrone_ws/devel/arsdk/out/arsdk-native/build/libARNetwork/obj/Sources/ARNETWORK_IOBuffer.c.o
 .text.unlikely.ARNETWORK_IOBuffer_IsWaitAck
                0x0000000000000000        0x0 /home/dima/ROS_Projects/miniardrone_ws/devel/arsdk/out/arsdk-native/build/libARNetwork/obj/Sources/ARNETWORK_IOBuffer.c.o
 .text.unlikely.ARNETWORK_IOBuffer_Lock
                0x0000000000000000        0x0 /home/dima/ROS_Projects/miniardrone_ws/devel/arsdk/out/arsdk-native/build/libARNetwork/obj/Sources/ARNETWORK_IOBuffer.c.o
 .text.unlikely.ARNETWORK_IOBuffer_Unlock
                0x0000000000000000        0x0 /home/dima/ROS_Projects/miniardrone_ws/devel/arsdk/out/arsdk-native/build/libARNetwork/obj/Sources/ARNETWORK_IOBuffer.c.o
 .text.unlikely.ARNETWORK_IOBuffer_PopData
                0x0000000000000000        0x0 /home/dima/ROS_Projects/miniardrone_ws/devel/arsdk/out/arsdk-native/build/libARNetwork/obj/Sources/ARNETWORK_IOBuffer.c.o
 .text.unlikely.ARNETWORK_IOBuffer_PopDataWithCallBack
                0x0000000000000000        0x0 /home/dima/ROS_Projects/miniardrone_ws/devel/arsdk/out/arsdk-native/build/libARNetwork/obj/Sources/ARNETWORK_IOBuffer.c.o
 .text.unlikely.ARNETWORK_IOBuffer_AckReceived
                0x0000000000000000        0x0 /home/dima/ROS_Projects/miniardrone_ws/devel/arsdk/out/arsdk-native/build/libARNetwork/obj/Sources/ARNETWORK_IOBuffer.c.o
 .text.unlikely.ARNETWORK_IOBuffer_CancelAllData
                0x0000000000000000        0x0 /home/dima/ROS_Projects/miniardrone_ws/devel/arsdk/out/arsdk-native/build/libARNetwork/obj/Sources/ARNETWORK_IOBuffer.c.o
 .text.unlikely.ARNETWORK_IOBuffer_Delete
                0x0000000000000000        0x0 /home/dima/ROS_Projects/miniardrone_ws/devel/arsdk/out/arsdk-native/build/libARNetwork/obj/Sources/ARNETWORK_IOBuffer.c.o
 .text.unlikely.ARNETWORK_IOBuffer_New
                0x0000000000000000        0x0 /home/dima/ROS_Projects/miniardrone_ws/devel/arsdk/out/arsdk-native/build/libARNetwork/obj/Sources/ARNETWORK_IOBuffer.c.o
 .text.unlikely.ARNETWORK_IOBuffer_Flush
                0x0000000000000000        0x0 /home/dima/ROS_Projects/miniardrone_ws/devel/arsdk/out/arsdk-native/build/libARNetwork/obj/Sources/ARNETWORK_IOBuffer.c.o
 .text.unlikely.ARNETWORK_IOBuffer_AddData
                0x0000000000000000        0x0 /home/dima/ROS_Projects/miniardrone_ws/devel/arsdk/out/arsdk-native/build/libARNetwork/obj/Sources/ARNETWORK_IOBuffer.c.o
 .text.unlikely.ARNETWORK_IOBuffer_ShouldAcceptData
                0x0000000000000000        0x0 /home/dima/ROS_Projects/miniardrone_ws/devel/arsdk/out/arsdk-native/build/libARNetwork/obj/Sources/ARNETWORK_IOBuffer.c.o
 .text.unlikely.ARNETWORK_IOBuffer_ReadData
                0x0000000000000000        0x0 /home/dima/ROS_Projects/miniardrone_ws/devel/arsdk/out/arsdk-native/build/libARNetwork/obj/Sources/ARNETWORK_IOBuffer.c.o
 .text.unlikely.ARNETWORK_IOBuffer_GetEstimatedMissPercentage
                0x0000000000000000        0x0 /home/dima/ROS_Projects/miniardrone_ws/devel/arsdk/out/arsdk-native/build/libARNetwork/obj/Sources/ARNETWORK_IOBuffer.c.o
 .note.GNU-stack
                0x0000000000000000        0x0 /home/dima/ROS_Projects/miniardrone_ws/devel/arsdk/out/arsdk-native/build/libARNetwork/obj/Sources/ARNETWORK_IOBuffer.c.o
 .text          0x0000000000000000        0x0 /home/dima/ROS_Projects/miniardrone_ws/devel/arsdk/out/arsdk-native/build/libARNetwork/obj/Sources/ARNETWORK_IOBufferParam.c.o
 .data          0x0000000000000000        0x0 /home/dima/ROS_Projects/miniardrone_ws/devel/arsdk/out/arsdk-native/build/libARNetwork/obj/Sources/ARNETWORK_IOBufferParam.c.o
 .bss           0x0000000000000000        0x0 /home/dima/ROS_Projects/miniardrone_ws/devel/arsdk/out/arsdk-native/build/libARNetwork/obj/Sources/ARNETWORK_IOBufferParam.c.o
 .text.unlikely.ARNETWORK_IOBufferParam_DefaultInit
                0x0000000000000000        0x0 /home/dima/ROS_Projects/miniardrone_ws/devel/arsdk/out/arsdk-native/build/libARNetwork/obj/Sources/ARNETWORK_IOBufferParam.c.o
 .text.unlikely.ARNETWORK_IOBufferParam_Check
                0x0000000000000000        0x0 /home/dima/ROS_Projects/miniardrone_ws/devel/arsdk/out/arsdk-native/build/libARNetwork/obj/Sources/ARNETWORK_IOBufferParam.c.o
 .note.GNU-stack
                0x0000000000000000        0x0 /home/dima/ROS_Projects/miniardrone_ws/devel/arsdk/out/arsdk-native/build/libARNetwork/obj/Sources/ARNETWORK_IOBufferParam.c.o
 .text          0x0000000000000000        0x0 /home/dima/ROS_Projects/miniardrone_ws/devel/arsdk/out/arsdk-native/build/libARNetwork/obj/Sources/ARNETWORK_Manager.c.o
 .data          0x0000000000000000        0x0 /home/dima/ROS_Projects/miniardrone_ws/devel/arsdk/out/arsdk-native/build/libARNetwork/obj/Sources/ARNETWORK_Manager.c.o
 .bss           0x0000000000000000        0x0 /home/dima/ROS_Projects/miniardrone_ws/devel/arsdk/out/arsdk-native/build/libARNetwork/obj/Sources/ARNETWORK_Manager.c.o
 .text.unlikely.ARNETWORK_Manager_Delete
                0x0000000000000000        0x0 /home/dima/ROS_Projects/miniardrone_ws/devel/arsdk/out/arsdk-native/build/libARNetwork/obj/Sources/ARNETWORK_Manager.c.o
 .text.unlikely.ARNETWORK_Manager_SendingThreadRun
                0x0000000000000000        0x0 /home/dima/ROS_Projects/miniardrone_ws/devel/arsdk/out/arsdk-native/build/libARNetwork/obj/Sources/ARNETWORK_Manager.c.o
 .text.unlikely.ARNETWORK_Manager_ReceivingThreadRun
                0x0000000000000000        0x0 /home/dima/ROS_Projects/miniardrone_ws/devel/arsdk/out/arsdk-native/build/libARNetwork/obj/Sources/ARNETWORK_Manager.c.o
 .text.unlikely.ARNETWORK_Manager_Stop
                0x0000000000000000        0x0 /home/dima/ROS_Projects/miniardrone_ws/devel/arsdk/out/arsdk-native/build/libARNetwork/obj/Sources/ARNETWORK_Manager.c.o
 .text.unlikely.ARNETWORK_Manager_OnDisconnect
                0x0000000000000000        0x0 /home/dima/ROS_Projects/miniardrone_ws/devel/arsdk/out/arsdk-native/build/libARNetwork/obj/Sources/ARNETWORK_Manager.c.o
 .text.unlikely.ARNETWORK_Manager_GetInputDataEventFd
                0x0000000000000000        0x0 /home/dima/ROS_Projects/miniardrone_ws/devel/arsdk/out/arsdk-native/build/libARNetwork/obj/Sources/ARNETWORK_Manager.c.o
 .text.unlikely.ARNETWORK_Manager_SendData
                0x0000000000000000        0x0 /home/dima/ROS_Projects/miniardrone_ws/devel/arsdk/out/arsdk-native/build/libARNetwork/obj/Sources/ARNETWORK_Manager.c.o
 .text.unlikely.ARNETWORK_Manager_ReadData
                0x0000000000000000        0x0 /home/dima/ROS_Projects/miniardrone_ws/devel/arsdk/out/arsdk-native/build/libARNetwork/obj/Sources/ARNETWORK_Manager.c.o
 .text.unlikely.ARNETWORK_Manager_TryReadData
                0x0000000000000000        0x0 /home/dima/ROS_Projects/miniardrone_ws/devel/arsdk/out/arsdk-native/build/libARNetwork/obj/Sources/ARNETWORK_Manager.c.o
 .text.unlikely.ARNETWORK_Manager_ReadDataWithTimeout
                0x0000000000000000        0x0 /home/dima/ROS_Projects/miniardrone_ws/devel/arsdk/out/arsdk-native/build/libARNetwork/obj/Sources/ARNETWORK_Manager.c.o
 .text.unlikely.ARNETWORK_Manager_CreateIOBuffer
                0x0000000000000000        0x0 /home/dima/ROS_Projects/miniardrone_ws/devel/arsdk/out/arsdk-native/build/libARNetwork/obj/Sources/ARNETWORK_Manager.c.o
 .text.unlikely.ARNETWORK_Manager_New
                0x0000000000000000        0x0 /home/dima/ROS_Projects/miniardrone_ws/devel/arsdk/out/arsdk-native/build/libARNetwork/obj/Sources/ARNETWORK_Manager.c.o
 .text.unlikely.ARNETWORK_Manager_FlushInputBuffer
                0x0000000000000000        0x0 /home/dima/ROS_Projects/miniardrone_ws/devel/arsdk/out/arsdk-native/build/libARNetwork/obj/Sources/ARNETWORK_Manager.c.o
 .text.unlikely.ARNETWORK_Manager_FlushOutputBuffer
                0x0000000000000000        0x0 /home/dima/ROS_Projects/miniardrone_ws/devel/arsdk/out/arsdk-native/build/libARNetwork/obj/Sources/ARNETWORK_Manager.c.o
 .text.unlikely.ARNETWORK_Manager_Flush
                0x0000000000000000        0x0 /home/dima/ROS_Projects/miniardrone_ws/devel/arsdk/out/arsdk-native/build/libARNetwork/obj/Sources/ARNETWORK_Manager.c.o
 .text.unlikely.ARNETWORK_Manager_GetEstimatedLatency
                0x0000000000000000        0x0 /home/dima/ROS_Projects/miniardrone_ws/devel/arsdk/out/arsdk-native/build/libARNetwork/obj/Sources/ARNETWORK_Manager.c.o
 .text.unlikely.ARNETWORK_Manager_GetEstimatedMissPercentage
                0x0000000000000000        0x0 /home/dima/ROS_Projects/miniardrone_ws/devel/arsdk/out/arsdk-native/build/libARNetwork/obj/Sources/ARNETWORK_Manager.c.o
 .text.unlikely.ARNETWORK_Manager_SetMinimumTimeBetweenSends
                0x0000000000000000        0x0 /home/dima/ROS_Projects/miniardrone_ws/devel/arsdk/out/arsdk-native/build/libARNetwork/obj/Sources/ARNETWORK_Manager.c.o
 .note.GNU-stack
                0x0000000000000000        0x0 /home/dima/ROS_Projects/miniardrone_ws/devel/arsdk/out/arsdk-native/build/libARNetwork/obj/Sources/ARNETWORK_Manager.c.o
 .text          0x0000000000000000        0x0 /home/dima/ROS_Projects/miniardrone_ws/devel/arsdk/out/arsdk-native/build/libARNetwork/obj/Sources/ARNETWORK_Receiver.c.o
 .data          0x0000000000000000        0x0 /home/dima/ROS_Projects/miniardrone_ws/devel/arsdk/out/arsdk-native/build/libARNetwork/obj/Sources/ARNETWORK_Receiver.c.o
 .bss           0x0000000000000000        0x0 /home/dima/ROS_Projects/miniardrone_ws/devel/arsdk/out/arsdk-native/build/libARNetwork/obj/Sources/ARNETWORK_Receiver.c.o
 .text.unlikely.ARNETWORK_Receiver_Delete
                0x0000000000000000        0x0 /home/dima/ROS_Projects/miniardrone_ws/devel/arsdk/out/arsdk-native/build/libARNetwork/obj/Sources/ARNETWORK_Receiver.c.o
 .text.unlikely.ARNETWORK_Receiver_New
                0x0000000000000000        0x0 /home/dima/ROS_Projects/miniardrone_ws/devel/arsdk/out/arsdk-native/build/libARNetwork/obj/Sources/ARNETWORK_Receiver.c.o
 .text.unlikely.ARNETWORK_Receiver_Stop
                0x0000000000000000        0x0 /home/dima/ROS_Projects/miniardrone_ws/devel/arsdk/out/arsdk-native/build/libARNetwork/obj/Sources/ARNETWORK_Receiver.c.o
 .text.unlikely.ARNETWORK_Receiver_ReturnACK
                0x0000000000000000        0x0 /home/dima/ROS_Projects/miniardrone_ws/devel/arsdk/out/arsdk-native/build/libARNetwork/obj/Sources/ARNETWORK_Receiver.c.o
 .text.unlikely.ARNETWORK_Receiver_GetEventFd
                0x0000000000000000        0x0 /home/dima/ROS_Projects/miniardrone_ws/devel/arsdk/out/arsdk-native/build/libARNetwork/obj/Sources/ARNETWORK_Receiver.c.o
 .text.unlikely.ARNETWORK_Receiver_WriteEventFd
                0x0000000000000000        0x0 /home/dima/ROS_Projects/miniardrone_ws/devel/arsdk/out/arsdk-native/build/libARNetwork/obj/Sources/ARNETWORK_Receiver.c.o
 .text.unlikely.ARNETWORK_Receiver_ReadEventFd
                0x0000000000000000        0x0 /home/dima/ROS_Projects/miniardrone_ws/devel/arsdk/out/arsdk-native/build/libARNetwork/obj/Sources/ARNETWORK_Receiver.c.o
 .text.unlikely.ARNETWORK_Receiver_CopyDataRecv
                0x0000000000000000        0x0 /home/dima/ROS_Projects/miniardrone_ws/devel/arsdk/out/arsdk-native/build/libARNetwork/obj/Sources/ARNETWORK_Receiver.c.o
 .text.unlikely.ARNETWORK_Receiver_ThreadRun
                0x0000000000000000        0x0 /home/dima/ROS_Projects/miniardrone_ws/devel/arsdk/out/arsdk-native/build/libARNetwork/obj/Sources/ARNETWORK_Receiver.c.o
 .note.GNU-stack
                0x0000000000000000        0x0 /home/dima/ROS_Projects/miniardrone_ws/devel/arsdk/out/arsdk-native/build/libARNetwork/obj/Sources/ARNETWORK_Receiver.c.o
 .text          0x0000000000000000        0x0 /home/dima/ROS_Projects/miniardrone_ws/devel/arsdk/out/arsdk-native/build/libARNetwork/obj/Sources/ARNETWORK_RingBuffer.c.o
 .data          0x0000000000000000        0x0 /home/dima/ROS_Projects/miniardrone_ws/devel/arsdk/out/arsdk-native/build/libARNetwork/obj/Sources/ARNETWORK_RingBuffer.c.o
 .bss           0x0000000000000000        0x0 /home/dima/ROS_Projects/miniardrone_ws/devel/arsdk/out/arsdk-native/build/libARNetwork/obj/Sources/ARNETWORK_RingBuffer.c.o
 .text.unlikely.ARNETWORK_RingBuffer_Delete
                0x0000000000000000        0x0 /home/dima/ROS_Projects/miniardrone_ws/devel/arsdk/out/arsdk-native/build/libARNetwork/obj/Sources/ARNETWORK_RingBuffer.c.o
 .text.unlikely.ARNETWORK_RingBuffer_NewWithOverwriting
                0x0000000000000000        0x0 /home/dima/ROS_Projects/miniardrone_ws/devel/arsdk/out/arsdk-native/build/libARNetwork/obj/Sources/ARNETWORK_RingBuffer.c.o
 .text.unlikely.ARNETWORK_RingBuffer_New
                0x0000000000000000        0x0 /home/dima/ROS_Projects/miniardrone_ws/devel/arsdk/out/arsdk-native/build/libARNetwork/obj/Sources/ARNETWORK_RingBuffer.c.o
 .text.unlikely.ARNETWORK_RingBuffer_PushBackWithSize
                0x0000000000000000        0x0 /home/dima/ROS_Projects/miniardrone_ws/devel/arsdk/out/arsdk-native/build/libARNetwork/obj/Sources/ARNETWORK_RingBuffer.c.o
 .text.unlikely.ARNETWORK_RingBuffer_PushBack
                0x0000000000000000        0x0 /home/dima/ROS_Projects/miniardrone_ws/devel/arsdk/out/arsdk-native/build/libARNetwork/obj/Sources/ARNETWORK_RingBuffer.c.o
 .text.unlikely.ARNETWORK_RingBuffer_PopFrontWithSize
                0x0000000000000000        0x0 /home/dima/ROS_Projects/miniardrone_ws/devel/arsdk/out/arsdk-native/build/libARNetwork/obj/Sources/ARNETWORK_RingBuffer.c.o
 .text.unlikely.ARNETWORK_RingBuffer_PopFront
                0x0000000000000000        0x0 /home/dima/ROS_Projects/miniardrone_ws/devel/arsdk/out/arsdk-native/build/libARNetwork/obj/Sources/ARNETWORK_RingBuffer.c.o
 .text.unlikely.ARNETWORK_RingBuffer_Front
                0x0000000000000000        0x0 /home/dima/ROS_Projects/miniardrone_ws/devel/arsdk/out/arsdk-native/build/libARNetwork/obj/Sources/ARNETWORK_RingBuffer.c.o
 .text.unlikely.ARNETWORK_RingBuffer_DataPrint
                0x0000000000000000        0x0 /home/dima/ROS_Projects/miniardrone_ws/devel/arsdk/out/arsdk-native/build/libARNetwork/obj/Sources/ARNETWORK_RingBuffer.c.o
 .text.unlikely.ARNETWORK_RingBuffer_Print
                0x0000000000000000        0x0 /home/dima/ROS_Projects/miniardrone_ws/devel/arsdk/out/arsdk-native/build/libARNetwork/obj/Sources/ARNETWORK_RingBuffer.c.o
 .text.unlikely.ARNETWORK_RingBuffer_GetFreeCellNumber
                0x0000000000000000        0x0 /home/dima/ROS_Projects/miniardrone_ws/devel/arsdk/out/arsdk-native/build/libARNetwork/obj/Sources/ARNETWORK_RingBuffer.c.o
 .text.unlikely.ARNETWORK_RingBuffer_IsEmpty
                0x0000000000000000        0x0 /home/dima/ROS_Projects/miniardrone_ws/devel/arsdk/out/arsdk-native/build/libARNetwork/obj/Sources/ARNETWORK_RingBuffer.c.o
 .note.GNU-stack
                0x0000000000000000        0x0 /home/dima/ROS_Projects/miniardrone_ws/devel/arsdk/out/arsdk-native/build/libARNetwork/obj/Sources/ARNETWORK_RingBuffer.c.o
 .text          0x0000000000000000        0x0 /home/dima/ROS_Projects/miniardrone_ws/devel/arsdk/out/arsdk-native/build/libARNetwork/obj/Sources/ARNETWORK_Sender.c.o
 .data          0x0000000000000000        0x0 /home/dima/ROS_Projects/miniardrone_ws/devel/arsdk/out/arsdk-native/build/libARNetwork/obj/Sources/ARNETWORK_Sender.c.o
 .bss           0x0000000000000000        0x0 /home/dima/ROS_Projects/miniardrone_ws/devel/arsdk/out/arsdk-native/build/libARNetwork/obj/Sources/ARNETWORK_Sender.c.o
 .text.unlikely.ARNETWORK_Sender_Delete
                0x0000000000000000        0x0 /home/dima/ROS_Projects/miniardrone_ws/devel/arsdk/out/arsdk-native/build/libARNetwork/obj/Sources/ARNETWORK_Sender.c.o
 .text.unlikely.ARNETWORK_Sender_New
                0x0000000000000000        0x0 /home/dima/ROS_Projects/miniardrone_ws/devel/arsdk/out/arsdk-native/build/libARNetwork/obj/Sources/ARNETWORK_Sender.c.o
 .text.unlikely.ARNETWORK_Sender_Stop
                0x0000000000000000        0x0 /home/dima/ROS_Projects/miniardrone_ws/devel/arsdk/out/arsdk-native/build/libARNetwork/obj/Sources/ARNETWORK_Sender.c.o
 .text.unlikely.ARNETWORK_Sender_SignalNewData
                0x0000000000000000        0x0 /home/dima/ROS_Projects/miniardrone_ws/devel/arsdk/out/arsdk-native/build/libARNetwork/obj/Sources/ARNETWORK_Sender.c.o
 .text.unlikely.ARNETWORK_Sender_AckReceived
                0x0000000000000000        0x0 /home/dima/ROS_Projects/miniardrone_ws/devel/arsdk/out/arsdk-native/build/libARNetwork/obj/Sources/ARNETWORK_Sender.c.o
 .text.unlikely.ARNETWORK_Sender_Flush
                0x0000000000000000        0x0 /home/dima/ROS_Projects/miniardrone_ws/devel/arsdk/out/arsdk-native/build/libARNetwork/obj/Sources/ARNETWORK_Sender.c.o
 .text.unlikely.ARNETWORK_Sender_Reset
                0x0000000000000000        0x0 /home/dima/ROS_Projects/miniardrone_ws/devel/arsdk/out/arsdk-native/build/libARNetwork/obj/Sources/ARNETWORK_Sender.c.o
 .text.unlikely.ARNETWORK_Sender_AddToBuffer
                0x0000000000000000        0x0 /home/dima/ROS_Projects/miniardrone_ws/devel/arsdk/out/arsdk-native/build/libARNetwork/obj/Sources/ARNETWORK_Sender.c.o
 .text.unlikely.ARNETWORK_Sender_TimeOutCallback
                0x0000000000000000        0x0 /home/dima/ROS_Projects/miniardrone_ws/devel/arsdk/out/arsdk-native/build/libARNetwork/obj/Sources/ARNETWORK_Sender.c.o
 .text.unlikely.ARNETWORK_Sender_ManageTimeOut
                0x0000000000000000        0x0 /home/dima/ROS_Projects/miniardrone_ws/devel/arsdk/out/arsdk-native/build/libARNetwork/obj/Sources/ARNETWORK_Sender.c.o
 .text.unlikely.ARNETWORK_Sender_ProcessBufferToSend.part.1
                0x0000000000000000        0x0 /home/dima/ROS_Projects/miniardrone_ws/devel/arsdk/out/arsdk-native/build/libARNetwork/obj/Sources/ARNETWORK_Sender.c.o
 .text.unlikely.ARNETWORK_Sender_ProcessBufferToSend
                0x0000000000000000        0x0 /home/dima/ROS_Projects/miniardrone_ws/devel/arsdk/out/arsdk-native/build/libARNetwork/obj/Sources/ARNETWORK_Sender.c.o
 .text.unlikely.ARNETWORK_Sender_ThreadRun
                0x0000000000000000        0x0 /home/dima/ROS_Projects/miniardrone_ws/devel/arsdk/out/arsdk-native/build/libARNetwork/obj/Sources/ARNETWORK_Sender.c.o
 .text.unlikely.ARNETWORK_Sender_GetPing
                0x0000000000000000        0x0 /home/dima/ROS_Projects/miniardrone_ws/devel/arsdk/out/arsdk-native/build/libARNetwork/obj/Sources/ARNETWORK_Sender.c.o
 .text.unlikely.ARNETWORK_Sender_GotPingAck
                0x0000000000000000        0x0 /home/dima/ROS_Projects/miniardrone_ws/devel/arsdk/out/arsdk-native/build/libARNetwork/obj/Sources/ARNETWORK_Sender.c.o
 .text.unlikely.ARNETWORK_Sender_SendPong
                0x0000000000000000        0x0 /home/dima/ROS_Projects/miniardrone_ws/devel/arsdk/out/arsdk-native/build/libARNetwork/obj/Sources/ARNETWORK_Sender.c.o
 .note.GNU-stack
                0x0000000000000000        0x0 /home/dima/ROS_Projects/miniardrone_ws/devel/arsdk/out/arsdk-native/build/libARNetwork/obj/Sources/ARNETWORK_Sender.c.o
 .text          0x0000000000000000        0x0 /home/dima/ROS_Projects/miniardrone_ws/devel/arsdk/out/arsdk-native/build/libARNetwork/obj/gen/Sources/ARNETWORK_Error.c.o
 .data          0x0000000000000000        0x0 /home/dima/ROS_Projects/miniardrone_ws/devel/arsdk/out/arsdk-native/build/libARNetwork/obj/gen/Sources/ARNETWORK_Error.c.o
 .bss           0x0000000000000000        0x0 /home/dima/ROS_Projects/miniardrone_ws/devel/arsdk/out/arsdk-native/build/libARNetwork/obj/gen/Sources/ARNETWORK_Error.c.o
 .text.unlikely.ARNETWORK_Error_ToString
                0x0000000000000000        0x0 /home/dima/ROS_Projects/miniardrone_ws/devel/arsdk/out/arsdk-native/build/libARNetwork/obj/gen/Sources/ARNETWORK_Error.c.o
 .note.GNU-stack
                0x0000000000000000        0x0 /home/dima/ROS_Projects/miniardrone_ws/devel/arsdk/out/arsdk-native/build/libARNetwork/obj/gen/Sources/ARNETWORK_Error.c.o
 .text          0x0000000000000000        0x0 /usr/lib/gcc/x86_64-linux-gnu/5/crtendS.o
 .data          0x0000000000000000        0x0 /usr/lib/gcc/x86_64-linux-gnu/5/crtendS.o
 .bss           0x0000000000000000        0x0 /usr/lib/gcc/x86_64-linux-gnu/5/crtendS.o
 .note.GNU-stack
                0x0000000000000000        0x0 /usr/lib/gcc/x86_64-linux-gnu/5/crtendS.o
 .text          0x0000000000000000        0x0 /usr/lib/gcc/x86_64-linux-gnu/5/../../../x86_64-linux-gnu/crtn.o
 .data          0x0000000000000000        0x0 /usr/lib/gcc/x86_64-linux-gnu/5/../../../x86_64-linux-gnu/crtn.o
 .bss           0x0000000000000000        0x0 /usr/lib/gcc/x86_64-linux-gnu/5/../../../x86_64-linux-gnu/crtn.o
 .note.GNU-stack
                0x0000000000000000        0x0 /usr/lib/gcc/x86_64-linux-gnu/5/../../../x86_64-linux-gnu/crtn.o

Memory Configuration

Name             Origin             Length             Attributes
*default*        0x0000000000000000 0xffffffffffffffff

Linker script and memory map

LOAD /usr/lib/gcc/x86_64-linux-gnu/5/../../../x86_64-linux-gnu/crti.o
LOAD /usr/lib/gcc/x86_64-linux-gnu/5/crtbeginS.o
LOAD /home/dima/ROS_Projects/miniardrone_ws/devel/arsdk/out/arsdk-native/build/libARNetwork/obj/Sources/ARNETWORK_IOBuffer.c.o
LOAD /home/dima/ROS_Projects/miniardrone_ws/devel/arsdk/out/arsdk-native/build/libARNetwork/obj/Sources/ARNETWORK_IOBufferParam.c.o
LOAD /home/dima/ROS_Projects/miniardrone_ws/devel/arsdk/out/arsdk-native/build/libARNetwork/obj/Sources/ARNETWORK_Manager.c.o
LOAD /home/dima/ROS_Projects/miniardrone_ws/devel/arsdk/out/arsdk-native/build/libARNetwork/obj/Sources/ARNETWORK_Receiver.c.o
LOAD /home/dima/ROS_Projects/miniardrone_ws/devel/arsdk/out/arsdk-native/build/libARNetwork/obj/Sources/ARNETWORK_RingBuffer.c.o
LOAD /home/dima/ROS_Projects/miniardrone_ws/devel/arsdk/out/arsdk-native/build/libARNetwork/obj/Sources/ARNETWORK_Sender.c.o
LOAD /home/dima/ROS_Projects/miniardrone_ws/devel/arsdk/out/arsdk-native/build/libARNetwork/obj/gen/Sources/ARNETWORK_Error.c.o
LOAD /home/dima/ROS_Projects/miniardrone_ws/devel/arsdk/out/arsdk-native/staging/usr/lib/libarsal.so
LOAD /home/dima/ROS_Projects/miniardrone_ws/devel/arsdk/out/arsdk-native/staging/usr/lib/libarnetworkal.so
LOAD /usr/lib/gcc/x86_64-linux-gnu/5/../../../x86_64-linux-gnu/librt.so
LOAD /usr/lib/gcc/x86_64-linux-gnu/5/libstdc++.so
LOAD /usr/lib/gcc/x86_64-linux-gnu/5/../../../x86_64-linux-gnu/libm.so
START GROUP
LOAD /lib/x86_64-linux-gnu/libm.so.6
LOAD /usr/lib/x86_64-linux-gnu/libmvec_nonshared.a
LOAD /lib/x86_64-linux-gnu/libmvec.so.1
END GROUP
LOAD /usr/lib/gcc/x86_64-linux-gnu/5/libgcc_s.so
LOAD /usr/lib/gcc/x86_64-linux-gnu/5/../../../x86_64-linux-gnu/libpthread.so
START GROUP
LOAD /lib/x86_64-linux-gnu/libpthread.so.0
LOAD /usr/lib/x86_64-linux-gnu/libpthread_nonshared.a
END GROUP
LOAD /usr/lib/gcc/x86_64-linux-gnu/5/../../../x86_64-linux-gnu/libc.so
START GROUP
LOAD /lib/x86_64-linux-gnu/libc.so.6
LOAD /usr/lib/x86_64-linux-gnu/libc_nonshared.a
LOAD /lib/x86_64-linux-gnu/ld-linux-x86-64.so.2
END GROUP
LOAD /usr/lib/gcc/x86_64-linux-gnu/5/libgcc_s.so
LOAD /usr/lib/gcc/x86_64-linux-gnu/5/crtendS.o
LOAD /usr/lib/gcc/x86_64-linux-gnu/5/../../../x86_64-linux-gnu/crtn.o
                0x00000000000001c8                . = (0x0 + SIZEOF_HEADERS)

.note.gnu.build-id
                0x00000000000001c8       0x24
 *(.note.gnu.build-id)
 .note.gnu.build-id
                0x00000000000001c8       0x24 /usr/lib/gcc/x86_64-linux-gnu/5/../../../x86_64-linux-gnu/crti.o

.hash
 *(.hash)

.gnu.hash       0x00000000000001f0      0x280
 *(.gnu.hash)
 .gnu.hash      0x00000000000001f0      0x280 /usr/lib/gcc/x86_64-linux-gnu/5/../../../x86_64-linux-gnu/crti.o

.dynsym         0x0000000000000470      0xa50
 *(.dynsym)
 .dynsym        0x0000000000000470      0xa50 /usr/lib/gcc/x86_64-linux-gnu/5/../../../x86_64-linux-gnu/crti.o

.dynstr         0x0000000000000ec0      0xb41
 *(.dynstr)
 .dynstr        0x0000000000000ec0      0xb41 /usr/lib/gcc/x86_64-linux-gnu/5/../../../x86_64-linux-gnu/crti.o

.gnu.version    0x0000000000001a02       0xdc
 *(.gnu.version)
 .gnu.version   0x0000000000001a02       0xdc /usr/lib/gcc/x86_64-linux-gnu/5/../../../x86_64-linux-gnu/crti.o

.gnu.version_d  0x0000000000001ae0        0x0
 *(.gnu.version_d)
 .gnu.version_d
                0x0000000000001ae0        0x0 /usr/lib/gcc/x86_64-linux-gnu/5/../../../x86_64-linux-gnu/crti.o

.gnu.version_r  0x0000000000001ae0       0x60
 *(.gnu.version_r)
 .gnu.version_r
                0x0000000000001ae0       0x60 /usr/lib/gcc/x86_64-linux-gnu/5/../../../x86_64-linux-gnu/crti.o

.rela.dyn       0x0000000000001b40       0xd8
 *(.rela.init)
 *(.rela.text .rela.text.* .rela.gnu.linkonce.t.*)
 .rela.text     0x0000000000001b40        0x0 /usr/lib/gcc/x86_64-linux-gnu/5/../../../x86_64-linux-gnu/crti.o
 *(.rela.fini)
 *(.rela.rodata .rela.rodata.* .rela.gnu.linkonce.r.*)
 *(.rela.data .rela.data.* .rela.gnu.linkonce.d.*)
 .rela.data.rel.local
                0x0000000000001b40       0x18 /usr/lib/gcc/x86_64-linux-gnu/5/../../../x86_64-linux-gnu/crti.o
 *(.rela.tdata .rela.tdata.* .rela.gnu.linkonce.td.*)
 *(.rela.tbss .rela.tbss.* .rela.gnu.linkonce.tb.*)
 *(.rela.ctors)
 *(.rela.dtors)
 *(.rela.got)
 .rela.got      0x0000000000001b58       0x90 /usr/lib/gcc/x86_64-linux-gnu/5/../../../x86_64-linux-gnu/crti.o
 *(.rela.bss .rela.bss.* .rela.gnu.linkonce.b.*)
 *(.rela.ldata .rela.ldata.* .rela.gnu.linkonce.l.*)
 *(.rela.lbss .rela.lbss.* .rela.gnu.linkonce.lb.*)
 *(.rela.lrodata .rela.lrodata.* .rela.gnu.linkonce.lr.*)
 *(.rela.ifunc)
 .rela.ifunc    0x0000000000001be8        0x0 /usr/lib/gcc/x86_64-linux-gnu/5/../../../x86_64-linux-gnu/crti.o
 .rela.fini_array
                0x0000000000001be8       0x18 /usr/lib/gcc/x86_64-linux-gnu/5/../../../x86_64-linux-gnu/crti.o
 .rela.init_array
                0x0000000000001c00       0x18 /usr/lib/gcc/x86_64-linux-gnu/5/../../../x86_64-linux-gnu/crti.o

.rela.plt       0x0000000000001c18      0x780
 *(.rela.plt)
 .rela.plt      0x0000000000001c18      0x780 /usr/lib/gcc/x86_64-linux-gnu/5/../../../x86_64-linux-gnu/crti.o
 *(.rela.iplt)

.init           0x0000000000002398       0x1a
 *(SORT(.init))
 .init          0x0000000000002398       0x15 /usr/lib/gcc/x86_64-linux-gnu/5/../../../x86_64-linux-gnu/crti.o
                0x0000000000002398                _init
 .init          0x00000000000023ad        0x5 /usr/lib/gcc/x86_64-linux-gnu/5/../../../x86_64-linux-gnu/crtn.o

.plt            0x00000000000023c0      0x510
 *(.plt)
 .plt           0x00000000000023c0      0x510 /usr/lib/gcc/x86_64-linux-gnu/5/../../../x86_64-linux-gnu/crti.o
 *(.iplt)

.plt.got        0x00000000000028d0       0x10
 *(.plt.got)
 .plt.got       0x00000000000028d0       0x10 /usr/lib/gcc/x86_64-linux-gnu/5/../../../x86_64-linux-gnu/crti.o

.plt.bnd
 *(.plt.bnd)

.text           0x00000000000028e0     0x4b78
 *(.text.unlikely .text.*_unlikely .text.unlikely.*)
 *(.text.exit .text.exit.*)
 *(.text.startup .text.startup.*)
 *(.text.hot .text.hot.*)
 *(.text .stub .text.* .gnu.linkonce.t.*)
 .text          0x00000000000028e0      0x100 /usr/lib/gcc/x86_64-linux-gnu/5/crtbeginS.o
 .text.ARNETWORK_IOBuffer_IsWaitAck
                0x00000000000029e0        0x4 /home/dima/ROS_Projects/miniardrone_ws/devel/arsdk/out/arsdk-native/build/libARNetwork/obj/Sources/ARNETWORK_IOBuffer.c.o
                0x00000000000029e0                ARNETWORK_IOBuffer_IsWaitAck
 *fill*         0x00000000000029e4        0xc 
 .text.ARNETWORK_IOBuffer_Lock
                0x00000000000029f0       0xda /home/dima/ROS_Projects/miniardrone_ws/devel/arsdk/out/arsdk-native/build/libARNetwork/obj/Sources/ARNETWORK_IOBuffer.c.o
                0x00000000000029f0                ARNETWORK_IOBuffer_Lock
 *fill*         0x0000000000002aca        0x6 
 .text.ARNETWORK_IOBuffer_Unlock
                0x0000000000002ad0       0xda /home/dima/ROS_Projects/miniardrone_ws/devel/arsdk/out/arsdk-native/build/libARNetwork/obj/Sources/ARNETWORK_IOBuffer.c.o
                0x0000000000002ad0                ARNETWORK_IOBuffer_Unlock
 *fill*         0x0000000000002baa        0x6 
 .text.ARNETWORK_IOBuffer_PopData
                0x0000000000002bb0       0xa8 /home/dima/ROS_Projects/miniardrone_ws/devel/arsdk/out/arsdk-native/build/libARNetwork/obj/Sources/ARNETWORK_IOBuffer.c.o
                0x0000000000002bb0                ARNETWORK_IOBuffer_PopData
 *fill*         0x0000000000002c58        0x8 
 .text.ARNETWORK_IOBuffer_PopDataWithCallBack
                0x0000000000002c60       0xc8 /home/dima/ROS_Projects/miniardrone_ws/devel/arsdk/out/arsdk-native/build/libARNetwork/obj/Sources/ARNETWORK_IOBuffer.c.o
                0x0000000000002c60                ARNETWORK_IOBuffer_PopDataWithCallBack
 *fill*         0x0000000000002d28        0x8 
 .text.ARNETWORK_IOBuffer_AckReceived
                0x0000000000002d30       0x26 /home/dima/ROS_Projects/miniardrone_ws/devel/arsdk/out/arsdk-native/build/libARNetwork/obj/Sources/ARNETWORK_IOBuffer.c.o
                0x0000000000002d30                ARNETWORK_IOBuffer_AckReceived
 *fill*         0x0000000000002d56        0xa 
 .text.ARNETWORK_IOBuffer_CancelAllData
                0x0000000000002d60       0x28 /home/dima/ROS_Projects/miniardrone_ws/devel/arsdk/out/arsdk-native/build/libARNetwork/obj/Sources/ARNETWORK_IOBuffer.c.o
                0x0000000000002d60                ARNETWORK_IOBuffer_CancelAllData
 *fill*         0x0000000000002d88        0x8 
 .text.ARNETWORK_IOBuffer_Delete
                0x0000000000002d90       0x58 /home/dima/ROS_Projects/miniardrone_ws/devel/arsdk/out/arsdk-native/build/libARNetwork/obj/Sources/ARNETWORK_IOBuffer.c.o
                0x0000000000002d90                ARNETWORK_IOBuffer_Delete
 *fill*         0x0000000000002de8        0x8 
 .text.ARNETWORK_IOBuffer_New
                0x0000000000002df0      0x208 /home/dima/ROS_Projects/miniardrone_ws/devel/arsdk/out/arsdk-native/build/libARNetwork/obj/Sources/ARNETWORK_IOBuffer.c.o
                0x0000000000002df0                ARNETWORK_IOBuffer_New
 *fill*         0x0000000000002ff8        0x8 
 .text.ARNETWORK_IOBuffer_Flush
                0x0000000000003000       0x72 /home/dima/ROS_Projects/miniardrone_ws/devel/arsdk/out/arsdk-native/build/libARNetwork/obj/Sources/ARNETWORK_IOBuffer.c.o
                0x0000000000003000                ARNETWORK_IOBuffer_Flush
 *fill*         0x0000000000003072        0xe 
 .text.ARNETWORK_IOBuffer_AddData
                0x0000000000003080       0xff /home/dima/ROS_Projects/miniardrone_ws/devel/arsdk/out/arsdk-native/build/libARNetwork/obj/Sources/ARNETWORK_IOBuffer.c.o
                0x0000000000003080                ARNETWORK_IOBuffer_AddData
 *fill*         0x000000000000317f        0x1 
 .text.ARNETWORK_IOBuffer_ShouldAcceptData
                0x0000000000003180       0x2f /home/dima/ROS_Projects/miniardrone_ws/devel/arsdk/out/arsdk-native/build/libARNetwork/obj/Sources/ARNETWORK_IOBuffer.c.o
                0x0000000000003180                ARNETWORK_IOBuffer_ShouldAcceptData
 *fill*         0x00000000000031af        0x1 
 .text.ARNETWORK_IOBuffer_ReadData
                0x00000000000031b0       0x9e /home/dima/ROS_Projects/miniardrone_ws/devel/arsdk/out/arsdk-native/build/libARNetwork/obj/Sources/ARNETWORK_IOBuffer.c.o
                0x00000000000031b0                ARNETWORK_IOBuffer_ReadData
 *fill*         0x000000000000324e        0x2 
 .text.ARNETWORK_IOBuffer_GetEstimatedMissPercentage
                0x0000000000003250       0x24 /home/dima/ROS_Projects/miniardrone_ws/devel/arsdk/out/arsdk-native/build/libARNetwork/obj/Sources/ARNETWORK_IOBuffer.c.o
                0x0000000000003250                ARNETWORK_IOBuffer_GetEstimatedMissPercentage
 *fill*         0x0000000000003274        0xc 
 .text.ARNETWORK_IOBufferParam_DefaultInit
                0x0000000000003280       0x45 /home/dima/ROS_Projects/miniardrone_ws/devel/arsdk/out/arsdk-native/build/libARNetwork/obj/Sources/ARNETWORK_IOBufferParam.c.o
                0x0000000000003280                ARNETWORK_IOBufferParam_DefaultInit
 *fill*         0x00000000000032c5        0xb 
 .text.ARNETWORK_IOBufferParam_Check
                0x00000000000032d0      0x1ba /home/dima/ROS_Projects/miniardrone_ws/devel/arsdk/out/arsdk-native/build/libARNetwork/obj/Sources/ARNETWORK_IOBufferParam.c.o
                0x00000000000032d0                ARNETWORK_IOBufferParam_Check
 *fill*         0x000000000000348a        0x6 
 .text.ARNETWORK_Manager_Delete
                0x0000000000003490      0x15c /home/dima/ROS_Projects/miniardrone_ws/devel/arsdk/out/arsdk-native/build/libARNetwork/obj/Sources/ARNETWORK_Manager.c.o
                0x0000000000003490                ARNETWORK_Manager_Delete
 *fill*         0x00000000000035ec        0x4 
 .text.ARNETWORK_Manager_SendingThreadRun
                0x00000000000035f0       0xd4 /home/dima/ROS_Projects/miniardrone_ws/devel/arsdk/out/arsdk-native/build/libARNetwork/obj/Sources/ARNETWORK_Manager.c.o
                0x00000000000035f0                ARNETWORK_Manager_SendingThreadRun
 *fill*         0x00000000000036c4        0xc 
 .text.ARNETWORK_Manager_ReceivingThreadRun
                0x00000000000036d0       0xd4 /home/dima/ROS_Projects/miniardrone_ws/devel/arsdk/out/arsdk-native/build/libARNetwork/obj/Sources/ARNETWORK_Manager.c.o
                0x00000000000036d0                ARNETWORK_Manager_ReceivingThreadRun
 *fill*         0x00000000000037a4        0xc 
 .text.ARNETWORK_Manager_Stop
                0x00000000000037b0       0xdc /home/dima/ROS_Projects/miniardrone_ws/devel/arsdk/out/arsdk-native/build/libARNetwork/obj/Sources/ARNETWORK_Manager.c.o
                0x00000000000037b0                ARNETWORK_Manager_Stop
 *fill*         0x000000000000388c        0x4 
 .text.ARNETWORK_Manager_OnDisconnect
                0x0000000000003890       0x48 /home/dima/ROS_Projects/miniardrone_ws/devel/arsdk/out/arsdk-native/build/libARNetwork/obj/Sources/ARNETWORK_Manager.c.o
                0x0000000000003890                ARNETWORK_Manager_OnDisconnect
 *fill*         0x00000000000038d8        0x8 
 .text.ARNETWORK_Manager_GetInputDataEventFd
                0x00000000000038e0       0x16 /home/dima/ROS_Projects/miniardrone_ws/devel/arsdk/out/arsdk-native/build/libARNetwork/obj/Sources/ARNETWORK_Manager.c.o
                0x00000000000038e0                ARNETWORK_Manager_GetInputDataEventFd
 *fill*         0x00000000000038f6        0xa 
 .text.ARNETWORK_Manager_SendData
                0x0000000000003900       0xc7 /home/dima/ROS_Projects/miniardrone_ws/devel/arsdk/out/arsdk-native/build/libARNetwork/obj/Sources/ARNETWORK_Manager.c.o
                0x0000000000003900                ARNETWORK_Manager_SendData
 *fill*         0x00000000000039c7        0x9 
 .text.ARNETWORK_Manager_ReadData
                0x00000000000039d0       0x96 /home/dima/ROS_Projects/miniardrone_ws/devel/arsdk/out/arsdk-native/build/libARNetwork/obj/Sources/ARNETWORK_Manager.c.o
                0x00000000000039d0                ARNETWORK_Manager_ReadData
 *fill*         0x0000000000003a66        0xa 
 .text.ARNETWORK_Manager_TryReadData
                0x0000000000003a70       0x96 /home/dima/ROS_Projects/miniardrone_ws/devel/arsdk/out/arsdk-native/build/libARNetwork/obj/Sources/ARNETWORK_Manager.c.o
                0x0000000000003a70                ARNETWORK_Manager_TryReadData
 *fill*         0x0000000000003b06        0xa 
 .text.ARNETWORK_Manager_ReadDataWithTimeout
                0x0000000000003b10       0xfd /home/dima/ROS_Projects/miniardrone_ws/devel/arsdk/out/arsdk-native/build/libARNetwork/obj/Sources/ARNETWORK_Manager.c.o
                0x0000000000003b10                ARNETWORK_Manager_ReadDataWithTimeout
 *fill*         0x0000000000003c0d        0x3 
 .text.ARNETWORK_Manager_CreateIOBuffer
                0x0000000000003c10      0x5af /home/dima/ROS_Projects/miniardrone_ws/devel/arsdk/out/arsdk-native/build/libARNetwork/obj/Sources/ARNETWORK_Manager.c.o
                0x0000000000003c10                ARNETWORK_Manager_CreateIOBuffer
 *fill*         0x00000000000041bf        0x1 
 .text.ARNETWORK_Manager_New
                0x00000000000041c0      0x604 /home/dima/ROS_Projects/miniardrone_ws/devel/arsdk/out/arsdk-native/build/libARNetwork/obj/Sources/ARNETWORK_Manager.c.o
                0x00000000000041c0                ARNETWORK_Manager_New
 *fill*         0x00000000000047c4        0xc 
 .text.ARNETWORK_Manager_FlushInputBuffer
                0x00000000000047d0       0x4f /home/dima/ROS_Projects/miniardrone_ws/devel/arsdk/out/arsdk-native/build/libARNetwork/obj/Sources/ARNETWORK_Manager.c.o
                0x00000000000047d0                ARNETWORK_Manager_FlushInputBuffer
 *fill*         0x000000000000481f        0x1 
 .text.ARNETWORK_Manager_FlushOutputBuffer
                0x0000000000004820       0x4f /home/dima/ROS_Projects/miniardrone_ws/devel/arsdk/out/arsdk-native/build/libARNetwork/obj/Sources/ARNETWORK_Manager.c.o
                0x0000000000004820                ARNETWORK_Manager_FlushOutputBuffer
 *fill*         0x000000000000486f        0x1 
 .text.ARNETWORK_Manager_Flush
                0x0000000000004870       0x53 /home/dima/ROS_Projects/miniardrone_ws/devel/arsdk/out/arsdk-native/build/libARNetwork/obj/Sources/ARNETWORK_Manager.c.o
                0x0000000000004870                ARNETWORK_Manager_Flush
 *fill*         0x00000000000048c3        0xd 
 .text.ARNETWORK_Manager_GetEstimatedLatency
                0x00000000000048d0       0x16 /home/dima/ROS_Projects/miniardrone_ws/devel/arsdk/out/arsdk-native/build/libARNetwork/obj/Sources/ARNETWORK_Manager.c.o
                0x00000000000048d0                ARNETWORK_Manager_GetEstimatedLatency
 *fill*         0x00000000000048e6        0xa 
 .text.ARNETWORK_Manager_GetEstimatedMissPercentage
                0x00000000000048f0       0x64 /home/dima/ROS_Projects/miniardrone_ws/devel/arsdk/out/arsdk-native/build/libARNetwork/obj/Sources/ARNETWORK_Manager.c.o
                0x00000000000048f0                ARNETWORK_Manager_GetEstimatedMissPercentage
 *fill*         0x0000000000004954        0xc 
 .text.ARNETWORK_Manager_SetMinimumTimeBetweenSends
                0x0000000000004960       0x1e /home/dima/ROS_Projects/miniardrone_ws/devel/arsdk/out/arsdk-native/build/libARNetwork/obj/Sources/ARNETWORK_Manager.c.o
                0x0000000000004960                ARNETWORK_Manager_SetMinimumTimeBetweenSends
 *fill*         0x000000000000497e        0x2 
 .text.ARNETWORK_Receiver_Delete
                0x0000000000004980       0x20 /home/dima/ROS_Projects/miniardrone_ws/devel/arsdk/out/arsdk-native/build/libARNetwork/obj/Sources/ARNETWORK_Receiver.c.o
                0x0000000000004980                ARNETWORK_Receiver_Delete
 .text.ARNETWORK_Receiver_New
                0x00000000000049a0      0x13c /home/dima/ROS_Projects/miniardrone_ws/devel/arsdk/out/arsdk-native/build/libARNetwork/obj/Sources/ARNETWORK_Receiver.c.o
                0x00000000000049a0                ARNETWORK_Receiver_New
 *fill*         0x0000000000004adc        0x4 
 .text.ARNETWORK_Receiver_Stop
                0x0000000000004ae0        0x8 /home/dima/ROS_Projects/miniardrone_ws/devel/arsdk/out/arsdk-native/build/libARNetwork/obj/Sources/ARNETWORK_Receiver.c.o
                0x0000000000004ae0                ARNETWORK_Receiver_Stop
 *fill*         0x0000000000004ae8        0x8 
 .text.ARNETWORK_Receiver_ReturnACK
                0x0000000000004af0       0x7d /home/dima/ROS_Projects/miniardrone_ws/devel/arsdk/out/arsdk-native/build/libARNetwork/obj/Sources/ARNETWORK_Receiver.c.o
                0x0000000000004af0                ARNETWORK_Receiver_ReturnACK
 *fill*         0x0000000000004b6d        0x3 
 .text.ARNETWORK_Receiver_GetEventFd
                0x0000000000004b70        0x6 /home/dima/ROS_Projects/miniardrone_ws/devel/arsdk/out/arsdk-native/build/libARNetwork/obj/Sources/ARNETWORK_Receiver.c.o
                0x0000000000004b70                ARNETWORK_Receiver_GetEventFd
 *fill*         0x0000000000004b76        0xa 
 .text.ARNETWORK_Receiver_WriteEventFd
                0x0000000000004b80        0x6 /home/dima/ROS_Projects/miniardrone_ws/devel/arsdk/out/arsdk-native/build/libARNetwork/obj/Sources/ARNETWORK_Receiver.c.o
                0x0000000000004b80                ARNETWORK_Receiver_WriteEventFd
 *fill*         0x0000000000004b86        0xa 
 .text.ARNETWORK_Receiver_ReadEventFd
                0x0000000000004b90        0x6 /home/dima/ROS_Projects/miniardrone_ws/devel/arsdk/out/arsdk-native/build/libARNetwork/obj/Sources/ARNETWORK_Receiver.c.o
                0x0000000000004b90                ARNETWORK_Receiver_ReadEventFd
 *fill*         0x0000000000004b96        0xa 
 .text.ARNETWORK_Receiver_CopyDataRecv
                0x0000000000004ba0      0x134 /home/dima/ROS_Projects/miniardrone_ws/devel/arsdk/out/arsdk-native/build/libARNetwork/obj/Sources/ARNETWORK_Receiver.c.o
                0x0000000000004ba0                ARNETWORK_Receiver_CopyDataRecv
 *fill*         0x0000000000004cd4        0xc 
 .text.ARNETWORK_Receiver_ThreadRun
                0x0000000000004ce0      0xb4a /home/dima/ROS_Projects/miniardrone_ws/devel/arsdk/out/arsdk-native/build/libARNetwork/obj/Sources/ARNETWORK_Receiver.c.o
                0x0000000000004ce0                ARNETWORK_Receiver_ThreadRun
 *fill*         0x000000000000582a        0x6 
 .text.ARNETWORK_RingBuffer_Delete
                0x0000000000005830       0x41 /home/dima/ROS_Projects/miniardrone_ws/devel/arsdk/out/arsdk-native/build/libARNetwork/obj/Sources/ARNETWORK_RingBuffer.c.o
                0x0000000000005830                ARNETWORK_RingBuffer_Delete
 *fill*         0x0000000000005871        0xf 
 .text.ARNETWORK_RingBuffer_NewWithOverwriting
                0x0000000000005880       0xa3 /home/dima/ROS_Projects/miniardrone_ws/devel/arsdk/out/arsdk-native/build/libARNetwork/obj/Sources/ARNETWORK_RingBuffer.c.o
                0x0000000000005880                ARNETWORK_RingBuffer_NewWithOverwriting
 *fill*         0x0000000000005923        0xd 
 .text.ARNETWORK_RingBuffer_New
                0x0000000000005930        0x7 /home/dima/ROS_Projects/miniardrone_ws/devel/arsdk/out/arsdk-native/build/libARNetwork/obj/Sources/ARNETWORK_RingBuffer.c.o
                0x0000000000005930                ARNETWORK_RingBuffer_New
 *fill*         0x0000000000005937        0x9 
 .text.ARNETWORK_RingBuffer_PushBackWithSize
                0x0000000000005940       0xc0 /home/dima/ROS_Projects/miniardrone_ws/devel/arsdk/out/arsdk-native/build/libARNetwork/obj/Sources/ARNETWORK_RingBuffer.c.o
                0x0000000000005940                ARNETWORK_RingBuffer_PushBackWithSize
 .text.ARNETWORK_RingBuffer_PushBack
                0x0000000000005a00        0xa /home/dima/ROS_Projects/miniardrone_ws/devel/arsdk/out/arsdk-native/build/libARNetwork/obj/Sources/ARNETWORK_RingBuffer.c.o
                0x0000000000005a00                ARNETWORK_RingBuffer_PushBack
 *fill*         0x0000000000005a0a        0x6 
 .text.ARNETWORK_RingBuffer_PopFrontWithSize
                0x0000000000005a10       0xa8 /home/dima/ROS_Projects/miniardrone_ws/devel/arsdk/out/arsdk-native/build/libARNetwork/obj/Sources/ARNETWORK_RingBuffer.c.o
                0x0000000000005a10                ARNETWORK_RingBuffer_PopFrontWithSize
 *fill*         0x0000000000005ab8        0x8 
 .text.ARNETWORK_RingBuffer_PopFront
                0x0000000000005ac0        0x8 /home/dima/ROS_Projects/miniardrone_ws/devel/arsdk/out/arsdk-native/build/libARNetwork/obj/Sources/ARNETWORK_RingBuffer.c.o
                0x0000000000005ac0                ARNETWORK_RingBuffer_PopFront
 *fill*         0x0000000000005ac8        0x8 
 .text.ARNETWORK_RingBuffer_Front
                0x0000000000005ad0       0x57 /home/dima/ROS_Projects/miniardrone_ws/devel/arsdk/out/arsdk-native/build/libARNetwork/obj/Sources/ARNETWORK_RingBuffer.c.o
                0x0000000000005ad0                ARNETWORK_RingBuffer_Front
 *fill*         0x0000000000005b27        0x9 
 .text.ARNETWORK_RingBuffer_DataPrint
                0x0000000000005b30      0x238 /home/dima/ROS_Projects/miniardrone_ws/devel/arsdk/out/arsdk-native/build/libARNetwork/obj/Sources/ARNETWORK_RingBuffer.c.o
                0x0000000000005b30                ARNETWORK_RingBuffer_DataPrint
 *fill*         0x0000000000005d68        0x8 
 .text.ARNETWORK_RingBuffer_Print
                0x0000000000005d70      0x363 /home/dima/ROS_Projects/miniardrone_ws/devel/arsdk/out/arsdk-native/build/libARNetwork/obj/Sources/ARNETWORK_RingBuffer.c.o
                0x0000000000005d70                ARNETWORK_RingBuffer_Print
 *fill*         0x00000000000060d3        0xd 
 .text.ARNETWORK_RingBuffer_GetFreeCellNumber
                0x00000000000060e0       0x36 /home/dima/ROS_Projects/miniardrone_ws/devel/arsdk/out/arsdk-native/build/libARNetwork/obj/Sources/ARNETWORK_RingBuffer.c.o
                0x00000000000060e0                ARNETWORK_RingBuffer_GetFreeCellNumber
 *fill*         0x0000000000006116        0xa 
 .text.ARNETWORK_RingBuffer_IsEmpty
                0x0000000000006120       0x32 /home/dima/ROS_Projects/miniardrone_ws/devel/arsdk/out/arsdk-native/build/libARNetwork/obj/Sources/ARNETWORK_RingBuffer.c.o
                0x0000000000006120                ARNETWORK_RingBuffer_IsEmpty
 *fill*         0x0000000000006152        0xe 
 .text.ARNETWORK_Sender_Delete
                0x0000000000006160       0x48 /home/dima/ROS_Projects/miniardrone_ws/devel/arsdk/out/arsdk-native/build/libARNetwork/obj/Sources/ARNETWORK_Sender.c.o
                0x0000000000006160                ARNETWORK_Sender_Delete
 *fill*         0x00000000000061a8        0x8 
 .text.ARNETWORK_Sender_New
                0x00000000000061b0      0x1d1 /home/dima/ROS_Projects/miniardrone_ws/devel/arsdk/out/arsdk-native/build/libARNetwork/obj/Sources/ARNETWORK_Sender.c.o
                0x00000000000061b0                ARNETWORK_Sender_New
 *fill*         0x0000000000006381        0xf 
 .text.ARNETWORK_Sender_Stop
                0x0000000000006390        0x8 /home/dima/ROS_Projects/miniardrone_ws/devel/arsdk/out/arsdk-native/build/libARNetwork/obj/Sources/ARNETWORK_Sender.c.o
                0x0000000000006390                ARNETWORK_Sender_Stop
 *fill*         0x0000000000006398        0x8 
 .text.ARNETWORK_Sender_SignalNewData
                0x00000000000063a0        0x9 /home/dima/ROS_Projects/miniardrone_ws/devel/arsdk/out/arsdk-native/build/libARNetwork/obj/Sources/ARNETWORK_Sender.c.o
                0x00000000000063a0                ARNETWORK_Sender_SignalNewData
 *fill*         0x00000000000063a9        0x7 
 .text.ARNETWORK_Sender_AckReceived
                0x00000000000063b0       0x68 /home/dima/ROS_Projects/miniardrone_ws/devel/arsdk/out/arsdk-native/build/libARNetwork/obj/Sources/ARNETWORK_Sender.c.o
                0x00000000000063b0                ARNETWORK_Sender_AckReceived
 *fill*         0x0000000000006418        0x8 
 .text.ARNETWORK_Sender_Flush
                0x0000000000006420       0x74 /home/dima/ROS_Projects/miniardrone_ws/devel/arsdk/out/arsdk-native/build/libARNetwork/obj/Sources/ARNETWORK_Sender.c.o
                0x0000000000006420                ARNETWORK_Sender_Flush
 *fill*         0x0000000000006494        0xc 
 .text.ARNETWORK_Sender_Reset
                0x00000000000064a0        0x5 /home/dima/ROS_Projects/miniardrone_ws/devel/arsdk/out/arsdk-native/build/libARNetwork/obj/Sources/ARNETWORK_Sender.c.o
                0x00000000000064a0                ARNETWORK_Sender_Reset
 *fill*         0x00000000000064a5        0xb 
 .text.ARNETWORK_Sender_AddToBuffer
                0x00000000000064b0      0x2f2 /home/dima/ROS_Projects/miniardrone_ws/devel/arsdk/out/arsdk-native/build/libARNetwork/obj/Sources/ARNETWORK_Sender.c.o
                0x00000000000064b0                ARNETWORK_Sender_AddToBuffer
 *fill*         0x00000000000067a2        0xe 
 .text.ARNETWORK_Sender_TimeOutCallback
                0x00000000000067b0      0x114 /home/dima/ROS_Projects/miniardrone_ws/devel/arsdk/out/arsdk-native/build/libARNetwork/obj/Sources/ARNETWORK_Sender.c.o
                0x00000000000067b0                ARNETWORK_Sender_TimeOutCallback
 *fill*         0x00000000000068c4        0xc 
 .text.ARNETWORK_Sender_ManageTimeOut
                0x00000000000068d0      0x11d /home/dima/ROS_Projects/miniardrone_ws/devel/arsdk/out/arsdk-native/build/libARNetwork/obj/Sources/ARNETWORK_Sender.c.o
                0x00000000000068d0                ARNETWORK_Sender_ManageTimeOut
 *fill*         0x00000000000069ed        0x3 
 .text.ARNETWORK_Sender_ProcessBufferToSend.part.1
                0x00000000000069f0      0x39a /home/dima/ROS_Projects/miniardrone_ws/devel/arsdk/out/arsdk-native/build/libARNetwork/obj/Sources/ARNETWORK_Sender.c.o
 *fill*         0x0000000000006d8a        0x6 
 .text.ARNETWORK_Sender_ProcessBufferToSend
                0x0000000000006d90       0x35 /home/dima/ROS_Projects/miniardrone_ws/devel/arsdk/out/arsdk-native/build/libARNetwork/obj/Sources/ARNETWORK_Sender.c.o
                0x0000000000006d90                ARNETWORK_Sender_ProcessBufferToSend
 *fill*         0x0000000000006dc5        0xb 
 .text.ARNETWORK_Sender_ThreadRun
                0x0000000000006dd0      0x378 /home/dima/ROS_Projects/miniardrone_ws/devel/arsdk/out/arsdk-native/build/libARNetwork/obj/Sources/ARNETWORK_Sender.c.o
                0x0000000000006dd0                ARNETWORK_Sender_ThreadRun
 *fill*         0x0000000000007148        0x8 
 .text.ARNETWORK_Sender_GetPing
                0x0000000000007150       0x8d /home/dima/ROS_Projects/miniardrone_ws/devel/arsdk/out/arsdk-native/build/libARNetwork/obj/Sources/ARNETWORK_Sender.c.o
                0x0000000000007150                ARNETWORK_Sender_GetPing
 *fill*         0x00000000000071dd        0x3 
 .text.ARNETWORK_Sender_GotPingAck
                0x00000000000071e0       0x67 /home/dima/ROS_Projects/miniardrone_ws/devel/arsdk/out/arsdk-native/build/libARNetwork/obj/Sources/ARNETWORK_Sender.c.o
                0x00000000000071e0                ARNETWORK_Sender_GotPingAck
 *fill*         0x0000000000007247        0x9 
 .text.ARNETWORK_Sender_SendPong
                0x0000000000007250       0x3f /home/dima/ROS_Projects/miniardrone_ws/devel/arsdk/out/arsdk-native/build/libARNetwork/obj/Sources/ARNETWORK_Sender.c.o
                0x0000000000007250                ARNETWORK_Sender_SendPong
 *fill*         0x000000000000728f        0x1 
 .text.ARNETWORK_Error_ToString
                0x0000000000007290      0x1c8 /home/dima/ROS_Projects/miniardrone_ws/devel/arsdk/out/arsdk-native/build/libARNetwork/obj/gen/Sources/ARNETWORK_Error.c.o
                0x0000000000007290                ARNETWORK_Error_ToString
 *(.gnu.warning)

.fini           0x0000000000007458        0x9
 *(SORT(.fini))
 .fini          0x0000000000007458        0x4 /usr/lib/gcc/x86_64-linux-gnu/5/../../../x86_64-linux-gnu/crti.o
                0x0000000000007458                _fini
 .fini          0x000000000000745c        0x5 /usr/lib/gcc/x86_64-linux-gnu/5/../../../x86_64-linux-gnu/crtn.o
                [!provide]                        PROVIDE (__etext, .)
                [!provide]                        PROVIDE (_etext, .)
                [!provide]                        PROVIDE (etext, .)

.rodata         0x0000000000007480     0x11a8
 *(.rodata .rodata.* .gnu.linkonce.r.*)
 .rodata.str1.1
                0x0000000000007480       0x39 /home/dima/ROS_Projects/miniardrone_ws/devel/arsdk/out/arsdk-native/build/libARNetwork/obj/Sources/ARNETWORK_IOBuffer.c.o
 *fill*         0x00000000000074b9        0x7 
 .rodata.str1.8
                0x00000000000074c0       0x6c /home/dima/ROS_Projects/miniardrone_ws/devel/arsdk/out/arsdk-native/build/libARNetwork/obj/Sources/ARNETWORK_IOBuffer.c.o
 *fill*         0x000000000000752c        0x4 
 .rodata        0x0000000000007530       0x57 /home/dima/ROS_Projects/miniardrone_ws/devel/arsdk/out/arsdk-native/build/libARNetwork/obj/Sources/ARNETWORK_IOBuffer.c.o
 .rodata.str1.1
                0x0000000000007587       0x18 /home/dima/ROS_Projects/miniardrone_ws/devel/arsdk/out/arsdk-native/build/libARNetwork/obj/Sources/ARNETWORK_IOBufferParam.c.o
                                         0x21 (size before relaxing)
 *fill*         0x000000000000759f        0x1 
 .rodata.str1.8
                0x00000000000075a0      0x1f8 /home/dima/ROS_Projects/miniardrone_ws/devel/arsdk/out/arsdk-native/build/libARNetwork/obj/Sources/ARNETWORK_IOBufferParam.c.o
 *fill*         0x0000000000007798        0x8 
 .rodata        0x00000000000077a0       0x1e /home/dima/ROS_Projects/miniardrone_ws/devel/arsdk/out/arsdk-native/build/libARNetwork/obj/Sources/ARNETWORK_IOBufferParam.c.o
 .rodata.str1.1
                0x00000000000077be       0x26 /home/dima/ROS_Projects/miniardrone_ws/devel/arsdk/out/arsdk-native/build/libARNetwork/obj/Sources/ARNETWORK_Manager.c.o
                                         0x4c (size before relaxing)
 *fill*         0x00000000000077e4        0x4 
 .rodata.str1.8
                0x00000000000077e8      0x201 /home/dima/ROS_Projects/miniardrone_ws/devel/arsdk/out/arsdk-native/build/libARNetwork/obj/Sources/ARNETWORK_Manager.c.o
 *fill*         0x00000000000079e9       0x17 
 .rodata        0x0000000000007a00       0xe6 /home/dima/ROS_Projects/miniardrone_ws/devel/arsdk/out/arsdk-native/build/libARNetwork/obj/Sources/ARNETWORK_Manager.c.o
 .rodata.str1.1
                0x0000000000007ae6       0x13 /home/dima/ROS_Projects/miniardrone_ws/devel/arsdk/out/arsdk-native/build/libARNetwork/obj/Sources/ARNETWORK_Receiver.c.o
                                         0x39 (size before relaxing)
 *fill*         0x0000000000007af9        0x7 
 .rodata.str1.8
                0x0000000000007b00      0x374 /home/dima/ROS_Projects/miniardrone_ws/devel/arsdk/out/arsdk-native/build/libARNetwork/obj/Sources/ARNETWORK_Receiver.c.o
 *fill*         0x0000000000007e74        0xc 
 .rodata        0x0000000000007e80       0x57 /home/dima/ROS_Projects/miniardrone_ws/devel/arsdk/out/arsdk-native/build/libARNetwork/obj/Sources/ARNETWORK_Receiver.c.o
 .rodata.str1.1
                0x0000000000007ed7       0x69 /home/dima/ROS_Projects/miniardrone_ws/devel/arsdk/out/arsdk-native/build/libARNetwork/obj/Sources/ARNETWORK_RingBuffer.c.o
                                         0x86 (size before relaxing)
 .rodata.str1.8
                0x0000000000007f40       0xf5 /home/dima/ROS_Projects/miniardrone_ws/devel/arsdk/out/arsdk-native/build/libARNetwork/obj/Sources/ARNETWORK_RingBuffer.c.o
 *fill*         0x0000000000008035        0xb 
 .rodata        0x0000000000008040       0x3b /home/dima/ROS_Projects/miniardrone_ws/devel/arsdk/out/arsdk-native/build/libARNetwork/obj/Sources/ARNETWORK_RingBuffer.c.o
 .rodata.str1.1
                0x000000000000807b       0x11 /home/dima/ROS_Projects/miniardrone_ws/devel/arsdk/out/arsdk-native/build/libARNetwork/obj/Sources/ARNETWORK_Sender.c.o
                                         0x37 (size before relaxing)
 *fill*         0x000000000000808c        0x4 
 .rodata.str1.8
                0x0000000000008090      0x275 /home/dima/ROS_Projects/miniardrone_ws/devel/arsdk/out/arsdk-native/build/libARNetwork/obj/Sources/ARNETWORK_Sender.c.o
 *fill*         0x0000000000008305       0x1b 
 .rodata        0x0000000000008320       0xc5 /home/dima/ROS_Projects/miniardrone_ws/devel/arsdk/out/arsdk-native/build/libARNetwork/obj/Sources/ARNETWORK_Sender.c.o
 .rodata.str1.1
                0x00000000000083e5      0x14f /home/dima/ROS_Projects/miniardrone_ws/devel/arsdk/out/arsdk-native/build/libARNetwork/obj/gen/Sources/ARNETWORK_Error.c.o
                                        0x165 (size before relaxing)
 *fill*         0x0000000000008534        0x4 
 .rodata.str1.8
                0x0000000000008538       0xf0 /home/dima/ROS_Projects/miniardrone_ws/devel/arsdk/out/arsdk-native/build/libARNetwork/obj/gen/Sources/ARNETWORK_Error.c.o

.rodata1
 *(.rodata1)

.eh_frame_hdr   0x0000000000008628      0x254
 *(.eh_frame_hdr)
 .eh_frame_hdr  0x0000000000008628      0x254 /home/dima/ROS_Projects/miniardrone_ws/devel/arsdk/out/arsdk-native/build/libARNetwork/obj/Sources/ARNETWORK_IOBuffer.c.o
                0x0000000000008628                __GNU_EH_FRAME_HDR
 *(.eh_frame_entry .eh_frame_entry.*)

.eh_frame       0x0000000000008880     0x1264
 *(.eh_frame)
 .eh_frame      0x0000000000008880       0x40 /usr/lib/gcc/x86_64-linux-gnu/5/../../../x86_64-linux-gnu/crti.o
 .eh_frame      0x00000000000088c0      0x298 /home/dima/ROS_Projects/miniardrone_ws/devel/arsdk/out/arsdk-native/build/libARNetwork/obj/Sources/ARNETWORK_IOBuffer.c.o
                                        0x280 (size before relaxing)
 .eh_frame      0x0000000000008b58       0x98 /home/dima/ROS_Projects/miniardrone_ws/devel/arsdk/out/arsdk-native/build/libARNetwork/obj/Sources/ARNETWORK_IOBufferParam.c.o
                                         0xa8 (size before relaxing)
 .eh_frame      0x0000000000008bf0      0x4a8 /home/dima/ROS_Projects/miniardrone_ws/devel/arsdk/out/arsdk-native/build/libARNetwork/obj/Sources/ARNETWORK_Manager.c.o
                                        0x488 (size before relaxing)
 .eh_frame      0x0000000000009098      0x300 /home/dima/ROS_Projects/miniardrone_ws/devel/arsdk/out/arsdk-native/build/libARNetwork/obj/Sources/ARNETWORK_Receiver.c.o
                                        0x308 (size before relaxing)
 .eh_frame      0x0000000000009398      0x2c8 /home/dima/ROS_Projects/miniardrone_ws/devel/arsdk/out/arsdk-native/build/libARNetwork/obj/Sources/ARNETWORK_RingBuffer.c.o
 .eh_frame      0x0000000000009660      0x468 /home/dima/ROS_Projects/miniardrone_ws/devel/arsdk/out/arsdk-native/build/libARNetwork/obj/Sources/ARNETWORK_Sender.c.o
                                        0x458 (size before relaxing)
 .eh_frame      0x0000000000009ac8       0x18 /home/dima/ROS_Projects/miniardrone_ws/devel/arsdk/out/arsdk-native/build/libARNetwork/obj/gen/Sources/ARNETWORK_Error.c.o
                                         0x30 (size before relaxing)
 .eh_frame      0x0000000000009ae0        0x4 /usr/lib/gcc/x86_64-linux-gnu/5/crtendS.o
 *(.eh_frame.*)

.gcc_except_table
 *(.gcc_except_table .gcc_except_table.*)

.gnu_extab
 *(.gnu_extab*)

.exception_ranges
 *(.exception_ranges .exception_ranges*)
                0x0000000000209db8                . = DATA_SEGMENT_ALIGN (0x200000, 0x1000)

.eh_frame
 *(.eh_frame)
 *(.eh_frame.*)

.gnu_extab
 *(.gnu_extab)

.gcc_except_table
 *(.gcc_except_table .gcc_except_table.*)

.exception_ranges
 *(.exception_ranges .exception_ranges*)

.tdata
 *(.tdata .tdata.* .gnu.linkonce.td.*)

.tbss
 *(.tbss .tbss.* .gnu.linkonce.tb.*)
 *(.tcommon)

.preinit_array
 *(.preinit_array)

.init_array     0x0000000000209db8        0x8
 *(SORT(.init_array.*) SORT(.ctors.*))
 *(.init_array EXCLUDE_FILE(*crtend?.o *crtend.o *crtbegin?.o *crtbegin.o) .ctors)
 .init_array    0x0000000000209db8        0x8 /usr/lib/gcc/x86_64-linux-gnu/5/crtbeginS.o

.fini_array     0x0000000000209dc0        0x8
 *(SORT(.fini_array.*) SORT(.dtors.*))
 *(.fini_array EXCLUDE_FILE(*crtend?.o *crtend.o *crtbegin?.o *crtbegin.o) .dtors)
 .fini_array    0x0000000000209dc0        0x8 /usr/lib/gcc/x86_64-linux-gnu/5/crtbeginS.o

.ctors
 *crtbegin.o(.ctors)
 *crtbegin?.o(.ctors)
 *(EXCLUDE_FILE(*crtend?.o *crtend.o) .ctors)
 *(SORT(.ctors.*))
 *(.ctors)

.dtors
 *crtbegin.o(.dtors)
 *crtbegin?.o(.dtors)
 *(EXCLUDE_FILE(*crtend?.o *crtend.o) .dtors)
 *(SORT(.dtors.*))
 *(.dtors)

.jcr            0x0000000000209dc8        0x8
 *(.jcr)
 .jcr           0x0000000000209dc8        0x0 /usr/lib/gcc/x86_64-linux-gnu/5/crtbeginS.o
 .jcr           0x0000000000209dc8        0x8 /usr/lib/gcc/x86_64-linux-gnu/5/crtendS.o

.data.rel.ro
 *(.data.rel.ro.local* .gnu.linkonce.d.rel.ro.local.*)
 *(.data.rel.ro .data.rel.ro.* .gnu.linkonce.d.rel.ro.*)

.dynamic        0x0000000000209dd0      0x200
 *(.dynamic)
 .dynamic       0x0000000000209dd0      0x200 /usr/lib/gcc/x86_64-linux-gnu/5/../../../x86_64-linux-gnu/crti.o
                0x0000000000209dd0                _DYNAMIC

.got            0x0000000000209fd0       0x30
 *(.got)
 .got           0x0000000000209fd0       0x30 /usr/lib/gcc/x86_64-linux-gnu/5/../../../x86_64-linux-gnu/crti.o
 *(.igot)
                0x000000000020afe8                . = DATA_SEGMENT_RELRO_END (., (SIZEOF (.got.plt) >= 0x18)?0x18:0x0)

.got.plt        0x000000000020a000      0x298
 *(.got.plt)
 .got.plt       0x000000000020a000      0x298 /usr/lib/gcc/x86_64-linux-gnu/5/../../../x86_64-linux-gnu/crti.o
                0x000000000020a000                _GLOBAL_OFFSET_TABLE_
 *(.igot.plt)

.data           0x000000000020a298        0x8
 *(.data .data.* .gnu.linkonce.d.*)
 .data.rel.local
                0x000000000020a298        0x8 /usr/lib/gcc/x86_64-linux-gnu/5/crtbeginS.o
                0x000000000020a298                __dso_handle

.tm_clone_table
                0x000000000020a2a0        0x0
 .tm_clone_table
                0x000000000020a2a0        0x0 /usr/lib/gcc/x86_64-linux-gnu/5/crtbeginS.o
 .tm_clone_table
                0x000000000020a2a0        0x0 /usr/lib/gcc/x86_64-linux-gnu/5/crtendS.o

.data1
 *(.data1)
                0x000000000020a2a0                _edata = .
                [!provide]                        PROVIDE (edata, .)
                0x000000000020a2a0                . = .
                0x000000000020a2a0                __bss_start = .

.bss            0x000000000020a2a0        0x8
 *(.dynbss)
 .dynbss        0x000000000020a2a0        0x0 /usr/lib/gcc/x86_64-linux-gnu/5/../../../x86_64-linux-gnu/crti.o
 *(.bss .bss.* .gnu.linkonce.b.*)
 .bss           0x000000000020a2a0        0x1 /usr/lib/gcc/x86_64-linux-gnu/5/crtbeginS.o
 *(COMMON)
                0x000000000020a2a8                . = ALIGN ((. != 0x0)?0x8:0x1)
 *fill*         0x000000000020a2a1        0x7 

.lbss
 *(.dynlbss)
 *(.lbss .lbss.* .gnu.linkonce.lb.*)
 *(LARGE_COMMON)
                0x000000000020a2a8                . = ALIGN (0x8)
                0x000000000020a2a8                . = SEGMENT_START ("ldata-segment", .)

.lrodata
 *(.lrodata .lrodata.* .gnu.linkonce.lr.*)

.ldata          0x000000000060a2a8        0x0
 *(.ldata .ldata.* .gnu.linkonce.l.*)
                0x000000000060a2a8                . = ALIGN ((. != 0x0)?0x8:0x1)
                0x000000000060a2a8                . = ALIGN (0x8)
                0x000000000060a2a8                _end = .
                [!provide]                        PROVIDE (end, .)
                0x000000000060a2a8                . = DATA_SEGMENT_END (.)

.stab
 *(.stab)

.stabstr
 *(.stabstr)

.stab.excl
 *(.stab.excl)

.stab.exclstr
 *(.stab.exclstr)

.stab.index
 *(.stab.index)

.stab.indexstr
 *(.stab.indexstr)

.comment        0x0000000000000000       0x34
 *(.comment)
 .comment       0x0000000000000000       0x34 /usr/lib/gcc/x86_64-linux-gnu/5/crtbeginS.o
                                         0x35 (size before relaxing)
 .comment       0x0000000000000034       0x35 /home/dima/ROS_Projects/miniardrone_ws/devel/arsdk/out/arsdk-native/build/libARNetwork/obj/Sources/ARNETWORK_IOBuffer.c.o
 .comment       0x0000000000000034       0x35 /home/dima/ROS_Projects/miniardrone_ws/devel/arsdk/out/arsdk-native/build/libARNetwork/obj/Sources/ARNETWORK_IOBufferParam.c.o
 .comment       0x0000000000000034       0x35 /home/dima/ROS_Projects/miniardrone_ws/devel/arsdk/out/arsdk-native/build/libARNetwork/obj/Sources/ARNETWORK_Manager.c.o
 .comment       0x0000000000000034       0x35 /home/dima/ROS_Projects/miniardrone_ws/devel/arsdk/out/arsdk-native/build/libARNetwork/obj/Sources/ARNETWORK_Receiver.c.o
 .comment       0x0000000000000034       0x35 /home/dima/ROS_Projects/miniardrone_ws/devel/arsdk/out/arsdk-native/build/libARNetwork/obj/Sources/ARNETWORK_RingBuffer.c.o
 .comment       0x0000000000000034       0x35 /home/dima/ROS_Projects/miniardrone_ws/devel/arsdk/out/arsdk-native/build/libARNetwork/obj/Sources/ARNETWORK_Sender.c.o
 .comment       0x0000000000000034       0x35 /home/dima/ROS_Projects/miniardrone_ws/devel/arsdk/out/arsdk-native/build/libARNetwork/obj/gen/Sources/ARNETWORK_Error.c.o
 .comment       0x0000000000000034       0x35 /usr/lib/gcc/x86_64-linux-gnu/5/crtendS.o

.debug
 *(.debug)

.line
 *(.line)

.debug_srcinfo
 *(.debug_srcinfo)

.debug_sfnames
 *(.debug_sfnames)

.debug_aranges  0x0000000000000000      0x550
 *(.debug_aranges)
 .debug_aranges
                0x0000000000000000      0x100 /home/dima/ROS_Projects/miniardrone_ws/devel/arsdk/out/arsdk-native/build/libARNetwork/obj/Sources/ARNETWORK_IOBuffer.c.o
 .debug_aranges
                0x0000000000000100       0x40 /home/dima/ROS_Projects/miniardrone_ws/devel/arsdk/out/arsdk-native/build/libARNetwork/obj/Sources/ARNETWORK_IOBufferParam.c.o
 .debug_aranges
                0x0000000000000140      0x140 /home/dima/ROS_Projects/miniardrone_ws/devel/arsdk/out/arsdk-native/build/libARNetwork/obj/Sources/ARNETWORK_Manager.c.o
 .debug_aranges
                0x0000000000000280       0xa0 /home/dima/ROS_Projects/miniardrone_ws/devel/arsdk/out/arsdk-native/build/libARNetwork/obj/Sources/ARNETWORK_Receiver.c.o
 .debug_aranges
                0x0000000000000320       0xe0 /home/dima/ROS_Projects/miniardrone_ws/devel/arsdk/out/arsdk-native/build/libARNetwork/obj/Sources/ARNETWORK_RingBuffer.c.o
 .debug_aranges
                0x0000000000000400      0x120 /home/dima/ROS_Projects/miniardrone_ws/devel/arsdk/out/arsdk-native/build/libARNetwork/obj/Sources/ARNETWORK_Sender.c.o
 .debug_aranges
                0x0000000000000520       0x30 /home/dima/ROS_Projects/miniardrone_ws/devel/arsdk/out/arsdk-native/build/libARNetwork/obj/gen/Sources/ARNETWORK_Error.c.o

.debug_pubnames
 *(.debug_pubnames)

.debug_info     0x0000000000000000     0xa3e8
 *(.debug_info .gnu.linkonce.wi.*)
 .debug_info    0x0000000000000000     0x15a1 /home/dima/ROS_Projects/miniardrone_ws/devel/arsdk/out/arsdk-native/build/libARNetwork/obj/Sources/ARNETWORK_IOBuffer.c.o
 .debug_info    0x00000000000015a1      0x7d6 /home/dima/ROS_Projects/miniardrone_ws/devel/arsdk/out/arsdk-native/build/libARNetwork/obj/Sources/ARNETWORK_IOBufferParam.c.o
 .debug_info    0x0000000000001d77     0x27d5 /home/dima/ROS_Projects/miniardrone_ws/devel/arsdk/out/arsdk-native/build/libARNetwork/obj/Sources/ARNETWORK_Manager.c.o
 .debug_info    0x000000000000454c     0x22e0 /home/dima/ROS_Projects/miniardrone_ws/devel/arsdk/out/arsdk-native/build/libARNetwork/obj/Sources/ARNETWORK_Receiver.c.o
 .debug_info    0x000000000000682c     0x1625 /home/dima/ROS_Projects/miniardrone_ws/devel/arsdk/out/arsdk-native/build/libARNetwork/obj/Sources/ARNETWORK_RingBuffer.c.o
 .debug_info    0x0000000000007e51     0x2480 /home/dima/ROS_Projects/miniardrone_ws/devel/arsdk/out/arsdk-native/build/libARNetwork/obj/Sources/ARNETWORK_Sender.c.o
 .debug_info    0x000000000000a2d1      0x117 /home/dima/ROS_Projects/miniardrone_ws/devel/arsdk/out/arsdk-native/build/libARNetwork/obj/gen/Sources/ARNETWORK_Error.c.o

.debug_abbrev   0x0000000000000000     0x1284
 *(.debug_abbrev)
 .debug_abbrev  0x0000000000000000      0x303 /home/dima/ROS_Projects/miniardrone_ws/devel/arsdk/out/arsdk-native/build/libARNetwork/obj/Sources/ARNETWORK_IOBuffer.c.o
 .debug_abbrev  0x0000000000000303      0x1d1 /home/dima/ROS_Projects/miniardrone_ws/devel/arsdk/out/arsdk-native/build/libARNetwork/obj/Sources/ARNETWORK_IOBufferParam.c.o
 .debug_abbrev  0x00000000000004d4      0x35a /home/dima/ROS_Projects/miniardrone_ws/devel/arsdk/out/arsdk-native/build/libARNetwork/obj/Sources/ARNETWORK_Manager.c.o
 .debug_abbrev  0x000000000000082e      0x36b /home/dima/ROS_Projects/miniardrone_ws/devel/arsdk/out/arsdk-native/build/libARNetwork/obj/Sources/ARNETWORK_Receiver.c.o
 .debug_abbrev  0x0000000000000b99      0x2e6 /home/dima/ROS_Projects/miniardrone_ws/devel/arsdk/out/arsdk-native/build/libARNetwork/obj/Sources/ARNETWORK_RingBuffer.c.o
 .debug_abbrev  0x0000000000000e7f      0x379 /home/dima/ROS_Projects/miniardrone_ws/devel/arsdk/out/arsdk-native/build/libARNetwork/obj/Sources/ARNETWORK_Sender.c.o
 .debug_abbrev  0x00000000000011f8       0x8c /home/dima/ROS_Projects/miniardrone_ws/devel/arsdk/out/arsdk-native/build/libARNetwork/obj/gen/Sources/ARNETWORK_Error.c.o

.debug_line     0x0000000000000000     0x205f
 *(.debug_line .debug_line.* .debug_line_end)
 .debug_line    0x0000000000000000      0x561 /home/dima/ROS_Projects/miniardrone_ws/devel/arsdk/out/arsdk-native/build/libARNetwork/obj/Sources/ARNETWORK_IOBuffer.c.o
 .debug_line    0x0000000000000561      0x273 /home/dima/ROS_Projects/miniardrone_ws/devel/arsdk/out/arsdk-native/build/libARNetwork/obj/Sources/ARNETWORK_IOBufferParam.c.o
 .debug_line    0x00000000000007d4      0x7bf /home/dima/ROS_Projects/miniardrone_ws/devel/arsdk/out/arsdk-native/build/libARNetwork/obj/Sources/ARNETWORK_Manager.c.o
 .debug_line    0x0000000000000f93      0x4e6 /home/dima/ROS_Projects/miniardrone_ws/devel/arsdk/out/arsdk-native/build/libARNetwork/obj/Sources/ARNETWORK_Receiver.c.o
 .debug_line    0x0000000000001479      0x402 /home/dima/ROS_Projects/miniardrone_ws/devel/arsdk/out/arsdk-native/build/libARNetwork/obj/Sources/ARNETWORK_RingBuffer.c.o
 .debug_line    0x000000000000187b      0x68e /home/dima/ROS_Projects/miniardrone_ws/devel/arsdk/out/arsdk-native/build/libARNetwork/obj/Sources/ARNETWORK_Sender.c.o
 .debug_line    0x0000000000001f09      0x156 /home/dima/ROS_Projects/miniardrone_ws/devel/arsdk/out/arsdk-native/build/libARNetwork/obj/gen/Sources/ARNETWORK_Error.c.o

.debug_frame
 *(.debug_frame)

.debug_str      0x0000000000000000     0x2636
 *(.debug_str)
 .debug_str     0x0000000000000000      0xff8 /home/dima/ROS_Projects/miniardrone_ws/devel/arsdk/out/arsdk-native/build/libARNetwork/obj/Sources/ARNETWORK_IOBuffer.c.o
                                       0x1068 (size before relaxing)
 .debug_str     0x0000000000000ff8       0x6a /home/dima/ROS_Projects/miniardrone_ws/devel/arsdk/out/arsdk-native/build/libARNetwork/obj/Sources/ARNETWORK_IOBufferParam.c.o
                                        0x8d4 (size before relaxing)
 .debug_str     0x0000000000001062      0xfed /home/dima/ROS_Projects/miniardrone_ws/devel/arsdk/out/arsdk-native/build/libARNetwork/obj/Sources/ARNETWORK_Manager.c.o
                                       0x1cd6 (size before relaxing)
 .debug_str     0x000000000000204f      0x1e1 /home/dima/ROS_Projects/miniardrone_ws/devel/arsdk/out/arsdk-native/build/libARNetwork/obj/Sources/ARNETWORK_Receiver.c.o
                                       0x15f6 (size before relaxing)
 .debug_str     0x0000000000002230      0x15d /home/dima/ROS_Projects/miniardrone_ws/devel/arsdk/out/arsdk-native/build/libARNetwork/obj/Sources/ARNETWORK_RingBuffer.c.o
                                        0xa86 (size before relaxing)
 .debug_str     0x000000000000238d      0x275 /home/dima/ROS_Projects/miniardrone_ws/devel/arsdk/out/arsdk-native/build/libARNetwork/obj/Sources/ARNETWORK_Sender.c.o
                                       0x1949 (size before relaxing)
 .debug_str     0x0000000000002602       0x34 /home/dima/ROS_Projects/miniardrone_ws/devel/arsdk/out/arsdk-native/build/libARNetwork/obj/gen/Sources/ARNETWORK_Error.c.o
                                        0x390 (size before relaxing)

.debug_loc      0x0000000000000000     0x6a2b
 *(.debug_loc)
 .debug_loc     0x0000000000000000     0x1032 /home/dima/ROS_Projects/miniardrone_ws/devel/arsdk/out/arsdk-native/build/libARNetwork/obj/Sources/ARNETWORK_IOBuffer.c.o
 .debug_loc     0x0000000000001032      0x11d /home/dima/ROS_Projects/miniardrone_ws/devel/arsdk/out/arsdk-native/build/libARNetwork/obj/Sources/ARNETWORK_IOBufferParam.c.o
 .debug_loc     0x000000000000114f     0x2400 /home/dima/ROS_Projects/miniardrone_ws/devel/arsdk/out/arsdk-native/build/libARNetwork/obj/Sources/ARNETWORK_Manager.c.o
 .debug_loc     0x000000000000354f      0xc12 /home/dima/ROS_Projects/miniardrone_ws/devel/arsdk/out/arsdk-native/build/libARNetwork/obj/Sources/ARNETWORK_Receiver.c.o
 .debug_loc     0x0000000000004161      0xedc /home/dima/ROS_Projects/miniardrone_ws/devel/arsdk/out/arsdk-native/build/libARNetwork/obj/Sources/ARNETWORK_RingBuffer.c.o
 .debug_loc     0x000000000000503d     0x19ee /home/dima/ROS_Projects/miniardrone_ws/devel/arsdk/out/arsdk-native/build/libARNetwork/obj/Sources/ARNETWORK_Sender.c.o

.debug_macinfo
 *(.debug_macinfo)

.debug_weaknames
 *(.debug_weaknames)

.debug_funcnames
 *(.debug_funcnames)

.debug_typenames
 *(.debug_typenames)

.debug_varnames
 *(.debug_varnames)

.debug_pubtypes
 *(.debug_pubtypes)

.debug_ranges   0x0000000000000000      0xc10
 *(.debug_ranges)
 .debug_ranges  0x0000000000000000      0x120 /home/dima/ROS_Projects/miniardrone_ws/devel/arsdk/out/arsdk-native/build/libARNetwork/obj/Sources/ARNETWORK_IOBuffer.c.o
 .debug_ranges  0x0000000000000120       0x60 /home/dima/ROS_Projects/miniardrone_ws/devel/arsdk/out/arsdk-native/build/libARNetwork/obj/Sources/ARNETWORK_IOBufferParam.c.o
 .debug_ranges  0x0000000000000180      0x2d0 /home/dima/ROS_Projects/miniardrone_ws/devel/arsdk/out/arsdk-native/build/libARNetwork/obj/Sources/ARNETWORK_Manager.c.o
 .debug_ranges  0x0000000000000450      0x320 /home/dima/ROS_Projects/miniardrone_ws/devel/arsdk/out/arsdk-native/build/libARNetwork/obj/Sources/ARNETWORK_Receiver.c.o
 .debug_ranges  0x0000000000000770      0x250 /home/dima/ROS_Projects/miniardrone_ws/devel/arsdk/out/arsdk-native/build/libARNetwork/obj/Sources/ARNETWORK_RingBuffer.c.o
 .debug_ranges  0x00000000000009c0      0x230 /home/dima/ROS_Projects/miniardrone_ws/devel/arsdk/out/arsdk-native/build/libARNetwork/obj/Sources/ARNETWORK_Sender.c.o
 .debug_ranges  0x0000000000000bf0       0x20 /home/dima/ROS_Projects/miniardrone_ws/devel/arsdk/out/arsdk-native/build/libARNetwork/obj/gen/Sources/ARNETWORK_Error.c.o

.debug_macro
 *(.debug_macro)

.gnu.attributes
 *(.gnu.attributes)

/DISCARD/
 *(.note.GNU-stack)
 *(.gnu_debuglink)
 *(.gnu.lto_*)
OUTPUT(/home/dima/ROS_Projects/miniardrone_ws/devel/arsdk/out/arsdk-native/build/libARNetwork/libarnetwork.so elf64-x86-64)
