
As-needed library included to satisfy reference by file (symbol)

libarsal.so                   /home/dima/ROS_Projects/miniardrone_ws/devel/arsdk/out/arsdk-native/build/libARCommands/obj/gen/Sources/ARCOMMANDS_Decoder.c.o (ARSAL_Mutex_Lock)
libc.so.6                     /home/dima/ROS_Projects/miniardrone_ws/devel/arsdk/out/arsdk-native/build/libARCommands/obj/gen/Sources/ARCOMMANDS_ReadWrite.c.o (strcpy@@GLIBC_2.2.5)

Discarded input sections

 .text          0x0000000000000000        0x0 /usr/lib/gcc/x86_64-linux-gnu/5/../../../x86_64-linux-gnu/crti.o
 .data          0x0000000000000000        0x0 /usr/lib/gcc/x86_64-linux-gnu/5/../../../x86_64-linux-gnu/crti.o
 .bss           0x0000000000000000        0x0 /usr/lib/gcc/x86_64-linux-gnu/5/../../../x86_64-linux-gnu/crti.o
 .note.GNU-stack
                0x0000000000000000        0x0 /usr/lib/gcc/x86_64-linux-gnu/5/../../../x86_64-linux-gnu/crti.o
 .data          0x0000000000000000        0x0 /usr/lib/gcc/x86_64-linux-gnu/5/crtbeginS.o
 .text.unlikely
                0x0000000000000000        0x0 /usr/lib/gcc/x86_64-linux-gnu/5/crtbeginS.o
 .note.GNU-stack
                0x0000000000000000        0x0 /usr/lib/gcc/x86_64-linux-gnu/5/crtbeginS.o
 .text          0x0000000000000000        0x0 /home/dima/ROS_Projects/miniardrone_ws/devel/arsdk/out/arsdk-native/build/libARCommands/obj/gen/Sources/ARCOMMANDS_Generator.c.o
 .data          0x0000000000000000        0x0 /home/dima/ROS_Projects/miniardrone_ws/devel/arsdk/out/arsdk-native/build/libARCommands/obj/gen/Sources/ARCOMMANDS_Generator.c.o
 .bss           0x0000000000000000        0x0 /home/dima/ROS_Projects/miniardrone_ws/devel/arsdk/out/arsdk-native/build/libARCommands/obj/gen/Sources/ARCOMMANDS_Generator.c.o
 .text.unlikely.ARCOMMANDS_Generator_GenerateGenericDefault
                0x0000000000000000        0x0 /home/dima/ROS_Projects/miniardrone_ws/devel/arsdk/out/arsdk-native/build/libARCommands/obj/gen/Sources/ARCOMMANDS_Generator.c.o
 .text.unlikely.ARCOMMANDS_Generator_GenerateARDrone3PilotingFlatTrim
                0x0000000000000000        0x0 /home/dima/ROS_Projects/miniardrone_ws/devel/arsdk/out/arsdk-native/build/libARCommands/obj/gen/Sources/ARCOMMANDS_Generator.c.o
 .text.unlikely.ARCOMMANDS_Generator_GenerateARDrone3PilotingTakeOff
                0x0000000000000000        0x0 /home/dima/ROS_Projects/miniardrone_ws/devel/arsdk/out/arsdk-native/build/libARCommands/obj/gen/Sources/ARCOMMANDS_Generator.c.o
 .text.unlikely.ARCOMMANDS_Generator_GenerateARDrone3PilotingPCMD
                0x0000000000000000        0x0 /home/dima/ROS_Projects/miniardrone_ws/devel/arsdk/out/arsdk-native/build/libARCommands/obj/gen/Sources/ARCOMMANDS_Generator.c.o
 .text.unlikely.ARCOMMANDS_Generator_GenerateARDrone3PilotingLanding
                0x0000000000000000        0x0 /home/dima/ROS_Projects/miniardrone_ws/devel/arsdk/out/arsdk-native/build/libARCommands/obj/gen/Sources/ARCOMMANDS_Generator.c.o
 .text.unlikely.ARCOMMANDS_Generator_GenerateARDrone3PilotingEmergency
                0x0000000000000000        0x0 /home/dima/ROS_Projects/miniardrone_ws/devel/arsdk/out/arsdk-native/build/libARCommands/obj/gen/Sources/ARCOMMANDS_Generator.c.o
 .text.unlikely.ARCOMMANDS_Generator_GenerateARDrone3PilotingNavigateHome
                0x0000000000000000        0x0 /home/dima/ROS_Projects/miniardrone_ws/devel/arsdk/out/arsdk-native/build/libARCommands/obj/gen/Sources/ARCOMMANDS_Generator.c.o
 .text.unlikely.ARCOMMANDS_Generator_GenerateARDrone3PilotingAutoTakeOffMode
                0x0000000000000000        0x0 /home/dima/ROS_Projects/miniardrone_ws/devel/arsdk/out/arsdk-native/build/libARCommands/obj/gen/Sources/ARCOMMANDS_Generator.c.o
 .text.unlikely.ARCOMMANDS_Generator_GenerateARDrone3PilotingMoveBy
                0x0000000000000000        0x0 /home/dima/ROS_Projects/miniardrone_ws/devel/arsdk/out/arsdk-native/build/libARCommands/obj/gen/Sources/ARCOMMANDS_Generator.c.o
 .text.unlikely.ARCOMMANDS_Generator_GenerateARDrone3PilotingUserTakeOff
                0x0000000000000000        0x0 /home/dima/ROS_Projects/miniardrone_ws/devel/arsdk/out/arsdk-native/build/libARCommands/obj/gen/Sources/ARCOMMANDS_Generator.c.o
 .text.unlikely.ARCOMMANDS_Generator_GenerateARDrone3PilotingCircle
                0x0000000000000000        0x0 /home/dima/ROS_Projects/miniardrone_ws/devel/arsdk/out/arsdk-native/build/libARCommands/obj/gen/Sources/ARCOMMANDS_Generator.c.o
 .text.unlikely.ARCOMMANDS_Generator_GenerateARDrone3AnimationsFlip
                0x0000000000000000        0x0 /home/dima/ROS_Projects/miniardrone_ws/devel/arsdk/out/arsdk-native/build/libARCommands/obj/gen/Sources/ARCOMMANDS_Generator.c.o
 .text.unlikely.ARCOMMANDS_Generator_GenerateARDrone3CameraOrientation
                0x0000000000000000        0x0 /home/dima/ROS_Projects/miniardrone_ws/devel/arsdk/out/arsdk-native/build/libARCommands/obj/gen/Sources/ARCOMMANDS_Generator.c.o
 .text.unlikely.ARCOMMANDS_Generator_GenerateARDrone3MediaRecordPicture
[...]
Memory Configuration

Name             Origin             Length             Attributes
*default*        0x0000000000000000 0xffffffffffffffff

Linker script and memory map

LOAD /usr/lib/gcc/x86_64-linux-gnu/5/../../../x86_64-linux-gnu/crti.o
LOAD /usr/lib/gcc/x86_64-linux-gnu/5/crtbeginS.o
LOAD /home/dima/ROS_Projects/miniardrone_ws/devel/arsdk/out/arsdk-native/build/libARCommands/obj/gen/Sources/ARCOMMANDS_Generator.c.o
LOAD /home/dima/ROS_Projects/miniardrone_ws/devel/arsdk/out/arsdk-native/build/libARCommands/obj/gen/Sources/ARCOMMANDS_Decoder.c.o
LOAD /home/dima/ROS_Projects/miniardrone_ws/devel/arsdk/out/arsdk-native/build/libARCommands/obj/gen/Sources/ARCOMMANDS_Filter.c.o
LOAD /home/dima/ROS_Projects/miniardrone_ws/devel/arsdk/out/arsdk-native/build/libARCommands/obj/gen/Sources/ARCOMMANDS_ReadWrite.c.o
LOAD /home/dima/ROS_Projects/miniardrone_ws/devel/arsdk/out/arsdk-native/build/libARCommands/obj/Sources/ARCOMMANDS_Version.c.o
LOAD /home/dima/ROS_Projects/miniardrone_ws/devel/arsdk/out/arsdk-native/staging/usr/lib/libarsal.so
LOAD /usr/lib/gcc/x86_64-linux-gnu/5/../../../x86_64-linux-gnu/librt.so
LOAD /usr/lib/gcc/x86_64-linux-gnu/5/libstdc++.so
LOAD /usr/lib/gcc/x86_64-linux-gnu/5/../../../x86_64-linux-gnu/libm.so
START GROUP
LOAD /lib/x86_64-linux-gnu/libm.so.6
LOAD /usr/lib/x86_64-linux-gnu/libmvec_nonshared.a
LOAD /lib/x86_64-linux-gnu/libmvec.so.1
END GROUP
LOAD /usr/lib/gcc/x86_64-linux-gnu/5/libgcc_s.so
LOAD /usr/lib/gcc/x86_64-linux-gnu/5/../../../x86_64-linux-gnu/libpthread.so
START GROUP
LOAD /lib/x86_64-linux-gnu/libpthread.so.0
LOAD /usr/lib/x86_64-linux-gnu/libpthread_nonshared.a
END GROUP
LOAD /usr/lib/gcc/x86_64-linux-gnu/5/../../../x86_64-linux-gnu/libc.so
START GROUP
LOAD /lib/x86_64-linux-gnu/libc.so.6
LOAD /usr/lib/x86_64-linux-gnu/libc_nonshared.a
LOAD /lib/x86_64-linux-gnu/ld-linux-x86-64.so.2
END GROUP
LOAD /usr/lib/gcc/x86_64-linux-gnu/5/libgcc_s.so
LOAD /usr/lib/gcc/x86_64-linux-gnu/5/crtendS.o
LOAD /usr/lib/gcc/x86_64-linux-gnu/5/../../../x86_64-linux-gnu/crtn.o
                0x00000000000001c8                . = (0x0 + SIZEOF_HEADERS)

.note.gnu.build-id
                0x00000000000001c8       0x24
 *(.note.gnu.build-id)
 .note.gnu.build-id
                0x00000000000001c8       0x24 /usr/lib/gcc/x86_64-linux-gnu/5/../../../x86_64-linux-gnu/crti.o

.hash
 *(.hash)

.gnu.hash       0x00000000000001f0     0x2a38
 *(.gnu.hash)
 .gnu.hash      0x00000000000001f0     0x2a38 /usr/lib/gcc/x86_64-linux-gnu/5/../../../x86_64-linux-gnu/crti.o

.dynsym         0x0000000000002c28     0x8640
 *(.dynsym)
 .dynsym        0x0000000000002c28     0x8640 /usr/lib/gcc/x86_64-linux-gnu/5/../../../x86_64-linux-gnu/crti.o

.dynstr         0x000000000000b268    0x16c34
 *(.dynstr)
 .dynstr        0x000000000000b268    0x16c34 /usr/lib/gcc/x86_64-linux-gnu/5/../../../x86_64-linux-gnu/crti.o

.gnu.version    0x0000000000021e9c      0xb30
 *(.gnu.version)
 .gnu.version   0x0000000000021e9c      0xb30 /usr/lib/gcc/x86_64-linux-gnu/5/../../../x86_64-linux-gnu/crti.o

.gnu.version_d  0x00000000000229d0        0x0
 *(.gnu.version_d)
 .gnu.version_d
                0x00000000000229d0        0x0 /usr/lib/gcc/x86_64-linux-gnu/5/../../../x86_64-linux-gnu/crti.o

.gnu.version_r  0x00000000000229d0       0x50
 *(.gnu.version_r)
 .gnu.version_r
                0x00000000000229d0       0x50 /usr/lib/gcc/x86_64-linux-gnu/5/../../../x86_64-linux-gnu/crti.o

.rela.dyn       0x0000000000022a20       0xc0
 *(.rela.init)
 *(.rela.text .rela.text.* .rela.gnu.linkonce.t.*)
 .rela.text     0x0000000000022a20        0x0 /usr/lib/gcc/x86_64-linux-gnu/5/../../../x86_64-linux-gnu/crti.o
 *(.rela.fini)
 *(.rela.rodata .rela.rodata.* .rela.gnu.linkonce.r.*)
 *(.rela.data .rela.data.* .rela.gnu.linkonce.d.*)
 .rela.data.rel.local
                0x0000000000022a20       0x18 /usr/lib/gcc/x86_64-linux-gnu/5/../../../x86_64-linux-gnu/crti.o
 *(.rela.tdata .rela.tdata.* .rela.gnu.linkonce.td.*)
 *(.rela.tbss .rela.tbss.* .rela.gnu.linkonce.tb.*)
 *(.rela.ctors)
 *(.rela.dtors)
 *(.rela.got)
 .rela.got      0x0000000000022a38       0x78 /usr/lib/gcc/x86_64-linux-gnu/5/../../../x86_64-linux-gnu/crti.o
 *(.rela.bss .rela.bss.* .rela.gnu.linkonce.b.*)
 *(.rela.ldata .rela.ldata.* .rela.gnu.linkonce.l.*)
 *(.rela.lbss .rela.lbss.* .rela.gnu.linkonce.lb.*)
 *(.rela.lrodata .rela.lrodata.* .rela.gnu.linkonce.lr.*)
 *(.rela.ifunc)
 .rela.ifunc    0x0000000000022ab0        0x0 /usr/lib/gcc/x86_64-linux-gnu/5/../../../x86_64-linux-gnu/crti.o
 .rela.fini_array
                0x0000000000022ab0       0x18 /usr/lib/gcc/x86_64-linux-gnu/5/../../../x86_64-linux-gnu/crti.o
 .rela.init_array
                0x0000000000022ac8       0x18 /usr/lib/gcc/x86_64-linux-gnu/5/../../../x86_64-linux-gnu/crti.o

.rela.plt       0x0000000000022ae0      0x378
 *(.rela.plt)
 .rela.plt      0x0000000000022ae0      0x378 /usr/lib/gcc/x86_64-linux-gnu/5/../../../x86_64-linux-gnu/crti.o
 *(.rela.iplt)

.init           0x0000000000022e58       0x1a
 *(SORT(.init))
 .init          0x0000000000022e58       0x15 /usr/lib/gcc/x86_64-linux-gnu/5/../../../x86_64-linux-gnu/crti.o
                0x0000000000022e58                _init
 .init          0x0000000000022e6d        0x5 /usr/lib/gcc/x86_64-linux-gnu/5/../../../x86_64-linux-gnu/crtn.o

.plt            0x0000000000022e80      0x260
 *(.plt)
 .plt           0x0000000000022e80      0x260 /usr/lib/gcc/x86_64-linux-gnu/5/../../../x86_64-linux-gnu/crti.o
 *(.iplt)

.plt.got        0x00000000000230e0       0x10
 *(.plt.got)
 .plt.got       0x00000000000230e0       0x10 /usr/lib/gcc/x86_64-linux-gnu/5/../../../x86_64-linux-gnu/crti.o

.plt.bnd
 *(.plt.bnd)

.text           0x00000000000230f0    0x461a3
 *(.text.unlikely .text.*_unlikely .text.unlikely.*)
 *(.text.exit .text.exit.*)
 *(.text.startup .text.startup.*)
 *(.text.hot .text.hot.*)
 *(.text .stub .text.* .gnu.linkonce.t.*)
 .text          0x00000000000230f0      0x100 /usr/lib/gcc/x86_64-linux-gnu/5/crtbeginS.o
 .text.ARCOMMANDS_Generator_GenerateGenericDefault
                0x00000000000231f0       0x7a /home/dima/ROS_Projects/miniardrone_ws/devel/arsdk/out/arsdk-native/build/libARCommands/obj/gen/Sources/ARCOMMANDS_Generator.c.o
                0x00000000000231f0                ARCOMMANDS_Generator_GenerateGenericDefault
 *fill*         0x000000000002326a        0x6 
 .text.ARCOMMANDS_Generator_GenerateARDrone3PilotingFlatTrim
                0x0000000000023270       0x7a /home/dima/ROS_Projects/miniardrone_ws/devel/arsdk/out/arsdk-native/build/libARCommands/obj/gen/Sources/ARCOMMANDS_Generator.c.o
                0x0000000000023270                ARCOMMANDS_Generator_GenerateARDrone3PilotingFlatTrim
 *fill*         0x00000000000232ea        0x6 
 .text.ARCOMMANDS_Generator_GenerateARDrone3PilotingTakeOff
                0x00000000000232f0       0x7a /home/dima/ROS_Projects/miniardrone_ws/devel/arsdk/out/arsdk-native/build/libARCommands/obj/gen/Sources/ARCOMMANDS_Generator.c.o
                0x00000000000232f0                ARCOMMANDS_Generator_GenerateARDrone3PilotingTakeOff
 *fill*         0x000000000002336a        0x6 
 .text.ARCOMMANDS_Generator_GenerateARDrone3PilotingPCMD
                0x0000000000023370      0x154 /home/dima/ROS_Projects/miniardrone_ws/devel/arsdk/out/arsdk-native/build/libARCommands/obj/gen/Sources/ARCOMMANDS_Generator.c.o
                0x0000000000023370                ARCOMMANDS_Generator_GenerateARDrone3PilotingPCMD
 *fill*         0x00000000000234c4        0xc 
 .text.ARCOMMANDS_Generator_GenerateARDrone3PilotingLanding
                0x00000000000234d0       0x7a /home/dima/ROS_Projects/miniardrone_ws/devel/arsdk/out/arsdk-native/build/libARCommands/obj/gen/Sources/ARCOMMANDS_Generator.c.o
                0x00000000000234d0                ARCOMMANDS_Generator_GenerateARDrone3PilotingLanding
 *fill*         0x000000000002354a        0x6 
 .text.ARCOMMANDS_Generator_GenerateARDrone3PilotingEmergency
                0x0000000000023550       0x7a /home/dima/ROS_Projects/miniardrone_ws/devel/arsdk/out/arsdk-native/build/libARCommands/obj/gen/Sources/ARCOMMANDS_Generator.c.o
                0x0000000000023550                ARCOMMANDS_Generator_GenerateARDrone3PilotingEmergency
 *fill*         0x00000000000235ca        0x6 
 .text.ARCOMMANDS_Generator_GenerateARDrone3PilotingNavigateHome
                0x00000000000235d0       0xb0 /home/dima/ROS_Projects/miniardrone_ws/devel/arsdk/out/arsdk-native/build/libARCommands/obj/gen/Sources/ARCOMMANDS_Generator.c.o
                0x00000000000235d0                ARCOMMANDS_Generator_GenerateARDrone3PilotingNavigateHome
 .text.ARCOMMANDS_Generator_GenerateARDrone3PilotingAutoTakeOffMode
                0x0000000000023680       0xb0 /home/dima/ROS_Projects/miniardrone_ws/devel/arsdk/out/arsdk-native/build/libARCommands/obj/gen/Sources/ARCOMMANDS_Generator.c.o
                0x0000000000023680                ARCOMMANDS_Generator_GenerateARDrone3PilotingAutoTakeOffMode
 .text.ARCOMMANDS_Generator_GenerateARDrone3PilotingMoveBy
                0x0000000000023730      0x10e /home/dima/ROS_Projects/miniardrone_ws/devel/arsdk/out/arsdk-native/build/libARCommands/obj/gen/Sources/ARCOMMANDS_Generator.c.o
                0x0000000000023730                ARCOMMANDS_Generator_GenerateARDrone3PilotingMoveBy
 *fill*         0x000000000002383e        0x2 
 .text.ARCOMMANDS_Generator_GenerateARDrone3PilotingUserTakeOff
                0x0000000000023840       0xb0 /home/dima/ROS_Projects/miniardrone_ws/devel/arsdk/out/arsdk-native/build/libARCommands/obj/gen/Sources/ARCOMMANDS_Generator.c.o
                0x0000000000023840                ARCOMMANDS_Generator_GenerateARDrone3PilotingUserTakeOff
 .text.ARCOMMANDS_Generator_GenerateARDrone3PilotingCircle
                0x00000000000238f0       0xb0 /home/dima/ROS_Projects/miniardrone_ws/devel/arsdk/out/arsdk-native/build/libARCommands/obj/gen/Sources/ARCOMMANDS_Generator.c.o
                0x00000000000238f0                ARCOMMANDS_Generator_GenerateARDrone3PilotingCircle
 .text.ARCOMMANDS_Generator_GenerateARDrone3AnimationsFlip
                0x00000000000239a0       0xb0 /home/dima/ROS_Projects/miniardrone_ws/devel/arsdk/out/arsdk-native/build/libARCommands/obj/gen/Sources/ARCOMMANDS_Generator.c.o
                0x00000000000239a0                ARCOMMANDS_Generator_GenerateARDrone3AnimationsFlip
 .text.ARCOMMANDS_Generator_GenerateARDrone3CameraOrientation
                0x0000000000023a50       0xbe /home/dima/ROS_Projects/miniardrone_ws/devel/arsdk/out/arsdk-native/build/libARCommands/obj/gen/Sources/ARCOMMANDS_Generator.c.o
                0x0000000000023a50                ARCOMMANDS_Generator_GenerateARDrone3CameraOrientation
 *fill*         0x0000000000023b0e        0x2 
 .text.ARCOMMANDS_Generator_GenerateARDrone3MediaRecordPicture
                0x0000000000023b10       0xb0 /home/dima/ROS_Projects/miniardrone_ws/devel/arsdk/out/arsdk-native/build/libARCommands/obj/gen/Sources/ARCOMMANDS_Generator.c.o
                0x0000000000023b10                ARCOMMANDS_Generator_GenerateARDrone3MediaRecordPicture
 .text.ARCOMMANDS_Generator_GenerateARDrone3MediaRecordVideo
                0x0000000000023bc0       0xbe /home/dima/ROS_Projects/miniardrone_ws/devel/arsdk/out/arsdk-native/build/libARCommands/obj/gen/Sources/ARCOMMANDS_Generator.c.o
                0x0000000000023bc0                ARCOMMANDS_Generator_GenerateARDrone3MediaRecordVideo
 *fill*         0x0000000000023c7e        0x2 
 .text.ARCOMMANDS_Generator_GenerateARDrone3MediaRecordPictureV2
                0x0000000000023c80       0x7a /home/dima/ROS_Projects/miniardrone_ws/devel/arsdk/out/arsdk-native/build/libARCommands/obj/gen/Sources/ARCOMMANDS_Generator.c.o
                0x0000000000023c80                ARCOMMANDS_Generator_GenerateARDrone3MediaRecordPictureV2
 *fill*         0x0000000000023cfa        0x6 
 .text.ARCOMMANDS_Generator_GenerateARDrone3MediaRecordVideoV2
                0x0000000000023d00       0xb0 /home/dima/ROS_Projects/miniardrone_ws/devel/arsdk/out/arsdk-native/build/libARCommands/obj/gen/Sources/ARCOMMANDS_Generator.c.o
                0x0000000000023d00                ARCOMMANDS_Generator_GenerateARDrone3MediaRecordVideoV2
 .text.ARCOMMANDS_Generator_GenerateARDrone3NetworkWifiScan
                0x0000000000023db0       0xb0 /home/dima/ROS_Projects/miniardrone_ws/devel/arsdk/out/arsdk-native/build/libARCommands/obj/gen/Sources/ARCOMMANDS_Generator.c.o
                0x0000000000023db0                ARCOMMANDS_Generator_GenerateARDrone3NetworkWifiScan
 .text.ARCOMMANDS_Generator_GenerateARDrone3NetworkWifiAuthChannel
                0x0000000000023e60       0x7a /home/dima/ROS_Projects/miniardrone_ws/devel/arsdk/out/arsdk-native/build/libARCommands/obj/gen/Sources/ARCOMMANDS_Generator.c.o
                0x0000000000023e60                ARCOMMANDS_Generator_GenerateARDrone3NetworkWifiAuthChannel
 *fill*         0x0000000000023eda        0x6 
 .text.ARCOMMANDS_Generator_GenerateARDrone3PilotingSettingsMaxAltitude
                0x0000000000023ee0       0xae /home/dima/ROS_Projects/miniardrone_ws/devel/arsdk/out/arsdk-native/build/libARCommands/obj/gen/Sources/ARCOMMANDS_Generator.c.o
                0x0000000000023ee0                ARCOMMANDS_Generator_GenerateARDrone3PilotingSettingsMaxAltitude
 *fill*         0x0000000000023f8e        0x2 
 .text.ARCOMMANDS_Generator_GenerateARDrone3PilotingSettingsMaxTilt
                0x0000000000023f90       0xae /home/dima/ROS_Projects/miniardrone_ws/devel/arsdk/out/arsdk-native/build/libARCommands/obj/gen/Sources/ARCOMMANDS_Generator.c.o
                0x0000000000023f90                ARCOMMANDS_Generator_GenerateARDrone3PilotingSettingsMaxTilt
 *fill*         0x000000000002403e        0x2 
 .text.ARCOMMANDS_Generator_GenerateARDrone3PilotingSettingsAbsolutControl
                0x0000000000024040       0xb0 /home/dima/ROS_Projects/miniardrone_ws/devel/arsdk/out/arsdk-native/build/libARCommands/obj/gen/Sources/ARCOMMANDS_Generator.c.o
                0x0000000000024040                ARCOMMANDS_Generator_GenerateARDrone3PilotingSettingsAbsolutControl
 .text.ARCOMMANDS_Generator_GenerateARDrone3PilotingSettingsMaxDistance
                0x00000000000240f0       0xae /home/dima/ROS_Projects/miniardrone_ws/devel/arsdk/out/arsdk-native/build/libARCommands/obj/gen/Sources/ARCOMMANDS_Generator.c.o
                0x00000000000240f0                ARCOMMANDS_Generator_GenerateARDrone3PilotingSettingsMaxDistance
 *fill*         0x000000000002419e        0x2 
 .text.ARCOMMANDS_Generator_GenerateARDrone3PilotingSettingsNoFlyOverMaxDistance
                0x00000000000241a0       0xb0 /home/dima/ROS_Projects/miniardrone_ws/devel/arsdk/out/arsdk-native/build/libARCommands/obj/gen/Sources/ARCOMMANDS_Generator.c.o
                0x00000000000241a0                ARCOMMANDS_Generator_GenerateARDrone3PilotingSettingsNoFlyOverMaxDistance
 .text.ARCOMMANDS_Generator_GenerateARDrone3PilotingSettingsSetAutonomousFlightMaxHorizontalSpeed
                0x0000000000024250       0xae /home/dima/ROS_Projects/miniardrone_ws/devel/arsdk/out/arsdk-native/build/libARCommands/obj/gen/Sources/ARCOMMANDS_Generator.c.o
                0x0000000000024250                ARCOMMANDS_Generator_GenerateARDrone3PilotingSettingsSetAutonomousFlightMaxHorizontalSpeed
 *fill*         0x00000000000242fe        0x2 
 .text.ARCOMMANDS_Generator_GenerateARDrone3PilotingSettingsSetAutonomousFlightMaxVerticalSpeed
                0x0000000000024300       0xae /home/dima/ROS_Projects/miniardrone_ws/devel/arsdk/out/arsdk-native/build/libARCommands/obj/gen/Sources/ARCOMMANDS_Generator.c.o
                0x0000000000024300                ARCOMMANDS_Generator_GenerateARDrone3PilotingSettingsSetAutonomousFlightMaxVerticalSpeed
 *fill*         0x00000000000243ae        0x2 
 .text.ARCOMMANDS_Generator_GenerateARDrone3PilotingSettingsSetAutonomousFlightMaxHorizontalAcceleration
                0x00000000000243b0       0xae /home/dima/ROS_Projects/miniardrone_ws/devel/arsdk/out/arsdk-native/build/libARCommands/obj/gen/Sources/ARCOMMANDS_Generator.c.o
                0x00000000000243b0                ARCOMMANDS_Generator_GenerateARDrone3PilotingSettingsSetAutonomousFlightMaxHorizontalAcceleration
 *fill*         0x000000000002445e        0x2 
 .text.ARCOMMANDS_Generator_GenerateARDrone3PilotingSettingsSetAutonomousFlightMaxVerticalAcceleration
                0x0000000000024460       0xae /home/dima/ROS_Projects/miniardrone_ws/devel/arsdk/out/arsdk-native/build/libARCommands/obj/gen/Sources/ARCOMMANDS_Generator.c.o
                0x0000000000024460                ARCOMMANDS_Generator_GenerateARDrone3PilotingSettingsSetAutonomousFlightMaxVerticalAcceleration
 *fill*         0x000000000002450e        0x2 
 .text.ARCOMMANDS_Generator_GenerateARDrone3PilotingSettingsSetAutonomousFlightMaxRotationSpeed
                0x0000000000024510       0xae /home/dima/ROS_Projects/miniardrone_ws/devel/arsdk/out/arsdk-native/build/libARCommands/obj/gen/Sources/ARCOMMANDS_Generator.c.o
                0x0000000000024510                ARCOMMANDS_Generator_GenerateARDrone3PilotingSettingsSetAutonomousFlightMaxRotationSpeed
 *fill*         0x00000000000245be        0x2 
 .text.ARCOMMANDS_Generator_GenerateARDrone3PilotingSettingsBankedTurn
                0x00000000000245c0       0xb0 /home/dima/ROS_Projects/miniardrone_ws/devel/arsdk/out/arsdk-native/build/libARCommands/obj/gen/Sources/ARCOMMANDS_Generator.c.o
                0x00000000000245c0                ARCOMMANDS_Generator_GenerateARDrone3PilotingSettingsBankedTurn
 .text.ARCOMMANDS_Generator_GenerateARDrone3PilotingSettingsMinAltitude
                0x0000000000024670       0xae /home/dima/ROS_Projects/miniardrone_ws/devel/arsdk/out/arsdk-native/build/libARCommands/obj/gen/Sources/ARCOMMANDS_Generator.c.o
                0x0000000000024670                ARCOMMANDS_Generator_GenerateARDrone3PilotingSettingsMinAltitude
 *fill*         0x000000000002471e        0x2 
 .text.ARCOMMANDS_Generator_GenerateARDrone3PilotingSettingsCirclingDirection
                0x0000000000024720       0xb0 /home/dima/ROS_Projects/miniardrone_ws/devel/arsdk/out/arsdk-native/build/libARCommands/obj/gen/Sources/ARCOMMANDS_Generator.c.o
                0x0000000000024720                ARCOMMANDS_Generator_GenerateARDrone3PilotingSettingsCirclingDirection
 .text.ARCOMMANDS_Generator_GenerateARDrone3PilotingSettingsCirclingRadius
                0x00000000000247d0       0xb0 /home/dima/ROS_Projects/miniardrone_ws/devel/arsdk/out/arsdk-native/build/libARCommands/obj/gen/Sources/ARCOMMANDS_Generator.c.o
                0x00000000000247d0                ARCOMMANDS_Generator_GenerateARDrone3PilotingSettingsCirclingRadius
 .text.ARCOMMANDS_Generator_GenerateARDrone3PilotingSettingsCirclingAltitude
                0x0000000000024880       0xb0 /home/dima/ROS_Projects/miniardrone_ws/devel/arsdk/out/arsdk-native/build/libARCommands/obj/gen/Sources/ARCOMMANDS_Generator.c.o
                0x0000000000024880                ARCOMMANDS_Generator_GenerateARDrone3PilotingSettingsCirclingAltitude
 .text.ARCOMMANDS_Generator_GenerateARDrone3PilotingSettingsPitchMode
                0x0000000000024930       0xb0 /home/dima/ROS_Projects/miniardrone_ws/devel/arsdk/out/arsdk-native/build/libARCommands/obj/gen/Sources/ARCOMMANDS_Generator.c.o
                0x0000000000024930                ARCOMMANDS_Generator_GenerateARDrone3PilotingSettingsPitchMode
 .text.ARCOMMANDS_Generator_GenerateARDrone3PilotingSettingsLandingMode
                0x00000000000249e0       0xb0 /home/dima/ROS_Projects/miniardrone_ws/devel/arsdk/out/arsdk-native/build/libARCommands/obj/gen/Sources/ARCOMMANDS_Generator.c.o
                0x00000000000249e0                ARCOMMANDS_Generator_GenerateARDrone3PilotingSettingsLandingMode
 .text.ARCOMMANDS_Generator_GenerateARDrone3SpeedSettingsMaxVerticalSpeed
                0x0000000000024a90       0xae /home/dima/ROS_Projects/miniardrone_ws/devel/arsdk/out/arsdk-native/build/libARCommands/obj/gen/Sources/ARCOMMANDS_Generator.c.o
                0x0000000000024a90                ARCOMMANDS_Generator_GenerateARDrone3SpeedSettingsMaxVerticalSpeed
 *fill*         0x0000000000024b3e        0x2 
 .text.ARCOMMANDS_Generator_GenerateARDrone3SpeedSettingsMaxRotationSpeed
                0x0000000000024b40       0xae /home/dima/ROS_Projects/miniardrone_ws/devel/arsdk/out/arsdk-native/build/libARCommands/obj/gen/Sources/ARCOMMANDS_Generator.c.o
                0x0000000000024b40                ARCOMMANDS_Generator_GenerateARDrone3SpeedSettingsMaxRotationSpeed
 *fill*         0x0000000000024bee        0x2 
 .text.ARCOMMANDS_Generator_GenerateARDrone3SpeedSettingsHullProtection
                0x0000000000024bf0       0xb0 /home/dima/ROS_Projects/miniardrone_ws/devel/arsdk/out/arsdk-native/build/libARCommands/obj/gen/Sources/ARCOMMANDS_Generator.c.o
                0x0000000000024bf0                ARCOMMANDS_Generator_GenerateARDrone3SpeedSettingsHullProtection
 .text.ARCOMMANDS_Generator_GenerateARDrone3SpeedSettingsOutdoor
                0x0000000000024ca0       0xb0 /home/dima/ROS_Projects/miniardrone_ws/devel/arsdk/out/arsdk-native/build/libARCommands/obj/gen/Sources/ARCOMMANDS_Generator.c.o
                0x0000000000024ca0                ARCOMMANDS_Generator_GenerateARDrone3SpeedSettingsOutdoor
 .text.ARCOMMANDS_Generator_GenerateARDrone3SpeedSettingsMaxPitchRollRotationSpeed
                0x0000000000024d50       0xae /home/dima/ROS_Projects/miniardrone_ws/devel/arsdk/out/arsdk-native/build/libARCommands/obj/gen/Sources/ARCOMMANDS_Generator.c.o
                0x0000000000024d50                ARCOMMANDS_Generator_GenerateARDrone3SpeedSettingsMaxPitchRollRotationSpeed
 *fill*         0x0000000000024dfe        0x2 
 .text.ARCOMMANDS_Generator_GenerateARDrone3NetworkSettingsWifiSelection
                0x0000000000024e00       0xe4 /home/dima/ROS_Projects/miniardrone_ws/devel/arsdk/out/arsdk-native/build/libARCommands/obj/gen/Sources/ARCOMMANDS_Generator.c.o
                0x0000000000024e00                ARCOMMANDS_Generator_GenerateARDrone3NetworkSettingsWifiSelection
 *fill*         0x0000000000024ee4        0xc 
 .text.ARCOMMANDS_Generator_GenerateARDrone3NetworkSettingsWifiSecurity
                0x0000000000024ef0       0xee /home/dima/ROS_Projects/miniardrone_ws/devel/arsdk/out/arsdk-native/build/libARCommands/obj/gen/Sources/ARCOMMANDS_Generator.c.o
                0x0000000000024ef0                ARCOMMANDS_Generator_GenerateARDrone3NetworkSettingsWifiSecurity
 *fill*         0x0000000000024fde        0x2 
 .text.ARCOMMANDS_Generator_GenerateARDrone3PictureSettingsPictureFormatSelection
                0x0000000000024fe0       0xb0 /home/dima/ROS_Projects/miniardrone_ws/devel/arsdk/out/arsdk-native/build/libARCommands/obj/gen/Sources/ARCOMMANDS_Generator.c.o
                0x0000000000024fe0                ARCOMMANDS_Generator_GenerateARDrone3PictureSettingsPictureFormatSelection
 .text.ARCOMMANDS_Generator_GenerateARDrone3PictureSettingsAutoWhiteBalanceSelection
                0x0000000000025090       0xb0 /home/dima/ROS_Projects/miniardrone_ws/devel/arsdk/out/arsdk-native/build/libARCommands/obj/gen/Sources/ARCOMMANDS_Generator.c.o
                0x0000000000025090                ARCOMMANDS_Generator_GenerateARDrone3PictureSettingsAutoWhiteBalanceSelection
 .text.ARCOMMANDS_Generator_GenerateARDrone3PictureSettingsExpositionSelection
                0x0000000000025140       0xae /home/dima/ROS_Projects/miniardrone_ws/devel/arsdk/out/arsdk-native/build/libARCommands/obj/gen/Sources/ARCOMMANDS_Generator.c.o
                0x0000000000025140                ARCOMMANDS_Generator_GenerateARDrone3PictureSettingsExpositionSelection
 *fill*         0x00000000000251ee        0x2 
 .text.ARCOMMANDS_Generator_GenerateARDrone3PictureSettingsSaturationSelection
                0x00000000000251f0       0xae /home/dima/ROS_Projects/miniardrone_ws/devel/arsdk/out/arsdk-native/build/libARCommands/obj/gen/Sources/ARCOMMANDS_Generator.c.o
                0x00000000000251f0                ARCOMMANDS_Generator_GenerateARDrone3PictureSettingsSaturationSelection
 *fill*         0x000000000002529e        0x2 
 .text.ARCOMMANDS_Generator_GenerateARDrone3PictureSettingsTimelapseSelection
                0x00000000000252a0       0xd0 /home/dima/ROS_Projects/miniardrone_ws/devel/arsdk/out/arsdk-native/build/libARCommands/obj/gen/Sources/ARCOMMANDS_Generator.c.o
                0x00000000000252a0                ARCOMMANDS_Generator_GenerateARDrone3PictureSettingsTimelapseSelection
 .text.ARCOMMANDS_Generator_GenerateARDrone3PictureSettingsVideoAutorecordSelection
                0x0000000000025370       0xbe /home/dima/ROS_Projects/miniardrone_ws/devel/arsdk/out/arsdk-native/build/libARCommands/obj/gen/Sources/ARCOMMANDS_Generator.c.o
                0x0000000000025370                ARCOMMANDS_Generator_GenerateARDrone3PictureSettingsVideoAutorecordSelection
 *fill*         0x000000000002542e        0x2 
 .text.ARCOMMANDS_Generator_GenerateARDrone3PictureSettingsVideoStabilizationMode
                0x0000000000025430       0xb0 /home/dima/ROS_Projects/miniardrone_ws/devel/arsdk/out/arsdk-native/build/libARCommands/obj/gen/Sources/ARCOMMANDS_Generator.c.o
                0x0000000000025430                ARCOMMANDS_Generator_GenerateARDrone3PictureSettingsVideoStabilizationMode
 .text.ARCOMMANDS_Generator_GenerateARDrone3MediaStreamingVideoEnable
                0x00000000000254e0       0xb0 /home/dima/ROS_Projects/miniardrone_ws/devel/arsdk/out/arsdk-native/build/libARCommands/obj/gen/Sources/ARCOMMANDS_Generator.c.o
                0x00000000000254e0                ARCOMMANDS_Generator_GenerateARDrone3MediaStreamingVideoEnable
 .text.ARCOMMANDS_Generator_GenerateARDrone3GPSSettingsSetHome
                0x0000000000025590       0xee /home/dima/ROS_Projects/miniardrone_ws/devel/arsdk/out/arsdk-native/build/libARCommands/obj/gen/Sources/ARCOMMANDS_Generator.c.o
                0x0000000000025590                ARCOMMANDS_Generator_GenerateARDrone3GPSSettingsSetHome
 *fill*         0x000000000002567e        0x2 
 .text.ARCOMMANDS_Generator_GenerateARDrone3GPSSettingsResetHome
                0x0000000000025680       0x7a /home/dima/ROS_Projects/miniardrone_ws/devel/arsdk/out/arsdk-native/build/libARCommands/obj/gen/Sources/ARCOMMANDS_Generator.c.o
                0x0000000000025680                ARCOMMANDS_Generator_GenerateARDrone3GPSSettingsResetHome
 *fill*         0x00000000000256fa        0x6 
 .text.ARCOMMANDS_Generator_GenerateARDrone3GPSSettingsSendControllerGPS
                0x0000000000025700      0x12e /home/dima/ROS_Projects/miniardrone_ws/devel/arsdk/out/arsdk-native/build/libARCommands/obj/gen/Sources/ARCOMMANDS_Generator.c.o
                0x0000000000025700                ARCOMMANDS_Generator_GenerateARDrone3GPSSettingsSendControllerGPS
 *fill*         0x000000000002582e        0x2 
 .text.ARCOMMANDS_Generator_GenerateARDrone3GPSSettingsHomeType
                0x0000000000025830       0xb0 /home/dima/ROS_Projects/miniardrone_ws/devel/arsdk/out/arsdk-native/build/libARCommands/obj/gen/Sources/ARCOMMANDS_Generator.c.o
                0x0000000000025830                ARCOMMANDS_Generator_GenerateARDrone3GPSSettingsHomeType
 .text.ARCOMMANDS_Generator_GenerateARDrone3GPSSettingsReturnHomeDelay
                0x00000000000258e0       0xb0 /home/dima/ROS_Projects/miniardrone_ws/devel/arsdk/out/arsdk-native/build/libARCommands/obj/gen/Sources/ARCOMMANDS_Generator.c.o
                0x00000000000258e0                ARCOMMANDS_Generator_GenerateARDrone3GPSSettingsReturnHomeDelay
 .text.ARCOMMANDS_Generator_GenerateARDrone3AntiflickeringElectricFrequency
                0x0000000000025990       0xb0 /home/dima/ROS_Projects/miniardrone_ws/devel/arsdk/out/arsdk-native/build/libARCommands/obj/gen/Sources/ARCOMMANDS_Generator.c.o
                0x0000000000025990                ARCOMMANDS_Generator_GenerateARDrone3AntiflickeringElectricFrequency
 .text.ARCOMMANDS_Generator_GenerateARDrone3AntiflickeringSetMode
                0x0000000000025a40       0xb0 /home/dima/ROS_Projects/miniardrone_ws/devel/arsdk/out/arsdk-native/build/libARCommands/obj/gen/Sources/ARCOMMANDS_Generator.c.o
                0x0000000000025a40                ARCOMMANDS_Generator_GenerateARDrone3AntiflickeringSetMode
 .text.ARCOMMANDS_Generator_GenerateARDrone3MediaRecordStatePictureStateChanged
                0x0000000000025af0       0xbe /home/dima/ROS_Projects/miniardrone_ws/devel/arsdk/out/arsdk-native/build/libARCommands/obj/gen/Sources/ARCOMMANDS_Generator.c.o
                0x0000000000025af0                ARCOMMANDS_Generator_GenerateARDrone3MediaRecordStatePictureStateChanged
 *fill*         0x0000000000025bae        0x2 
 .text.ARCOMMANDS_Generator_GenerateARDrone3MediaRecordStateVideoStateChanged
                0x0000000000025bb0       0xbe /home/dima/ROS_Projects/miniardrone_ws/devel/arsdk/out/arsdk-native/build/libARCommands/obj/gen/Sources/ARCOMMANDS_Generator.c.o
                0x0000000000025bb0                ARCOMMANDS_Generator_GenerateARDrone3MediaRecordStateVideoStateChanged
 *fill*         0x0000000000025c6e        0x2 
 .text.ARCOMMANDS_Generator_GenerateARDrone3MediaRecordStatePictureStateChangedV2
                0x0000000000025c70       0xbe /home/dima/ROS_Projects/miniardrone_ws/devel/arsdk/out/arsdk-native/build/libARCommands/obj/gen/Sources/ARCOMMANDS_Generator.c.o
                0x0000000000025c70                ARCOMMANDS_Generator_GenerateARDrone3MediaRecordStatePictureStateChangedV2
 *fill*         0x0000000000025d2e        0x2 
 .text.ARCOMMANDS_Generator_GenerateARDrone3MediaRecordStateVideoStateChangedV2
                0x0000000000025d30       0xbe /home/dima/ROS_Projects/miniardrone_ws/devel/arsdk/out/arsdk-native/build/libARCommands/obj/gen/Sources/ARCOMMANDS_Generator.c.o
                0x0000000000025d30                ARCOMMANDS_Generator_GenerateARDrone3MediaRecordStateVideoStateChangedV2
 *fill*         0x0000000000025dee        0x2 
 .text.ARCOMMANDS_Generator_GenerateARDrone3MediaRecordEventPictureEventChanged
                0x0000000000025df0       0xbe /home/dima/ROS_Projects/miniardrone_ws/devel/arsdk/out/arsdk-native/build/libARCommands/obj/gen/Sources/ARCOMMANDS_Generator.c.o
                0x0000000000025df0                ARCOMMANDS_Generator_GenerateARDrone3MediaRecordEventPictureEventChanged
 *fill*         0x0000000000025eae        0x2 
 .text.ARCOMMANDS_Generator_GenerateARDrone3MediaRecordEventVideoEventChanged
                0x0000000000025eb0       0xbe /home/dima/ROS_Projects/miniardrone_ws/devel/arsdk/out/arsdk-native/build/libARCommands/obj/gen/Sources/ARCOMMANDS_Generator.c.o
                0x0000000000025eb0                ARCOMMANDS_Generator_GenerateARDrone3MediaRecordEventVideoEventChanged
 *fill*         0x0000000000025f6e        0x2 
 .text.ARCOMMANDS_Generator_GenerateARDrone3PilotingStateFlatTrimChanged
                0x0000000000025f70       0x7a /home/dima/ROS_Projects/miniardrone_ws/devel/arsdk/out/arsdk-native/build/libARCommands/obj/gen/Sources/ARCOMMANDS_Generator.c.o
                0x0000000000025f70                ARCOMMANDS_Generator_GenerateARDrone3PilotingStateFlatTrimChanged
 *fill*         0x0000000000025fea        0x6 
 .text.ARCOMMANDS_Generator_GenerateARDrone3PilotingStateFlyingStateChanged
                0x0000000000025ff0       0xb0 /home/dima/ROS_Projects/miniardrone_ws/devel/arsdk/out/arsdk-native/build/libARCommands/obj/gen/Sources/ARCOMMANDS_Generator.c.o
                0x0000000000025ff0                ARCOMMANDS_Generator_GenerateARDrone3PilotingStateFlyingStateChanged
 .text.ARCOMMANDS_Generator_GenerateARDrone3PilotingStateAlertStateChanged
                0x00000000000260a0       0xb0 /home/dima/ROS_Projects/miniardrone_ws/devel/arsdk/out/arsdk-native/build/libARCommands/obj/gen/Sources/ARCOMMANDS_Generator.c.o
                0x00000000000260a0                ARCOMMANDS_Generator_GenerateARDrone3PilotingStateAlertStateChanged
 .text.ARCOMMANDS_Generator_GenerateARDrone3PilotingStateNavigateHomeStateChanged
                0x0000000000026150       0xbe /home/dima/ROS_Projects/miniardrone_ws/devel/arsdk/out/arsdk-native/build/libARCommands/obj/gen/Sources/ARCOMMANDS_Generator.c.o
                0x0000000000026150                ARCOMMANDS_Generator_GenerateARDrone3PilotingStateNavigateHomeStateChanged
 *fill*         0x000000000002620e        0x2 
 .text.ARCOMMANDS_Generator_GenerateARDrone3PilotingStatePositionChanged
                0x0000000000026210       0xee /home/dima/ROS_Projects/miniardrone_ws/devel/arsdk/out/arsdk-native/build/libARCommands/obj/gen/Sources/ARCOMMANDS_Generator.c.o
                0x0000000000026210                ARCOMMANDS_Generator_GenerateARDrone3PilotingStatePositionChanged
 *fill*         0x00000000000262fe        0x2 
 .text.ARCOMMANDS_Generator_GenerateARDrone3PilotingStateSpeedChanged
                0x0000000000026300       0xee /home/dima/ROS_Projects/miniardrone_ws/devel/arsdk/out/arsdk-native/build/libARCommands/obj/gen/Sources/ARCOMMANDS_Generator.c.o
                0x0000000000026300                ARCOMMANDS_Generator_GenerateARDrone3PilotingStateSpeedChanged
 *fill*         0x00000000000263ee        0x2 
 .text.ARCOMMANDS_Generator_GenerateARDrone3PilotingStateAttitudeChanged
                0x00000000000263f0       0xee /home/dima/ROS_Projects/miniardrone_ws/devel/arsdk/out/arsdk-native/build/libARCommands/obj/gen/Sources/ARCOMMANDS_Generator.c.o
                0x00000000000263f0                ARCOMMANDS_Generator_GenerateARDrone3PilotingStateAttitudeChanged
 *fill*         0x00000000000264de        0x2 
 .text.ARCOMMANDS_Generator_GenerateARDrone3PilotingStateAutoTakeOffModeChanged
                0x00000000000264e0       0xb0 /home/dima/ROS_Projects/miniardrone_ws/devel/arsdk/out/arsdk-native/build/libARCommands/obj/gen/Sources/ARCOMMANDS_Generator.c.o
                0x00000000000264e0                ARCOMMANDS_Generator_GenerateARDrone3PilotingStateAutoTakeOffModeChanged
 .text.ARCOMMANDS_Generator_GenerateARDrone3PilotingStateAltitudeChanged
                0x0000000000026590       0xae /home/dima/ROS_Projects/miniardrone_ws/devel/arsdk/out/arsdk-native/build/libARCommands/obj/gen/Sources/ARCOMMANDS_Generator.c.o
                0x0000000000026590                ARCOMMANDS_Generator_GenerateARDrone3PilotingStateAltitudeChanged
 *fill*         0x000000000002663e        0x2 
 .text.ARCOMMANDS_Generator_GenerateARDrone3PilotingEventMoveByEnd
                0x0000000000026640      0x130 /home/dima/ROS_Projects/miniardrone_ws/devel/arsdk/out/arsdk-native/build/libARCommands/obj/gen/Sources/ARCOMMANDS_Generator.c.o
                0x0000000000026640                ARCOMMANDS_Generator_GenerateARDrone3PilotingEventMoveByEnd
 .text.ARCOMMANDS_Generator_GenerateARDrone3NetworkStateWifiScanListChanged
                0x0000000000026770      0x11c /home/dima/ROS_Projects/miniardrone_ws/devel/arsdk/out/arsdk-native/build/libARCommands/obj/gen/Sources/ARCOMMANDS_Generator.c.o
                0x0000000000026770                ARCOMMANDS_Generator_GenerateARDrone3NetworkStateWifiScanListChanged
 *fill*         0x000000000002688c        0x4 
 .text.ARCOMMANDS_Generator_GenerateARDrone3NetworkStateAllWifiScanChanged
                0x0000000000026890       0x7a /home/dima/ROS_Projects/miniardrone_ws/devel/arsdk/out/arsdk-native/build/libARCommands/obj/gen/Sources/ARCOMMANDS_Generator.c.o
                0x0000000000026890                ARCOMMANDS_Generator_GenerateARDrone3NetworkStateAllWifiScanChanged
 *fill*         0x000000000002690a        0x6 
 .text.ARCOMMANDS_Generator_GenerateARDrone3NetworkStateWifiAuthChannelListChanged
                0x0000000000026910       0xf4 /home/dima/ROS_Projects/miniardrone_ws/devel/arsdk/out/arsdk-native/build/libARCommands/obj/gen/Sources/ARCOMMANDS_Generator.c.o
                0x0000000000026910                ARCOMMANDS_Generator_GenerateARDrone3NetworkStateWifiAuthChannelListChanged
 *fill*         0x0000000000026a04        0xc 
 .text.ARCOMMANDS_Generator_GenerateARDrone3NetworkStateAllWifiAuthChannelChanged
                0x0000000000026a10       0x7a /home/dima/ROS_Projects/miniardrone_ws/devel/arsdk/out/arsdk-native/build/libARCommands/obj/gen/Sources/ARCOMMANDS_Generator.c.o
                0x0000000000026a10                ARCOMMANDS_Generator_GenerateARDrone3NetworkStateAllWifiAuthChannelChanged
 *fill*         0x0000000000026a8a        0x6 
 .text.ARCOMMANDS_Generator_GenerateARDrone3PilotingSettingsStateMaxAltitudeChanged
                0x0000000000026a90       0xee /home/dima/ROS_Projects/miniardrone_ws/devel/arsdk/out/arsdk-native/build/libARCommands/obj/gen/Sources/ARCOMMANDS_Generator.c.o
                0x0000000000026a90                ARCOMMANDS_Generator_GenerateARDrone3PilotingSettingsStateMaxAltitudeChanged
 *fill*         0x0000000000026b7e        0x2 
 .text.ARCOMMANDS_Generator_GenerateARDrone3PilotingSettingsStateMaxTiltChanged
                0x0000000000026b80       0xee /home/dima/ROS_Projects/miniardrone_ws/devel/arsdk/out/arsdk-native/build/libARCommands/obj/gen/Sources/ARCOMMANDS_Generator.c.o
                0x0000000000026b80                ARCOMMANDS_Generator_GenerateARDrone3PilotingSettingsStateMaxTiltChanged
 *fill*         0x0000000000026c6e        0x2 
 .text.ARCOMMANDS_Generator_GenerateARDrone3PilotingSettingsStateAbsolutControlChanged
                0x0000000000026c70       0xb0 /home/dima/ROS_Projects/miniardrone_ws/devel/arsdk/out/arsdk-native/build/libARCommands/obj/gen/Sources/ARCOMMANDS_Generator.c.o
                0x0000000000026c70                ARCOMMANDS_Generator_GenerateARDrone3PilotingSettingsStateAbsolutControlChanged
 .text.ARCOMMANDS_Generator_GenerateARDrone3PilotingSettingsStateMaxDistanceChanged
                0x0000000000026d20       0xee /home/dima/ROS_Projects/miniardrone_ws/devel/arsdk/out/arsdk-native/build/libARCommands/obj/gen/Sources/ARCOMMANDS_Generator.c.o
                0x0000000000026d20                ARCOMMANDS_Generator_GenerateARDrone3PilotingSettingsStateMaxDistanceChanged
 *fill*         0x0000000000026e0e        0x2 
 .text.ARCOMMANDS_Generator_GenerateARDrone3PilotingSettingsStateNoFlyOverMaxDistanceChanged
                0x0000000000026e10       0xb0 /home/dima/ROS_Projects/miniardrone_ws/devel/arsdk/out/arsdk-native/build/libARCommands/obj/gen/Sources/ARCOMMANDS_Generator.c.o
                0x0000000000026e10                ARCOMMANDS_Generator_GenerateARDrone3PilotingSettingsStateNoFlyOverMaxDistanceChanged
 .text.ARCOMMANDS_Generator_GenerateARDrone3PilotingSettingsStateAutonomousFlightMaxHorizontalSpeed
                0x0000000000026ec0       0xae /home/dima/ROS_Projects/miniardrone_ws/devel/arsdk/out/arsdk-native/build/libARCommands/obj/gen/Sources/ARCOMMANDS_Generator.c.o
                0x0000000000026ec0                ARCOMMANDS_Generator_GenerateARDrone3PilotingSettingsStateAutonomousFlightMaxHorizontalSpeed
 *fill*         0x0000000000026f6e        0x2 
 .text.ARCOMMANDS_Generator_GenerateARDrone3PilotingSettingsStateAutonomousFlightMaxVerticalSpeed
                0x0000000000026f70       0xae /home/dima/ROS_Projects/miniardrone_ws/devel/arsdk/out/arsdk-native/build/libARCommands/obj/gen/Sources/ARCOMMANDS_Generator.c.o
                0x0000000000026f70                ARCOMMANDS_Generator_GenerateARDrone3PilotingSettingsStateAutonomousFlightMaxVerticalSpeed
 *fill*         0x000000000002701e        0x2 
 .text.ARCOMMANDS_Generator_GenerateARDrone3PilotingSettingsStateAutonomousFlightMaxHorizontalAcceleration
                0x0000000000027020       0xae /home/dima/ROS_Projects/miniardrone_ws/devel/arsdk/out/arsdk-native/build/libARCommands/obj/gen/Sources/ARCOMMANDS_Generator.c.o
                0x0000000000027020                ARCOMMANDS_Generator_GenerateARDrone3PilotingSettingsStateAutonomousFlightMaxHorizontalAcceleration
 *fill*         0x00000000000270ce        0x2 
 .text.ARCOMMANDS_Generator_GenerateARDrone3PilotingSettingsStateAutonomousFlightMaxVerticalAcceleration
                0x00000000000270d0       0xae /home/dima/ROS_Projects/miniardrone_ws/devel/arsdk/out/arsdk-native/build/libARCommands/obj/gen/Sources/ARCOMMANDS_Generator.c.o
                0x00000000000270d0                ARCOMMANDS_Generator_GenerateARDrone3PilotingSettingsStateAutonomousFlightMaxVerticalAcceleration
 *fill*         0x000000000002717e        0x2 
 .text.ARCOMMANDS_Generator_GenerateARDrone3PilotingSettingsStateAutonomousFlightMaxRotationSpeed
                0x0000000000027180       0xae /home/dima/ROS_Projects/miniardrone_ws/devel/arsdk/out/arsdk-native/build/libARCommands/obj/gen/Sources/ARCOMMANDS_Generator.c.o
                0x0000000000027180                ARCOMMANDS_Generator_GenerateARDrone3PilotingSettingsStateAutonomousFlightMaxRotationSpeed
 *fill*         0x000000000002722e        0x2 
 .text.ARCOMMANDS_Generator_GenerateARDrone3PilotingSettingsStateBankedTurnChanged
                0x0000000000027230       0xb0 /home/dima/ROS_Projects/miniardrone_ws/devel/arsdk/out/arsdk-native/build/libARCommands/obj/gen/Sources/ARCOMMANDS_Generator.c.o
                0x0000000000027230                ARCOMMANDS_Generator_GenerateARDrone3PilotingSettingsStateBankedTurnChanged
 .text.ARCOMMANDS_Generator_GenerateARDrone3PilotingSettingsStateMinAltitudeChanged
                0x00000000000272e0       0xee /home/dima/ROS_Projects/miniardrone_ws/devel/arsdk/out/arsdk-native/build/libARCommands/obj/gen/Sources/ARCOMMANDS_Generator.c.o
                0x00000000000272e0                ARCOMMANDS_Generator_GenerateARDrone3PilotingSettingsStateMinAltitudeChanged
 *fill*         0x00000000000273ce        0x2 
 .text.ARCOMMANDS_Generator_GenerateARDrone3PilotingSettingsStateCirclingDirectionChanged
                0x00000000000273d0       0xb0 /home/dima/ROS_Projects/miniardrone_ws/devel/arsdk/out/arsdk-native/build/libARCommands/obj/gen/Sources/ARCOMMANDS_Generator.c.o
                0x00000000000273d0                ARCOMMANDS_Generator_GenerateARDrone3PilotingSettingsStateCirclingDirectionChanged
 .text.ARCOMMANDS_Generator_GenerateARDrone3PilotingSettingsStateCirclingRadiusChanged
                0x0000000000027480       0xf4 /home/dima/ROS_Projects/miniardrone_ws/devel/arsdk/out/arsdk-native/build/libARCommands/obj/gen/Sources/ARCOMMANDS_Generator.c.o
                0x0000000000027480                ARCOMMANDS_Generator_GenerateARDrone3PilotingSettingsStateCirclingRadiusChanged
 *fill*         0x0000000000027574        0xc 
 .text.ARCOMMANDS_Generator_GenerateARDrone3PilotingSettingsStateCirclingAltitudeChanged
                0x0000000000027580       0xf4 /home/dima/ROS_Projects/miniardrone_ws/devel/arsdk/out/arsdk-native/build/libARCommands/obj/gen/Sources/ARCOMMANDS_Generator.c.o
                0x0000000000027580                ARCOMMANDS_Generator_GenerateARDrone3PilotingSettingsStateCirclingAltitudeChanged
 *fill*         0x0000000000027674        0xc 
 .text.ARCOMMANDS_Generator_GenerateARDrone3PilotingSettingsStatePitchModeChanged
                0x0000000000027680       0xb0 /home/dima/ROS_Projects/miniardrone_ws/devel/arsdk/out/arsdk-native/build/libARCommands/obj/gen/Sources/ARCOMMANDS_Generator.c.o
                0x0000000000027680                ARCOMMANDS_Generator_GenerateARDrone3PilotingSettingsStatePitchModeChanged
 .text.ARCOMMANDS_Generator_GenerateARDrone3PilotingSettingsStateLandingModeChanged
                0x0000000000027730       0xb0 /home/dima/ROS_Projects/miniardrone_ws/devel/arsdk/out/arsdk-native/build/libARCommands/obj/gen/Sources/ARCOMMANDS_Generator.c.o
                0x0000000000027730                ARCOMMANDS_Generator_GenerateARDrone3PilotingSettingsStateLandingModeChanged
 .text.ARCOMMANDS_Generator_GenerateARDrone3SpeedSettingsStateMaxVerticalSpeedChanged
                0x00000000000277e0       0xee /home/dima/ROS_Projects/miniardrone_ws/devel/arsdk/out/arsdk-native/build/libARCommands/obj/gen/Sources/ARCOMMANDS_Generator.c.o
                0x00000000000277e0                ARCOMMANDS_Generator_GenerateARDrone3SpeedSettingsStateMaxVerticalSpeedChanged
 *fill*         0x00000000000278ce        0x2 
 .text.ARCOMMANDS_Generator_GenerateARDrone3SpeedSettingsStateMaxRotationSpeedChanged
                0x00000000000278d0       0xee /home/dima/ROS_Projects/miniardrone_ws/devel/arsdk/out/arsdk-native/build/libARCommands/obj/gen/Sources/ARCOMMANDS_Generator.c.o
                0x00000000000278d0                ARCOMMANDS_Generator_GenerateARDrone3SpeedSettingsStateMaxRotationSpeedChanged
 *fill*         0x00000000000279be        0x2 
 .text.ARCOMMANDS_Generator_GenerateARDrone3SpeedSettingsStateHullProtectionChanged
                0x00000000000279c0       0xb0 /home/dima/ROS_Projects/miniardrone_ws/devel/arsdk/out/arsdk-native/build/libARCommands/obj/gen/Sources/ARCOMMANDS_Generator.c.o
                0x00000000000279c0                ARCOMMANDS_Generator_GenerateARDrone3SpeedSettingsStateHullProtectionChanged
 .text.ARCOMMANDS_Generator_GenerateARDrone3SpeedSettingsStateOutdoorChanged
                0x0000000000027a70       0xb0 /home/dima/ROS_Projects/miniardrone_ws/devel/arsdk/out/arsdk-native/build/libARCommands/obj/gen/Sources/ARCOMMANDS_Generator.c.o
                0x0000000000027a70                ARCOMMANDS_Generator_GenerateARDrone3SpeedSettingsStateOutdoorChanged
 .text.ARCOMMANDS_Generator_GenerateARDrone3SpeedSettingsStateMaxPitchRollRotationSpeedChanged
                0x0000000000027b20       0xee /home/dima/ROS_Projects/miniardrone_ws/devel/arsdk/out/arsdk-native/build/libARCommands/obj/gen/Sources/ARCOMMANDS_Generator.c.o
                0x0000000000027b20                ARCOMMANDS_Generator_GenerateARDrone3SpeedSettingsStateMaxPitchRollRotationSpeedChanged
 *fill*         0x0000000000027c0e        0x2 
 .text.ARCOMMANDS_Generator_GenerateARDrone3NetworkSettingsStateWifiSelectionChanged
                0x0000000000027c10       0xe4 /home/dima/ROS_Projects/miniardrone_ws/devel/arsdk/out/arsdk-native/build/libARCommands/obj/gen/Sources/ARCOMMANDS_Generator.c.o
                0x0000000000027c10                ARCOMMANDS_Generator_GenerateARDrone3NetworkSettingsStateWifiSelectionChanged
 *fill*         0x0000000000027cf4        0xc 
 .text.ARCOMMANDS_Generator_GenerateARDrone3NetworkSettingsStateWifiSecurityChanged
                0x0000000000027d00       0xb0 /home/dima/ROS_Projects/miniardrone_ws/devel/arsdk/out/arsdk-native/build/libARCommands/obj/gen/Sources/ARCOMMANDS_Generator.c.o
                0x0000000000027d00                ARCOMMANDS_Generator_GenerateARDrone3NetworkSettingsStateWifiSecurityChanged
 .text.ARCOMMANDS_Generator_GenerateARDrone3NetworkSettingsStateWifiSecurity
                0x0000000000027db0       0xee /home/dima/ROS_Projects/miniardrone_ws/devel/arsdk/out/arsdk-native/build/libARCommands/obj/gen/Sources/ARCOMMANDS_Generator.c.o
                0x0000000000027db0                ARCOMMANDS_Generator_GenerateARDrone3NetworkSettingsStateWifiSecurity
 *fill*         0x0000000000027e9e        0x2 
 .text.ARCOMMANDS_Generator_GenerateARDrone3SettingsStateProductMotorVersionListChanged
                0x0000000000027ea0      0x127 /home/dima/ROS_Projects/miniardrone_ws/devel/arsdk/out/arsdk-native/build/libARCommands/obj/gen/Sources/ARCOMMANDS_Generator.c.o
                0x0000000000027ea0                ARCOMMANDS_Generator_GenerateARDrone3SettingsStateProductMotorVersionListChanged
 *fill*         0x0000000000027fc7        0x9 
 .text.ARCOMMANDS_Generator_GenerateARDrone3SettingsStateProductGPSVersionChanged
                0x0000000000027fd0       0xce /home/dima/ROS_Projects/miniardrone_ws/devel/arsdk/out/arsdk-native/build/libARCommands/obj/gen/Sources/ARCOMMANDS_Generator.c.o
                0x0000000000027fd0                ARCOMMANDS_Generator_GenerateARDrone3SettingsStateProductGPSVersionChanged
 *fill*         0x000000000002809e        0x2 
 .text.ARCOMMANDS_Generator_GenerateARDrone3SettingsStateMotorErrorStateChanged
                0x00000000000280a0       0xbe /home/dima/ROS_Projects/miniardrone_ws/devel/arsdk/out/arsdk-native/build/libARCommands/obj/gen/Sources/ARCOMMANDS_Generator.c.o
                0x00000000000280a0                ARCOMMANDS_Generator_GenerateARDrone3SettingsStateMotorErrorStateChanged
 *fill*         0x000000000002815e        0x2 
 .text.ARCOMMANDS_Generator_GenerateARDrone3SettingsStateMotorSoftwareVersionChanged
                0x0000000000028160       0xb6 /home/dima/ROS_Projects/miniardrone_ws/devel/arsdk/out/arsdk-native/build/libARCommands/obj/gen/Sources/ARCOMMANDS_Generator.c.o
                0x0000000000028160                ARCOMMANDS_Generator_GenerateARDrone3SettingsStateMotorSoftwareVersionChanged
 *fill*         0x0000000000028216        0xa 
 .text.ARCOMMANDS_Generator_GenerateARDrone3SettingsStateMotorFlightsStatusChanged
                0x0000000000028220       0xe4 /home/dima/ROS_Projects/miniardrone_ws/devel/arsdk/out/arsdk-native/build/libARCommands/obj/gen/Sources/ARCOMMANDS_Generator.c.o
                0x0000000000028220                ARCOMMANDS_Generator_GenerateARDrone3SettingsStateMotorFlightsStatusChanged
 *fill*         0x0000000000028304        0xc 
 .text.ARCOMMANDS_Generator_GenerateARDrone3SettingsStateMotorErrorLastErrorChanged
                0x0000000000028310       0xb0 /home/dima/ROS_Projects/miniardrone_ws/devel/arsdk/out/arsdk-native/build/libARCommands/obj/gen/Sources/ARCOMMANDS_Generator.c.o
                0x0000000000028310                ARCOMMANDS_Generator_GenerateARDrone3SettingsStateMotorErrorLastErrorChanged
 .text.ARCOMMANDS_Generator_GenerateARDrone3SettingsStateP7ID
                0x00000000000283c0       0xb6 /home/dima/ROS_Projects/miniardrone_ws/devel/arsdk/out/arsdk-native/build/libARCommands/obj/gen/Sources/ARCOMMANDS_Generator.c.o
                0x00000000000283c0                ARCOMMANDS_Generator_GenerateARDrone3SettingsStateP7ID
 *fill*         0x0000000000028476        0xa 
 .text.ARCOMMANDS_Generator_GenerateARDrone3PictureSettingsStatePictureFormatChanged
                0x0000000000028480       0xb0 /home/dima/ROS_Projects/miniardrone_ws/devel/arsdk/out/arsdk-native/build/libARCommands/obj/gen/Sources/ARCOMMANDS_Generator.c.o
                0x0000000000028480                ARCOMMANDS_Generator_GenerateARDrone3PictureSettingsStatePictureFormatChanged
 .text.ARCOMMANDS_Generator_GenerateARDrone3PictureSettingsStateAutoWhiteBalanceChanged
                0x0000000000028530       0xb0 /home/dima/ROS_Projects/miniardrone_ws/devel/arsdk/out/arsdk-native/build/libARCommands/obj/gen/Sources/ARCOMMANDS_Generator.c.o
                0x0000000000028530                ARCOMMANDS_Generator_GenerateARDrone3PictureSettingsStateAutoWhiteBalanceChanged
 .text.ARCOMMANDS_Generator_GenerateARDrone3PictureSettingsStateExpositionChanged
                0x00000000000285e0       0xee /home/dima/ROS_Projects/miniardrone_ws/devel/arsdk/out/arsdk-native/build/libARCommands/obj/gen/Sources/ARCOMMANDS_Generator.c.o
                0x00000000000285e0                ARCOMMANDS_Generator_GenerateARDrone3PictureSettingsStateExpositionChanged
 *fill*         0x00000000000286ce        0x2 
 .text.ARCOMMANDS_Generator_GenerateARDrone3PictureSettingsStateSaturationChanged
                0x00000000000286d0       0xee /home/dima/ROS_Projects/miniardrone_ws/devel/arsdk/out/arsdk-native/build/libARCommands/obj/gen/Sources/ARCOMMANDS_Generator.c.o
                0x00000000000286d0                ARCOMMANDS_Generator_GenerateARDrone3PictureSettingsStateSaturationChanged
 *fill*         0x00000000000287be        0x2 
 .text.ARCOMMANDS_Generator_GenerateARDrone3PictureSettingsStateTimelapseChanged
                0x00000000000287c0      0x110 /home/dima/ROS_Projects/miniardrone_ws/devel/arsdk/out/arsdk-native/build/libARCommands/obj/gen/Sources/ARCOMMANDS_Generator.c.o
                0x00000000000287c0                ARCOMMANDS_Generator_GenerateARDrone3PictureSettingsStateTimelapseChanged
 .text.ARCOMMANDS_Generator_GenerateARDrone3PictureSettingsStateVideoAutorecordChanged
                0x00000000000288d0       0xbe /home/dima/ROS_Projects/miniardrone_ws/devel/arsdk/out/arsdk-native/build/libARCommands/obj/gen/Sources/ARCOMMANDS_Generator.c.o
                0x00000000000288d0                ARCOMMANDS_Generator_GenerateARDrone3PictureSettingsStateVideoAutorecordChanged
 *fill*         0x000000000002898e        0x2 
 .text.ARCOMMANDS_Generator_GenerateARDrone3PictureSettingsStateVideoStabilizationModeChanged
                0x0000000000028990       0xb0 /home/dima/ROS_Projects/miniardrone_ws/devel/arsdk/out/arsdk-native/build/libARCommands/obj/gen/Sources/ARCOMMANDS_Generator.c.o
                0x0000000000028990                ARCOMMANDS_Generator_GenerateARDrone3PictureSettingsStateVideoStabilizationModeChanged
 .text.ARCOMMANDS_Generator_GenerateARDrone3MediaStreamingStateVideoEnableChanged
                0x0000000000028a40       0xb0 /home/dima/ROS_Projects/miniardrone_ws/devel/arsdk/out/arsdk-native/build/libARCommands/obj/gen/Sources/ARCOMMANDS_Generator.c.o
                0x0000000000028a40                ARCOMMANDS_Generator_GenerateARDrone3MediaStreamingStateVideoEnableChanged
 .text.ARCOMMANDS_Generator_GenerateARDrone3GPSSettingsStateHomeChanged
                0x0000000000028af0       0xee /home/dima/ROS_Projects/miniardrone_ws/devel/arsdk/out/arsdk-native/build/libARCommands/obj/gen/Sources/ARCOMMANDS_Generator.c.o
                0x0000000000028af0                ARCOMMANDS_Generator_GenerateARDrone3GPSSettingsStateHomeChanged
 *fill*         0x0000000000028bde        0x2 
 .text.ARCOMMANDS_Generator_GenerateARDrone3GPSSettingsStateResetHomeChanged
                0x0000000000028be0       0xee /home/dima/ROS_Projects/miniardrone_ws/devel/arsdk/out/arsdk-native/build/libARCommands/obj/gen/Sources/ARCOMMANDS_Generator.c.o
                0x0000000000028be0                ARCOMMANDS_Generator_GenerateARDrone3GPSSettingsStateResetHomeChanged
 *fill*         0x0000000000028cce        0x2 
 .text.ARCOMMANDS_Generator_GenerateARDrone3GPSSettingsStateGPSFixStateChanged
                0x0000000000028cd0       0xb0 /home/dima/ROS_Projects/miniardrone_ws/devel/arsdk/out/arsdk-native/build/libARCommands/obj/gen/Sources/ARCOMMANDS_Generator.c.o
                0x0000000000028cd0                ARCOMMANDS_Generator_GenerateARDrone3GPSSettingsStateGPSFixStateChanged
 .text.ARCOMMANDS_Generator_GenerateARDrone3GPSSettingsStateGPSUpdateStateChanged
                0x0000000000028d80       0xb0 /home/dima/ROS_Projects/miniardrone_ws/devel/arsdk/out/arsdk-native/build/libARCommands/obj/gen/Sources/ARCOMMANDS_Generator.c.o
                0x0000000000028d80                ARCOMMANDS_Generator_GenerateARDrone3GPSSettingsStateGPSUpdateStateChanged
 .text.ARCOMMANDS_Generator_GenerateARDrone3GPSSettingsStateHomeTypeChanged
                0x0000000000028e30       0xb0 /home/dima/ROS_Projects/miniardrone_ws/devel/arsdk/out/arsdk-native/build/libARCommands/obj/gen/Sources/ARCOMMANDS_Generator.c.o
                0x0000000000028e30                ARCOMMANDS_Generator_GenerateARDrone3GPSSettingsStateHomeTypeChanged
 .text.ARCOMMANDS_Generator_GenerateARDrone3GPSSettingsStateReturnHomeDelayChanged
                0x0000000000028ee0       0xb0 /home/dima/ROS_Projects/miniardrone_ws/devel/arsdk/out/arsdk-native/build/libARCommands/obj/gen/Sources/ARCOMMANDS_Generator.c.o
                0x0000000000028ee0                ARCOMMANDS_Generator_GenerateARDrone3GPSSettingsStateReturnHomeDelayChanged
 .text.ARCOMMANDS_Generator_GenerateARDrone3CameraStateOrientation
                0x0000000000028f90       0xbe /home/dima/ROS_Projects/miniardrone_ws/devel/arsdk/out/arsdk-native/build/libARCommands/obj/gen/Sources/ARCOMMANDS_Generator.c.o
                0x0000000000028f90                ARCOMMANDS_Generator_GenerateARDrone3CameraStateOrientation
 *fill*         0x000000000002904e        0x2 
 .text.ARCOMMANDS_Generator_GenerateARDrone3CameraStateDefaultCameraOrientation
                0x0000000000029050       0xbe /home/dima/ROS_Projects/miniardrone_ws/devel/arsdk/out/arsdk-native/build/libARCommands/obj/gen/Sources/ARCOMMANDS_Generator.c.o
                0x0000000000029050                ARCOMMANDS_Generator_GenerateARDrone3CameraStateDefaultCameraOrientation
 *fill*         0x000000000002910e        0x2 
 .text.ARCOMMANDS_Generator_GenerateARDrone3AntiflickeringStateElectricFrequencyChanged
                0x0000000000029110       0xb0 /home/dima/ROS_Projects/miniardrone_ws/devel/arsdk/out/arsdk-native/build/libARCommands/obj/gen/Sources/ARCOMMANDS_Generator.c.o
                0x0000000000029110                ARCOMMANDS_Generator_GenerateARDrone3AntiflickeringStateElectricFrequencyChanged
 .text.ARCOMMANDS_Generator_GenerateARDrone3AntiflickeringStateModeChanged
                0x00000000000291c0       0xb0 /home/dima/ROS_Projects/miniardrone_ws/devel/arsdk/out/arsdk-native/build/libARCommands/obj/gen/Sources/ARCOMMANDS_Generator.c.o
                0x00000000000291c0                ARCOMMANDS_Generator_GenerateARDrone3AntiflickeringStateModeChanged
 .text.ARCOMMANDS_Generator_GenerateARDrone3GPSStateNumberOfSatelliteChanged
                0x0000000000029270       0xb0 /home/dima/ROS_Projects/miniardrone_ws/devel/arsdk/out/arsdk-native/build/libARCommands/obj/gen/Sources/ARCOMMANDS_Generator.c.o
                0x0000000000029270                ARCOMMANDS_Generator_GenerateARDrone3GPSStateNumberOfSatelliteChanged
 .text.ARCOMMANDS_Generator_GenerateARDrone3GPSStateHomeTypeAvailabilityChanged
                0x0000000000029320       0xbe /home/dima/ROS_Projects/miniardrone_ws/devel/arsdk/out/arsdk-native/build/libARCommands/obj/gen/Sources/ARCOMMANDS_Generator.c.o
                0x0000000000029320                ARCOMMANDS_Generator_GenerateARDrone3GPSStateHomeTypeAvailabilityChanged
 *fill*         0x00000000000293de        0x2 
 .text.ARCOMMANDS_Generator_GenerateARDrone3GPSStateHomeTypeChosenChanged
                0x00000000000293e0       0xb0 /home/dima/ROS_Projects/miniardrone_ws/devel/arsdk/out/arsdk-native/build/libARCommands/obj/gen/Sources/ARCOMMANDS_Generator.c.o
                0x00000000000293e0                ARCOMMANDS_Generator_GenerateARDrone3GPSStateHomeTypeChosenChanged
 .text.ARCOMMANDS_Generator_GenerateARDrone3PROStateFeatures
                0x0000000000029490       0xb0 /home/dima/ROS_Projects/miniardrone_ws/devel/arsdk/out/arsdk-native/build/libARCommands/obj/gen/Sources/ARCOMMANDS_Generator.c.o
                0x0000000000029490                ARCOMMANDS_Generator_GenerateARDrone3PROStateFeatures
 .text.ARCOMMANDS_Generator_GenerateJumpingSumoPilotingPCMD
                0x0000000000029540       0xe4 /home/dima/ROS_Projects/miniardrone_ws/devel/arsdk/out/arsdk-native/build/libARCommands/obj/gen/Sources/ARCOMMANDS_Generator.c.o
                0x0000000000029540                ARCOMMANDS_Generator_GenerateJumpingSumoPilotingPCMD
 *fill*         0x0000000000029624        0xc 
 .text.ARCOMMANDS_Generator_GenerateJumpingSumoPilotingPosture
                0x0000000000029630       0xb0 /home/dima/ROS_Projects/miniardrone_ws/devel/arsdk/out/arsdk-native/build/libARCommands/obj/gen/Sources/ARCOMMANDS_Generator.c.o
                0x0000000000029630                ARCOMMANDS_Generator_GenerateJumpingSumoPilotingPosture
 .text.ARCOMMANDS_Generator_GenerateJumpingSumoPilotingAddCapOffset
                0x00000000000296e0       0xae /home/dima/ROS_Projects/miniardrone_ws/devel/arsdk/out/arsdk-native/build/libARCommands/obj/gen/Sources/ARCOMMANDS_Generator.c.o
                0x00000000000296e0                ARCOMMANDS_Generator_GenerateJumpingSumoPilotingAddCapOffset
 *fill*         0x000000000002978e        0x2 
 .text.ARCOMMANDS_Generator_GenerateJumpingSumoAnimationsJumpStop
                0x0000000000029790       0x7a /home/dima/ROS_Projects/miniardrone_ws/devel/arsdk/out/arsdk-native/build/libARCommands/obj/gen/Sources/ARCOMMANDS_Generator.c.o
                0x0000000000029790                ARCOMMANDS_Generator_GenerateJumpingSumoAnimationsJumpStop
 *fill*         0x000000000002980a        0x6 
 .text.ARCOMMANDS_Generator_GenerateJumpingSumoAnimationsJumpCancel
                0x0000000000029810       0x7a /home/dima/ROS_Projects/miniardrone_ws/devel/arsdk/out/arsdk-native/build/libARCommands/obj/gen/Sources/ARCOMMANDS_Generator.c.o
                0x0000000000029810                ARCOMMANDS_Generator_GenerateJumpingSumoAnimationsJumpCancel
 *fill*         0x000000000002988a        0x6 
 .text.ARCOMMANDS_Generator_GenerateJumpingSumoAnimationsJumpLoad
                0x0000000000029890       0x7a /home/dima/ROS_Projects/miniardrone_ws/devel/arsdk/out/arsdk-native/build/libARCommands/obj/gen/Sources/ARCOMMANDS_Generator.c.o
                0x0000000000029890                ARCOMMANDS_Generator_GenerateJumpingSumoAnimationsJumpLoad
 *fill*         0x000000000002990a        0x6 
 .text.ARCOMMANDS_Generator_GenerateJumpingSumoAnimationsJump
                0x0000000000029910       0xb0 /home/dima/ROS_Projects/miniardrone_ws/devel/arsdk/out/arsdk-native/build/libARCommands/obj/gen/Sources/ARCOMMANDS_Generator.c.o
                0x0000000000029910                ARCOMMANDS_Generator_GenerateJumpingSumoAnimationsJump
 .text.ARCOMMANDS_Generator_GenerateJumpingSumoAnimationsSimpleAnimation
                0x00000000000299c0       0xb0 /home/dima/ROS_Projects/miniardrone_ws/devel/arsdk/out/arsdk-native/build/libARCommands/obj/gen/Sources/ARCOMMANDS_Generator.c.o
                0x00000000000299c0                ARCOMMANDS_Generator_GenerateJumpingSumoAnimationsSimpleAnimation
 .text.ARCOMMANDS_Generator_GenerateJumpingSumoMediaRecordPicture
                0x0000000000029a70       0xb0 /home/dima/ROS_Projects/miniardrone_ws/devel/arsdk/out/arsdk-native/build/libARCommands/obj/gen/Sources/ARCOMMANDS_Generator.c.o
                0x0000000000029a70                ARCOMMANDS_Generator_GenerateJumpingSumoMediaRecordPicture
 .text.ARCOMMANDS_Generator_GenerateJumpingSumoMediaRecordVideo
                0x0000000000029b20       0xbe /home/dima/ROS_Projects/miniardrone_ws/devel/arsdk/out/arsdk-native/build/libARCommands/obj/gen/Sources/ARCOMMANDS_Generator.c.o
                0x0000000000029b20                ARCOMMANDS_Generator_GenerateJumpingSumoMediaRecordVideo
 *fill*         0x0000000000029bde        0x2 
 .text.ARCOMMANDS_Generator_GenerateJumpingSumoMediaRecordPictureV2
                0x0000000000029be0       0x7a /home/dima/ROS_Projects/miniardrone_ws/devel/arsdk/out/arsdk-native/build/libARCommands/obj/gen/Sources/ARCOMMANDS_Generator.c.o
                0x0000000000029be0                ARCOMMANDS_Generator_GenerateJumpingSumoMediaRecordPictureV2
 *fill*         0x0000000000029c5a        0x6 
 .text.ARCOMMANDS_Generator_GenerateJumpingSumoMediaRecordVideoV2
                0x0000000000029c60       0xb0 /home/dima/ROS_Projects/miniardrone_ws/devel/arsdk/out/arsdk-native/build/libARCommands/obj/gen/Sources/ARCOMMANDS_Generator.c.o
                0x0000000000029c60                ARCOMMANDS_Generator_GenerateJumpingSumoMediaRecordVideoV2
 .text.ARCOMMANDS_Generator_GenerateJumpingSumoNetworkSettingsWifiSelection
                0x0000000000029d10       0xe4 /home/dima/ROS_Projects/miniardrone_ws/devel/arsdk/out/arsdk-native/build/libARCommands/obj/gen/Sources/ARCOMMANDS_Generator.c.o
                0x0000000000029d10                ARCOMMANDS_Generator_GenerateJumpingSumoNetworkSettingsWifiSelection
 *fill*         0x0000000000029df4        0xc 
 .text.ARCOMMANDS_Generator_GenerateJumpingSumoNetworkWifiScan
                0x0000000000029e00       0xb0 /home/dima/ROS_Projects/miniardrone_ws/devel/arsdk/out/arsdk-native/build/libARCommands/obj/gen/Sources/ARCOMMANDS_Generator.c.o
                0x0000000000029e00                ARCOMMANDS_Generator_GenerateJumpingSumoNetworkWifiScan
 .text.ARCOMMANDS_Generator_GenerateJumpingSumoNetworkWifiAuthChannel
                0x0000000000029eb0       0x7a /home/dima/ROS_Projects/miniardrone_ws/devel/arsdk/out/arsdk-native/build/libARCommands/obj/gen/Sources/ARCOMMANDS_Generator.c.o
                0x0000000000029eb0                ARCOMMANDS_Generator_GenerateJumpingSumoNetworkWifiAuthChannel
 *fill*         0x0000000000029f2a        0x6 
 .text.ARCOMMANDS_Generator_GenerateJumpingSumoAudioSettingsMasterVolume
                0x0000000000029f30       0xb0 /home/dima/ROS_Projects/miniardrone_ws/devel/arsdk/out/arsdk-native/build/libARCommands/obj/gen/Sources/ARCOMMANDS_Generator.c.o
                0x0000000000029f30                ARCOMMANDS_Generator_GenerateJumpingSumoAudioSettingsMasterVolume
 .text.ARCOMMANDS_Generator_GenerateJumpingSumoAudioSettingsTheme
                0x0000000000029fe0       0xb0 /home/dima/ROS_Projects/miniardrone_ws/devel/arsdk/out/arsdk-native/build/libARCommands/obj/gen/Sources/ARCOMMANDS_Generator.c.o
                0x0000000000029fe0                ARCOMMANDS_Generator_GenerateJumpingSumoAudioSettingsTheme
 .text.ARCOMMANDS_Generator_GenerateJumpingSumoRoadPlanAllScriptsMetadata
                0x000000000002a090       0x7a /home/dima/ROS_Projects/miniardrone_ws/devel/arsdk/out/arsdk-native/build/libARCommands/obj/gen/Sources/ARCOMMANDS_Generator.c.o
                0x000000000002a090                ARCOMMANDS_Generator_GenerateJumpingSumoRoadPlanAllScriptsMetadata
 *fill*         0x000000000002a10a        0x6 
 .text.ARCOMMANDS_Generator_GenerateJumpingSumoRoadPlanScriptUploaded
                0x000000000002a110       0xce /home/dima/ROS_Projects/miniardrone_ws/devel/arsdk/out/arsdk-native/build/libARCommands/obj/gen/Sources/ARCOMMANDS_Generator.c.o
                0x000000000002a110                ARCOMMANDS_Generator_GenerateJumpingSumoRoadPlanScriptUploaded
 *fill*         0x000000000002a1de        0x2 
 .text.ARCOMMANDS_Generator_GenerateJumpingSumoRoadPlanScriptDelete
                0x000000000002a1e0       0xb6 /home/dima/ROS_Projects/miniardrone_ws/devel/arsdk/out/arsdk-native/build/libARCommands/obj/gen/Sources/ARCOMMANDS_Generator.c.o
                0x000000000002a1e0                ARCOMMANDS_Generator_GenerateJumpingSumoRoadPlanScriptDelete
 *fill*         0x000000000002a296        0xa 
 .text.ARCOMMANDS_Generator_GenerateJumpingSumoRoadPlanPlayScript
                0x000000000002a2a0       0xb6 /home/dima/ROS_Projects/miniardrone_ws/devel/arsdk/out/arsdk-native/build/libARCommands/obj/gen/Sources/ARCOMMANDS_Generator.c.o
                0x000000000002a2a0                ARCOMMANDS_Generator_GenerateJumpingSumoRoadPlanPlayScript
 *fill*         0x000000000002a356        0xa 
 .text.ARCOMMANDS_Generator_GenerateJumpingSumoSpeedSettingsOutdoor
                0x000000000002a360       0xb0 /home/dima/ROS_Projects/miniardrone_ws/devel/arsdk/out/arsdk-native/build/libARCommands/obj/gen/Sources/ARCOMMANDS_Generator.c.o
                0x000000000002a360                ARCOMMANDS_Generator_GenerateJumpingSumoSpeedSettingsOutdoor
 .text.ARCOMMANDS_Generator_GenerateJumpingSumoMediaStreamingVideoEnable
                0x000000000002a410       0xb0 /home/dima/ROS_Projects/miniardrone_ws/devel/arsdk/out/arsdk-native/build/libARCommands/obj/gen/Sources/ARCOMMANDS_Generator.c.o
                0x000000000002a410                ARCOMMANDS_Generator_GenerateJumpingSumoMediaStreamingVideoEnable
 .text.ARCOMMANDS_Generator_GenerateJumpingSumoVideoSettingsAutorecord
                0x000000000002a4c0       0xb0 /home/dima/ROS_Projects/miniardrone_ws/devel/arsdk/out/arsdk-native/build/libARCommands/obj/gen/Sources/ARCOMMANDS_Generator.c.o
                0x000000000002a4c0                ARCOMMANDS_Generator_GenerateJumpingSumoVideoSettingsAutorecord
 .text.ARCOMMANDS_Generator_GenerateJumpingSumoPilotingStatePostureChanged
                0x000000000002a570       0xb0 /home/dima/ROS_Projects/miniardrone_ws/devel/arsdk/out/arsdk-native/build/libARCommands/obj/gen/Sources/ARCOMMANDS_Generator.c.o
                0x000000000002a570                ARCOMMANDS_Generator_GenerateJumpingSumoPilotingStatePostureChanged
 .text.ARCOMMANDS_Generator_GenerateJumpingSumoPilotingStateAlertStateChanged
                0x000000000002a620       0xb0 /home/dima/ROS_Projects/miniardrone_ws/devel/arsdk/out/arsdk-native/build/libARCommands/obj/gen/Sources/ARCOMMANDS_Generator.c.o
                0x000000000002a620                ARCOMMANDS_Generator_GenerateJumpingSumoPilotingStateAlertStateChanged
 .text.ARCOMMANDS_Generator_GenerateJumpingSumoPilotingStateSpeedChanged
                0x000000000002a6d0       0xbe /home/dima/ROS_Projects/miniardrone_ws/devel/arsdk/out/arsdk-native/build/libARCommands/obj/gen/Sources/ARCOMMANDS_Generator.c.o
                0x000000000002a6d0                ARCOMMANDS_Generator_GenerateJumpingSumoPilotingStateSpeedChanged
 *fill*         0x000000000002a78e        0x2 
 .text.ARCOMMANDS_Generator_GenerateJumpingSumoAnimationsStateJumpLoadChanged
                0x000000000002a790       0xb0 /home/dima/ROS_Projects/miniardrone_ws/devel/arsdk/out/arsdk-native/build/libARCommands/obj/gen/Sources/ARCOMMANDS_Generator.c.o
                0x000000000002a790                ARCOMMANDS_Generator_GenerateJumpingSumoAnimationsStateJumpLoadChanged
 .text.ARCOMMANDS_Generator_GenerateJumpingSumoAnimationsStateJumpTypeChanged
                0x000000000002a840       0xb0 /home/dima/ROS_Projects/miniardrone_ws/devel/arsdk/out/arsdk-native/build/libARCommands/obj/gen/Sources/ARCOMMANDS_Generator.c.o
                0x000000000002a840                ARCOMMANDS_Generator_GenerateJumpingSumoAnimationsStateJumpTypeChanged
 .text.ARCOMMANDS_Generator_GenerateJumpingSumoAnimationsStateJumpMotorProblemChanged
                0x000000000002a8f0       0xb0 /home/dima/ROS_Projects/miniardrone_ws/devel/arsdk/out/arsdk-native/build/libARCommands/obj/gen/Sources/ARCOMMANDS_Generator.c.o
                0x000000000002a8f0                ARCOMMANDS_Generator_GenerateJumpingSumoAnimationsStateJumpMotorProblemChanged
 .text.ARCOMMANDS_Generator_GenerateJumpingSumoSettingsStateProductGPSVersionChanged
                0x000000000002a9a0       0xce /home/dima/ROS_Projects/miniardrone_ws/devel/arsdk/out/arsdk-native/build/libARCommands/obj/gen/Sources/ARCOMMANDS_Generator.c.o
                0x000000000002a9a0                ARCOMMANDS_Generator_GenerateJumpingSumoSettingsStateProductGPSVersionChanged
 *fill*         0x000000000002aa6e        0x2 
 .text.ARCOMMANDS_Generator_GenerateJumpingSumoMediaRecordStatePictureStateChanged
                0x000000000002aa70       0xbe /home/dima/ROS_Projects/miniardrone_ws/devel/arsdk/out/arsdk-native/build/libARCommands/obj/gen/Sources/ARCOMMANDS_Generator.c.o
                0x000000000002aa70                ARCOMMANDS_Generator_GenerateJumpingSumoMediaRecordStatePictureStateChanged
 *fill*         0x000000000002ab2e        0x2 
 .text.ARCOMMANDS_Generator_GenerateJumpingSumoMediaRecordStateVideoStateChanged
                0x000000000002ab30       0xbe /home/dima/ROS_Projects/miniardrone_ws/devel/arsdk/out/arsdk-native/build/libARCommands/obj/gen/Sources/ARCOMMANDS_Generator.c.o
                0x000000000002ab30                ARCOMMANDS_Generator_GenerateJumpingSumoMediaRecordStateVideoStateChanged
 *fill*         0x000000000002abee        0x2 
 .text.ARCOMMANDS_Generator_GenerateJumpingSumoMediaRecordStatePictureStateChangedV2
                0x000000000002abf0       0xbe /home/dima/ROS_Projects/miniardrone_ws/devel/arsdk/out/arsdk-native/build/libARCommands/obj/gen/Sources/ARCOMMANDS_Generator.c.o
                0x000000000002abf0                ARCOMMANDS_Generator_GenerateJumpingSumoMediaRecordStatePictureStateChangedV2
 *fill*         0x000000000002acae        0x2 
 .text.ARCOMMANDS_Generator_GenerateJumpingSumoMediaRecordStateVideoStateChangedV2
                0x000000000002acb0       0xbe /home/dima/ROS_Projects/miniardrone_ws/devel/arsdk/out/arsdk-native/build/libARCommands/obj/gen/Sources/ARCOMMANDS_Generator.c.o
                0x000000000002acb0                ARCOMMANDS_Generator_GenerateJumpingSumoMediaRecordStateVideoStateChangedV2
 *fill*         0x000000000002ad6e        0x2 
 .text.ARCOMMANDS_Generator_GenerateJumpingSumoMediaRecordEventPictureEventChanged
                0x000000000002ad70       0xbe /home/dima/ROS_Projects/miniardrone_ws/devel/arsdk/out/arsdk-native/build/libARCommands/obj/gen/Sources/ARCOMMANDS_Generator.c.o
                0x000000000002ad70                ARCOMMANDS_Generator_GenerateJumpingSumoMediaRecordEventPictureEventChanged
 *fill*         0x000000000002ae2e        0x2 
 .text.ARCOMMANDS_Generator_GenerateJumpingSumoMediaRecordEventVideoEventChanged
                0x000000000002ae30       0xbe /home/dima/ROS_Projects/miniardrone_ws/devel/arsdk/out/arsdk-native/build/libARCommands/obj/gen/Sources/ARCOMMANDS_Generator.c.o
                0x000000000002ae30                ARCOMMANDS_Generator_GenerateJumpingSumoMediaRecordEventVideoEventChanged
 *fill*         0x000000000002aeee        0x2 
 .text.ARCOMMANDS_Generator_GenerateJumpingSumoNetworkSettingsStateWifiSelectionChanged
                0x000000000002aef0       0xe4 /home/dima/ROS_Projects/miniardrone_ws/devel/arsdk/out/arsdk-native/build/libARCommands/obj/gen/Sources/ARCOMMANDS_Generator.c.o
                0x000000000002aef0                ARCOMMANDS_Generator_GenerateJumpingSumoNetworkSettingsStateWifiSelectionChanged
 *fill*         0x000000000002afd4        0xc 
 .text.ARCOMMANDS_Generator_GenerateJumpingSumoNetworkStateWifiScanListChanged
                0x000000000002afe0      0x11c /home/dima/ROS_Projects/miniardrone_ws/devel/arsdk/out/arsdk-native/build/libARCommands/obj/gen/Sources/ARCOMMANDS_Generator.c.o
                0x000000000002afe0                ARCOMMANDS_Generator_GenerateJumpingSumoNetworkStateWifiScanListChanged
 *fill*         0x000000000002b0fc        0x4 
 .text.ARCOMMANDS_Generator_GenerateJumpingSumoNetworkStateAllWifiScanChanged
                0x000000000002b100       0x7a /home/dima/ROS_Projects/miniardrone_ws/devel/arsdk/out/arsdk-native/build/libARCommands/obj/gen/Sources/ARCOMMANDS_Generator.c.o
                0x000000000002b100                ARCOMMANDS_Generator_GenerateJumpingSumoNetworkStateAllWifiScanChanged
 *fill*         0x000000000002b17a        0x6 
 .text.ARCOMMANDS_Generator_GenerateJumpingSumoNetworkStateWifiAuthChannelListChanged
                0x000000000002b180       0xf4 /home/dima/ROS_Projects/miniardrone_ws/devel/arsdk/out/arsdk-native/build/libARCommands/obj/gen/Sources/ARCOMMANDS_Generator.c.o
                0x000000000002b180                ARCOMMANDS_Generator_GenerateJumpingSumoNetworkStateWifiAuthChannelListChanged
 *fill*         0x000000000002b274        0xc 
 .text.ARCOMMANDS_Generator_GenerateJumpingSumoNetworkStateAllWifiAuthChannelChanged
                0x000000000002b280       0x7a /home/dima/ROS_Projects/miniardrone_ws/devel/arsdk/out/arsdk-native/build/libARCommands/obj/gen/Sources/ARCOMMANDS_Generator.c.o
                0x000000000002b280                ARCOMMANDS_Generator_GenerateJumpingSumoNetworkStateAllWifiAuthChannelChanged
 *fill*         0x000000000002b2fa        0x6 
 .text.ARCOMMANDS_Generator_GenerateJumpingSumoNetworkStateLinkQualityChanged
                0x000000000002b300       0xb0 /home/dima/ROS_Projects/miniardrone_ws/devel/arsdk/out/arsdk-native/build/libARCommands/obj/gen/Sources/ARCOMMANDS_Generator.c.o
                0x000000000002b300                ARCOMMANDS_Generator_GenerateJumpingSumoNetworkStateLinkQualityChanged
 .text.ARCOMMANDS_Generator_GenerateJumpingSumoAudioSettingsStateMasterVolumeChanged
                0x000000000002b3b0       0xb0 /home/dima/ROS_Projects/miniardrone_ws/devel/arsdk/out/arsdk-native/build/libARCommands/obj/gen/Sources/ARCOMMANDS_Generator.c.o
                0x000000000002b3b0                ARCOMMANDS_Generator_GenerateJumpingSumoAudioSettingsStateMasterVolumeChanged
 .text.ARCOMMANDS_Generator_GenerateJumpingSumoAudioSettingsStateThemeChanged
                0x000000000002b460       0xb0 /home/dima/ROS_Projects/miniardrone_ws/devel/arsdk/out/arsdk-native/build/libARCommands/obj/gen/Sources/ARCOMMANDS_Generator.c.o
                0x000000000002b460                ARCOMMANDS_Generator_GenerateJumpingSumoAudioSettingsStateThemeChanged
 .text.ARCOMMANDS_Generator_GenerateJumpingSumoRoadPlanStateScriptMetadataListChanged
                0x000000000002b510      0x147 /home/dima/ROS_Projects/miniardrone_ws/devel/arsdk/out/arsdk-native/build/libARCommands/obj/gen/Sources/ARCOMMANDS_Generator.c.o
                0x000000000002b510                ARCOMMANDS_Generator_GenerateJumpingSumoRoadPlanStateScriptMetadataListChanged
 *fill*         0x000000000002b657        0x9 
 .text.ARCOMMANDS_Generator_GenerateJumpingSumoRoadPlanStateAllScriptsMetadataChanged
                0x000000000002b660       0x7a /home/dima/ROS_Projects/miniardrone_ws/devel/arsdk/out/arsdk-native/build/libARCommands/obj/gen/Sources/ARCOMMANDS_Generator.c.o
                0x000000000002b660                ARCOMMANDS_Generator_GenerateJumpingSumoRoadPlanStateAllScriptsMetadataChanged
 *fill*         0x000000000002b6da        0x6 
 .text.ARCOMMANDS_Generator_GenerateJumpingSumoRoadPlanStateScriptUploadChanged
                0x000000000002b6e0       0xb0 /home/dima/ROS_Projects/miniardrone_ws/devel/arsdk/out/arsdk-native/build/libARCommands/obj/gen/Sources/ARCOMMANDS_Generator.c.o
                0x000000000002b6e0                ARCOMMANDS_Generator_GenerateJumpingSumoRoadPlanStateScriptUploadChanged
 .text.ARCOMMANDS_Generator_GenerateJumpingSumoRoadPlanStateScriptDeleteChanged
                0x000000000002b790       0xb0 /home/dima/ROS_Projects/miniardrone_ws/devel/arsdk/out/arsdk-native/build/libARCommands/obj/gen/Sources/ARCOMMANDS_Generator.c.o
                0x000000000002b790                ARCOMMANDS_Generator_GenerateJumpingSumoRoadPlanStateScriptDeleteChanged
 .text.ARCOMMANDS_Generator_GenerateJumpingSumoRoadPlanStatePlayScriptChanged
                0x000000000002b840       0xb0 /home/dima/ROS_Projects/miniardrone_ws/devel/arsdk/out/arsdk-native/build/libARCommands/obj/gen/Sources/ARCOMMANDS_Generator.c.o
                0x000000000002b840                ARCOMMANDS_Generator_GenerateJumpingSumoRoadPlanStatePlayScriptChanged
 .text.ARCOMMANDS_Generator_GenerateJumpingSumoSpeedSettingsStateOutdoorChanged
                0x000000000002b8f0       0xb0 /home/dima/ROS_Projects/miniardrone_ws/devel/arsdk/out/arsdk-native/build/libARCommands/obj/gen/Sources/ARCOMMANDS_Generator.c.o
                0x000000000002b8f0                ARCOMMANDS_Generator_GenerateJumpingSumoSpeedSettingsStateOutdoorChanged
 .text.ARCOMMANDS_Generator_GenerateJumpingSumoMediaStreamingStateVideoEnableChanged
                0x000000000002b9a0       0xb0 /home/dima/ROS_Projects/miniardrone_ws/devel/arsdk/out/arsdk-native/build/libARCommands/obj/gen/Sources/ARCOMMANDS_Generator.c.o
                0x000000000002b9a0                ARCOMMANDS_Generator_GenerateJumpingSumoMediaStreamingStateVideoEnableChanged
 .text.ARCOMMANDS_Generator_GenerateJumpingSumoVideoSettingsStateAutorecordChanged
                0x000000000002ba50       0xb0 /home/dima/ROS_Projects/miniardrone_ws/devel/arsdk/out/arsdk-native/build/libARCommands/obj/gen/Sources/ARCOMMANDS_Generator.c.o
                0x000000000002ba50                ARCOMMANDS_Generator_GenerateJumpingSumoVideoSettingsStateAutorecordChanged
 .text.ARCOMMANDS_Generator_GenerateMiniDronePilotingFlatTrim
                0x000000000002bb00       0x7a /home/dima/ROS_Projects/miniardrone_ws/devel/arsdk/out/arsdk-native/build/libARCommands/obj/gen/Sources/ARCOMMANDS_Generator.c.o
                0x000000000002bb00                ARCOMMANDS_Generator_GenerateMiniDronePilotingFlatTrim
 *fill*         0x000000000002bb7a        0x6 
 .text.ARCOMMANDS_Generator_GenerateMiniDronePilotingTakeOff
                0x000000000002bb80       0x7a /home/dima/ROS_Projects/miniardrone_ws/devel/arsdk/out/arsdk-native/build/libARCommands/obj/gen/Sources/ARCOMMANDS_Generator.c.o
                0x000000000002bb80                ARCOMMANDS_Generator_GenerateMiniDronePilotingTakeOff
 *fill*         0x000000000002bbfa        0x6 
 .text.ARCOMMANDS_Generator_GenerateMiniDronePilotingPCMD
                0x000000000002bc00      0x154 /home/dima/ROS_Projects/miniardrone_ws/devel/arsdk/out/arsdk-native/build/libARCommands/obj/gen/Sources/ARCOMMANDS_Generator.c.o
                0x000000000002bc00                ARCOMMANDS_Generator_GenerateMiniDronePilotingPCMD
 *fill*         0x000000000002bd54        0xc 
 .text.ARCOMMANDS_Generator_GenerateMiniDronePilotingLanding
                0x000000000002bd60       0x7a /home/dima/ROS_Projects/miniardrone_ws/devel/arsdk/out/arsdk-native/build/libARCommands/obj/gen/Sources/ARCOMMANDS_Generator.c.o
                0x000000000002bd60                ARCOMMANDS_Generator_GenerateMiniDronePilotingLanding
 *fill*         0x000000000002bdda        0x6 
 .text.ARCOMMANDS_Generator_GenerateMiniDronePilotingEmergency
                0x000000000002bde0       0x7a /home/dima/ROS_Projects/miniardrone_ws/devel/arsdk/out/arsdk-native/build/libARCommands/obj/gen/Sources/ARCOMMANDS_Generator.c.o
                0x000000000002bde0                ARCOMMANDS_Generator_GenerateMiniDronePilotingEmergency
 *fill*         0x000000000002be5a        0x6 
 .text.ARCOMMANDS_Generator_GenerateMiniDronePilotingAutoTakeOffMode
                0x000000000002be60       0xb0 /home/dima/ROS_Projects/miniardrone_ws/devel/arsdk/out/arsdk-native/build/libARCommands/obj/gen/Sources/ARCOMMANDS_Generator.c.o
                0x000000000002be60                ARCOMMANDS_Generator_GenerateMiniDronePilotingAutoTakeOffMode
 .text.ARCOMMANDS_Generator_GenerateMiniDroneAnimationsFlip
                0x000000000002bf10       0xb0 /home/dima/ROS_Projects/miniardrone_ws/devel/arsdk/out/arsdk-native/build/libARCommands/obj/gen/Sources/ARCOMMANDS_Generator.c.o
                0x000000000002bf10                ARCOMMANDS_Generator_GenerateMiniDroneAnimationsFlip
 .text.ARCOMMANDS_Generator_GenerateMiniDroneAnimationsCap
                0x000000000002bfc0       0xb0 /home/dima/ROS_Projects/miniardrone_ws/devel/arsdk/out/arsdk-native/build/libARCommands/obj/gen/Sources/ARCOMMANDS_Generator.c.o
                0x000000000002bfc0                ARCOMMANDS_Generator_GenerateMiniDroneAnimationsCap
 .text.ARCOMMANDS_Generator_GenerateMiniDroneMediaRecordPicture
                0x000000000002c070       0xb0 /home/dima/ROS_Projects/miniardrone_ws/devel/arsdk/out/arsdk-native/build/libARCommands/obj/gen/Sources/ARCOMMANDS_Generator.c.o
                0x000000000002c070                ARCOMMANDS_Generator_GenerateMiniDroneMediaRecordPicture
 .text.ARCOMMANDS_Generator_GenerateMiniDroneMediaRecordPictureV2
                0x000000000002c120       0x7a /home/dima/ROS_Projects/miniardrone_ws/devel/arsdk/out/arsdk-native/build/libARCommands/obj/gen/Sources/ARCOMMANDS_Generator.c.o
                0x000000000002c120                ARCOMMANDS_Generator_GenerateMiniDroneMediaRecordPictureV2
 *fill*         0x000000000002c19a        0x6 
 .text.ARCOMMANDS_Generator_GenerateMiniDronePilotingSettingsMaxAltitude
                0x000000000002c1a0       0xae /home/dima/ROS_Projects/miniardrone_ws/devel/arsdk/out/arsdk-native/build/libARCommands/obj/gen/Sources/ARCOMMANDS_Generator.c.o
                0x000000000002c1a0                ARCOMMANDS_Generator_GenerateMiniDronePilotingSettingsMaxAltitude
 *fill*         0x000000000002c24e        0x2 
 .text.ARCOMMANDS_Generator_GenerateMiniDronePilotingSettingsMaxTilt
                0x000000000002c250       0xae /home/dima/ROS_Projects/miniardrone_ws/devel/arsdk/out/arsdk-native/build/libARCommands/obj/gen/Sources/ARCOMMANDS_Generator.c.o
                0x000000000002c250                ARCOMMANDS_Generator_GenerateMiniDronePilotingSettingsMaxTilt
 *fill*         0x000000000002c2fe        0x2 
 .text.ARCOMMANDS_Generator_GenerateMiniDroneSpeedSettingsMaxVerticalSpeed
                0x000000000002c300       0xae /home/dima/ROS_Projects/miniardrone_ws/devel/arsdk/out/arsdk-native/build/libARCommands/obj/gen/Sources/ARCOMMANDS_Generator.c.o
                0x000000000002c300                ARCOMMANDS_Generator_GenerateMiniDroneSpeedSettingsMaxVerticalSpeed
 *fill*         0x000000000002c3ae        0x2 
 .text.ARCOMMANDS_Generator_GenerateMiniDroneSpeedSettingsMaxRotationSpeed
                0x000000000002c3b0       0xae /home/dima/ROS_Projects/miniardrone_ws/devel/arsdk/out/arsdk-native/build/libARCommands/obj/gen/Sources/ARCOMMANDS_Generator.c.o
                0x000000000002c3b0                ARCOMMANDS_Generator_GenerateMiniDroneSpeedSettingsMaxRotationSpeed
 *fill*         0x000000000002c45e        0x2 
 .text.ARCOMMANDS_Generator_GenerateMiniDroneSpeedSettingsWheels
                0x000000000002c460       0xb0 /home/dima/ROS_Projects/miniardrone_ws/devel/arsdk/out/arsdk-native/build/libARCommands/obj/gen/Sources/ARCOMMANDS_Generator.c.o
                0x000000000002c460                ARCOMMANDS_Generator_GenerateMiniDroneSpeedSettingsWheels
 .text.ARCOMMANDS_Generator_GenerateMiniDroneSpeedSettingsMaxHorizontalSpeed
                0x000000000002c510       0xae /home/dima/ROS_Projects/miniardrone_ws/devel/arsdk/out/arsdk-native/build/libARCommands/obj/gen/Sources/ARCOMMANDS_Generator.c.o
                0x000000000002c510                ARCOMMANDS_Generator_GenerateMiniDroneSpeedSettingsMaxHorizontalSpeed
 *fill*         0x000000000002c5be        0x2 
 .text.ARCOMMANDS_Generator_GenerateMiniDroneSettingsCutOutMode
                0x000000000002c5c0       0xb0 /home/dima/ROS_Projects/miniardrone_ws/devel/arsdk/out/arsdk-native/build/libARCommands/obj/gen/Sources/ARCOMMANDS_Generator.c.o
                0x000000000002c5c0                ARCOMMANDS_Generator_GenerateMiniDroneSettingsCutOutMode
 .text.ARCOMMANDS_Generator_GenerateMiniDroneGPSControllerLatitudeForRun
                0x000000000002c670       0xae /home/dima/ROS_Projects/miniardrone_ws/devel/arsdk/out/arsdk-native/build/libARCommands/obj/gen/Sources/ARCOMMANDS_Generator.c.o
                0x000000000002c670                ARCOMMANDS_Generator_GenerateMiniDroneGPSControllerLatitudeForRun
 *fill*         0x000000000002c71e        0x2 
 .text.ARCOMMANDS_Generator_GenerateMiniDroneGPSControllerLongitudeForRun
                0x000000000002c720       0xae /home/dima/ROS_Projects/miniardrone_ws/devel/arsdk/out/arsdk-native/build/libARCommands/obj/gen/Sources/ARCOMMANDS_Generator.c.o
                0x000000000002c720                ARCOMMANDS_Generator_GenerateMiniDroneGPSControllerLongitudeForRun
 *fill*         0x000000000002c7ce        0x2 
 .text.ARCOMMANDS_Generator_GenerateMiniDroneConfigurationControllerType
                0x000000000002c7d0       0xb6 /home/dima/ROS_Projects/miniardrone_ws/devel/arsdk/out/arsdk-native/build/libARCommands/obj/gen/Sources/ARCOMMANDS_Generator.c.o
                0x000000000002c7d0                ARCOMMANDS_Generator_GenerateMiniDroneConfigurationControllerType
 *fill*         0x000000000002c886        0xa 
 .text.ARCOMMANDS_Generator_GenerateMiniDroneConfigurationControllerName
                0x000000000002c890       0xb6 /home/dima/ROS_Projects/miniardrone_ws/devel/arsdk/out/arsdk-native/build/libARCommands/obj/gen/Sources/ARCOMMANDS_Generator.c.o
                0x000000000002c890                ARCOMMANDS_Generator_GenerateMiniDroneConfigurationControllerName
 *fill*         0x000000000002c946        0xa 
 .text.ARCOMMANDS_Generator_GenerateMiniDronePilotingStateFlatTrimChanged
                0x000000000002c950       0x7a /home/dima/ROS_Projects/miniardrone_ws/devel/arsdk/out/arsdk-native/build/libARCommands/obj/gen/Sources/ARCOMMANDS_Generator.c.o
                0x000000000002c950                ARCOMMANDS_Generator_GenerateMiniDronePilotingStateFlatTrimChanged
 *fill*         0x000000000002c9ca        0x6 
 .text.ARCOMMANDS_Generator_GenerateMiniDronePilotingStateFlyingStateChanged
                0x000000000002c9d0       0xb0 /home/dima/ROS_Projects/miniardrone_ws/devel/arsdk/out/arsdk-native/build/libARCommands/obj/gen/Sources/ARCOMMANDS_Generator.c.o
                0x000000000002c9d0                ARCOMMANDS_Generator_GenerateMiniDronePilotingStateFlyingStateChanged
 .text.ARCOMMANDS_Generator_GenerateMiniDronePilotingStateAlertStateChanged
                0x000000000002ca80       0xb0 /home/dima/ROS_Projects/miniardrone_ws/devel/arsdk/out/arsdk-native/build/libARCommands/obj/gen/Sources/ARCOMMANDS_Generator.c.o
                0x000000000002ca80                ARCOMMANDS_Generator_GenerateMiniDronePilotingStateAlertStateChanged
 .text.ARCOMMANDS_Generator_GenerateMiniDronePilotingStateAutoTakeOffModeChanged
                0x000000000002cb30       0xb0 /home/dima/ROS_Projects/miniardrone_ws/devel/arsdk/out/arsdk-native/build/libARCommands/obj/gen/Sources/ARCOMMANDS_Generator.c.o
                0x000000000002cb30                ARCOMMANDS_Generator_GenerateMiniDronePilotingStateAutoTakeOffModeChanged
 .text.ARCOMMANDS_Generator_GenerateMiniDroneMediaRecordStatePictureStateChanged
                0x000000000002cbe0       0xbe /home/dima/ROS_Projects/miniardrone_ws/devel/arsdk/out/arsdk-native/build/libARCommands/obj/gen/Sources/ARCOMMANDS_Generator.c.o
                0x000000000002cbe0                ARCOMMANDS_Generator_GenerateMiniDroneMediaRecordStatePictureStateChanged
 *fill*         0x000000000002cc9e        0x2 
 .text.ARCOMMANDS_Generator_GenerateMiniDroneMediaRecordStatePictureStateChangedV2
                0x000000000002cca0       0xbe /home/dima/ROS_Projects/miniardrone_ws/devel/arsdk/out/arsdk-native/build/libARCommands/obj/gen/Sources/ARCOMMANDS_Generator.c.o
                0x000000000002cca0                ARCOMMANDS_Generator_GenerateMiniDroneMediaRecordStatePictureStateChangedV2
 *fill*         0x000000000002cd5e        0x2 
 .text.ARCOMMANDS_Generator_GenerateMiniDroneMediaRecordEventPictureEventChanged
                0x000000000002cd60       0xbe /home/dima/ROS_Projects/miniardrone_ws/devel/arsdk/out/arsdk-native/build/libARCommands/obj/gen/Sources/ARCOMMANDS_Generator.c.o
                0x000000000002cd60                ARCOMMANDS_Generator_GenerateMiniDroneMediaRecordEventPictureEventChanged
 *fill*         0x000000000002ce1e        0x2 
 .text.ARCOMMANDS_Generator_GenerateMiniDronePilotingSettingsStateMaxAltitudeChanged
                0x000000000002ce20       0xee /home/dima/ROS_Projects/miniardrone_ws/devel/arsdk/out/arsdk-native/build/libARCommands/obj/gen/Sources/ARCOMMANDS_Generator.c.o
                0x000000000002ce20                ARCOMMANDS_Generator_GenerateMiniDronePilotingSettingsStateMaxAltitudeChanged
 *fill*         0x000000000002cf0e        0x2 
 .text.ARCOMMANDS_Generator_GenerateMiniDronePilotingSettingsStateMaxTiltChanged
                0x000000000002cf10       0xee /home/dima/ROS_Projects/miniardrone_ws/devel/arsdk/out/arsdk-native/build/libARCommands/obj/gen/Sources/ARCOMMANDS_Generator.c.o
                0x000000000002cf10                ARCOMMANDS_Generator_GenerateMiniDronePilotingSettingsStateMaxTiltChanged
 *fill*         0x000000000002cffe        0x2 
 .text.ARCOMMANDS_Generator_GenerateMiniDroneSpeedSettingsStateMaxVerticalSpeedChanged
                0x000000000002d000       0xee /home/dima/ROS_Projects/miniardrone_ws/devel/arsdk/out/arsdk-native/build/libARCommands/obj/gen/Sources/ARCOMMANDS_Generator.c.o
                0x000000000002d000                ARCOMMANDS_Generator_GenerateMiniDroneSpeedSettingsStateMaxVerticalSpeedChanged
 *fill*         0x000000000002d0ee        0x2 
 .text.ARCOMMANDS_Generator_GenerateMiniDroneSpeedSettingsStateMaxRotationSpeedChanged
                0x000000000002d0f0       0xee /home/dima/ROS_Projects/miniardrone_ws/devel/arsdk/out/arsdk-native/build/libARCommands/obj/gen/Sources/ARCOMMANDS_Generator.c.o
                0x000000000002d0f0                ARCOMMANDS_Generator_GenerateMiniDroneSpeedSettingsStateMaxRotationSpeedChanged
 *fill*         0x000000000002d1de        0x2 
 .text.ARCOMMANDS_Generator_GenerateMiniDroneSpeedSettingsStateWheelsChanged
                0x000000000002d1e0       0xb0 /home/dima/ROS_Projects/miniardrone_ws/devel/arsdk/out/arsdk-native/build/libARCommands/obj/gen/Sources/ARCOMMANDS_Generator.c.o
                0x000000000002d1e0                ARCOMMANDS_Generator_GenerateMiniDroneSpeedSettingsStateWheelsChanged
 .text.ARCOMMANDS_Generator_GenerateMiniDroneSpeedSettingsStateMaxHorizontalSpeedChanged
                0x000000000002d290       0xee /home/dima/ROS_Projects/miniardrone_ws/devel/arsdk/out/arsdk-native/build/libARCommands/obj/gen/Sources/ARCOMMANDS_Generator.c.o
                0x000000000002d290                ARCOMMANDS_Generator_GenerateMiniDroneSpeedSettingsStateMaxHorizontalSpeedChanged
 *fill*         0x000000000002d37e        0x2 
 .text.ARCOMMANDS_Generator_GenerateMiniDroneSettingsStateProductMotorsVersionChanged
                0x000000000002d380      0x127 /home/dima/ROS_Projects/miniardrone_ws/devel/arsdk/out/arsdk-native/build/libARCommands/obj/gen/Sources/ARCOMMANDS_Generator.c.o
                0x000000000002d380                ARCOMMANDS_Generator_GenerateMiniDroneSettingsStateProductMotorsVersionChanged
 *fill*         0x000000000002d4a7        0x9 
 .text.ARCOMMANDS_Generator_GenerateMiniDroneSettingsStateProductInertialVersionChanged
                0x000000000002d4b0       0xce /home/dima/ROS_Projects/miniardrone_ws/devel/arsdk/out/arsdk-native/build/libARCommands/obj/gen/Sources/ARCOMMANDS_Generator.c.o
                0x000000000002d4b0                ARCOMMANDS_Generator_GenerateMiniDroneSettingsStateProductInertialVersionChanged
 *fill*         0x000000000002d57e        0x2 
 .text.ARCOMMANDS_Generator_GenerateMiniDroneSettingsStateCutOutModeChanged
                0x000000000002d580       0xb0 /home/dima/ROS_Projects/miniardrone_ws/devel/arsdk/out/arsdk-native/build/libARCommands/obj/gen/Sources/ARCOMMANDS_Generator.c.o
                0x000000000002d580                ARCOMMANDS_Generator_GenerateMiniDroneSettingsStateCutOutModeChanged
 .text.ARCOMMANDS_Generator_GenerateMiniDroneFloodControlStateFloodControlChanged
                0x000000000002d630       0xb0 /home/dima/ROS_Projects/miniardrone_ws/devel/arsdk/out/arsdk-native/build/libARCommands/obj/gen/Sources/ARCOMMANDS_Generator.c.o
                0x000000000002d630                ARCOMMANDS_Generator_GenerateMiniDroneFloodControlStateFloodControlChanged
 .text.ARCOMMANDS_Generator_GenerateSkyControllerWifiRequestWifiList